09-06 04:56:50.859  2165  2837 V SettingsProvider: packageValueForCallResult, name = locationPackagePrefixBlacklist, value : Bundle[{_track_generation=android.util.MemoryIntArray@5d, value=, _generation_index=1, _generation=1}]
09-06 04:56:50.868  2165  2176 D PowerManagerService: releaseWakeLockInternal: lock=193533548 [wake:CollectionChimeraSvc], flags=0x0,packageName=com.google.android.gms, total_time=60ms
09-06 04:56:50.881  2165  2176 D PowerManagerService: acquireWakeLockInternal: lock=188948258, flags=0x1, tag="NlpWakeLock", ws=null, uid=10040, pid=2954, packageName=com.google.android.gms
09-06 04:56:50.885  2165  5388 D PowerManagerService: releaseWakeLockInternal: lock=188948258 [NlpWakeLock], flags=0x0,packageName=com.google.android.gms, total_time=3ms
09-06 04:56:50.886  2165  2859 D PowerManagerService: acquireWakeLockInternal: lock=89968051, flags=0x1, tag="GCoreFlp", ws=WorkSource{10040 com.google.android.gms}, uid=10040, pid=2954, packageName=com.google.android.gms
09-06 04:56:50.888  2165  2837 D PowerManagerService: acquireWakeLockInternal: lock=178409328, flags=0x1, tag="GCoreFlp", ws=WorkSource{10040 com.google.android.gms}, uid=10040, pid=2954, packageName=com.google.android.gms
09-06 04:56:50.890  2165  2176 D PowerManagerService: acquireWakeLockInternal: lock=200286953, flags=0x1, tag="GCoreFlp", ws=null, uid=10040, pid=2954, packageName=com.google.android.gms
09-06 04:56:50.893  2165  5388 D PowerManagerService: releaseWakeLockInternal: lock=89968051 [GCoreFlp], flags=0x0,packageName=com.google.android.gms, total_time=7ms
09-06 04:56:50.894  2165  2176 D PowerManagerService: releaseWakeLockInternal: lock=178409328 [GCoreFlp], flags=0x0,packageName=com.google.android.gms, total_time=6ms
09-06 04:56:50.918  2165  2750 D PowerManagerService: releaseWakeLockInternal: lock=200286953 [GCoreFlp], flags=0x0,packageName=com.google.android.gms, total_time=28ms
09-06 04:56:50.923  2165  2176 W AlarmManager: Window length 1152921504606846975ms suspiciously long; limiting to 1 hour
09-06 04:56:50.923  2165  2176 D AlarmManager: setImpl mPackage = com.google.android.gms, type = 2
09-06 04:56:50.923  2165  2176 V AlarmManager: APP set(PendingIntent{9180b6e: PendingIntentRecord{2d84184 com.google.android.gms broadcastIntent}}) : type=3 triggerAtTime=9223372036854775806 win=3600000 tElapsed=9223372036854775806 maxElapsed=-9223372036851175810 interval=0 flags=0x0
09-06 04:56:50.937  2165  2837 D PowerManagerService: releaseWakeLockInternal: lock=208143364 [NlpWakeLock], flags=0x0,packageName=com.google.android.gms, total_time=176ms
09-06 04:56:51.045  2165  2859 W BroadcastQueue: Background execution not allowed: receiving Intent { act=com.tct.mail.ACTION_NOTIFY_DATASET_CHANGED typ=application/email-ls flg=0x10 (has extras) } to com.tcl.email/com.tct.email.provider.WidgetProvider
09-06 04:56:51.046  2165  2165 V JobSchedulerService: validNewProc:  package=com.squareup.cash alive=false restrict=true tempRestrict=false defalutInputMethod=false useInLauncher=false
09-06 04:56:51.046  2165  2165 V JobSchedulerService: validNewProc:  package=com.metropcs.metrozone alive=false restrict=false tempRestrict=false defalutInputMethod=false useInLauncher=false
09-06 04:56:51.047  2165  2165 V JobSchedulerService: validNewProc:  package=com.google.android.apps.photos alive=true restrict=false tempRestrict=false defalutInputMethod=false useInLauncher=false
09-06 04:56:51.048  2165  2235 W BroadcastQueue: Background execution not allowed: receiving Intent { act=com.tct.mail.ACTION_NOTIFY_DATASET_CHANGED typ=application/email-ls flg=0x10 (has extras) } to com.tcl.email/com.tct.email.provider.WidgetProvider
09-06 04:56:51.048  2165  2165 V JobSchedulerService: validNewProc:  package=com.google.android.inputmethod.latin alive=true restrict=false tempRestrict=false defalutInputMethod=true useInLauncher=false
09-06 04:56:51.049  2165  2235 I chatty  : uid=1000(system) ActivityManager expire 6 lines
09-06 04:56:51.049  2165  2235 W BroadcastQueue: Background execution not allowed: receiving Intent { act=com.tct.mail.ACTION_NOTIFY_DATASET_CHANGED typ=application/email-ls flg=0x10 (has extras) } to com.tcl.email/com.tct.email.provider.WidgetProvider
09-06 04:56:51.070  2165  2165 V JobSchedulerService: validNewProc:  package=com.squareup.cash alive=false restrict=true tempRestrict=false defalutInputMethod=false useInLauncher=false
09-06 04:56:51.072  2165  2165 V JobSchedulerService: validNewProc:  package=com.metropcs.metrozone alive=false restrict=false tempRestrict=false defalutInputMethod=false useInLauncher=false
09-06 04:56:51.074  2165  2165 V JobSchedulerService: validNewProc:  package=com.google.android.apps.photos alive=true restrict=false tempRestrict=false defalutInputMethod=false useInLauncher=false
09-06 04:56:51.075  2165  2165 V JobSchedulerService: validNewProc:  package=com.google.android.inputmethod.latin alive=true restrict=false tempRestrict=false defalutInputMethod=true useInLauncher=false
09-06 04:56:51.086  2165  5863 W BroadcastQueue: Permission Denial: broadcasting Intent { act=com.google.android.checkin.CHECKIN_COMPLETE flg=0x1000010 (has extras) } from com.google.android.gms (pid=3281, uid=10040) is not exported from uid 10066 due to receiver com.android.vending/com.google.android.finsky.checkin.CheckinReceiver
09-06 04:56:51.103  2165  2860 W BroadcastQueue: Background execution not allowed: receiving Intent { act=android.intent.action.DROPBOX_ENTRY_ADDED flg=0x10 (has extras) } to com.google.android.gms/.stats.service.DropBoxEntryAddedReceiver
09-06 04:56:51.104  2165  2235 W BroadcastQueue: Background execution not allowed: receiving Intent { act=android.intent.action.DROPBOX_ENTRY_ADDED flg=0x10 (has extras) } to com.google.android.gms/.chimera.GmsIntentOperationService$PersistentTrustedReceiver
09-06 04:56:51.105  2165  2235 W BroadcastQueue: Background execution not allowed: receiving Intent { act=android.intent.action.DROPBOX_ENTRY_ADDED flg=0x10 (has extras) } to com.google.android.gms/.stats.service.DropBoxEntryAddedReceiver
09-06 04:56:51.106  2165  2235 W BroadcastQueue: Background execution not allowed: receiving Intent { act=android.intent.action.DROPBOX_ENTRY_ADDED flg=0x10 (has extras) } to com.google.android.gms/.chimera.GmsIntentOperationService$PersistentTrustedReceiver
09-06 04:56:51.126  2165  2235 I ActivityManager: Start proc 8056:com.tct.weather/u0a138 for broadcast com.tct.weather/.widget.MiniWeatherWidget
09-06 04:56:51.188  2165  5863 D PowerManagerService: acquireWakeLockInternal: lock=202696727, flags=0x1, tag="*gms_scheduler*:internal", ws=WorkSource{10040 com.google.android.gms}, uid=10040, pid=2954, packageName=com.google.android.gms
09-06 04:56:51.198  2165  5863 D AlarmManager: setImpl mPackage = com.google.android.gms, type = 2
09-06 04:56:51.198  2165  5863 V AlarmManager: APP set(PendingIntent{cd3300b: PendingIntentRecord{b87d25f com.google.android.gms broadcastIntent}}) : type=3 triggerAtTime=110505 win=0 tElapsed=114164 maxElapsed=114164 interval=0 flags=0x0
09-06 04:56:51.200  2165  5863 D PowerManagerService: releaseWakeLockInternal: lock=202696727 [*gms_scheduler*:internal], flags=0x0,packageName=com.google.android.gms, total_time=11ms
09-06 04:56:51.327  2165  5863 W ActivityManager: Background start not allowed: service Intent { act=com.google.firebase.INSTANCE_ID_EVENT pkg=com.tct.weather cmp=com.tct.weather/com.tcl.mibc.library.push.fcmwrapper.FirebaseInstanceIdServiceWrapper (has extras) } to com.tct.weather/com.tcl.mibc.library.push.fcmwrapper.FirebaseInstanceIdServiceWrapper from pid=8056 uid=10138 pkg=com.tct.weather
09-06 04:56:51.402  2165  2837 V AlarmManager: APP set(PendingIntent{f4b0df5: PendingIntentRecord{d2a424e com.tct.weather broadcastIntent}}) : type=0 triggerAtTime=1599400800000 win=0 tElapsed=7497966 maxElapsed=7497966 interval=0 flags=0x1
09-06 04:56:51.406  2165  2837 V AlarmManager: APP set(PendingIntent{1b3c78a: PendingIntentRecord{770347c com.tct.weather broadcastIntent}}) : type=0 triggerAtTime=1599447600000 win=0 tElapsed=54297966 maxElapsed=54297966 interval=0 flags=0x1
09-06 04:56:51.420  2165  2837 D AlarmManager: setImpl mPackage = com.google.android.gms, type = 2
09-06 04:56:51.420  2165  2837 V AlarmManager: APP set(PendingIntent{f1431fb: PendingIntentRecord{b87d25f com.google.android.gms broadcastIntent}}) : type=3 triggerAtTime=109742 win=0 tElapsed=114386 maxElapsed=114386 interval=0 flags=0x0
09-06 04:56:51.425  2165  2837 D PowerManagerService: acquireWakeLockInternal: lock=202696727, flags=0x1, tag="*gms_scheduler*:internal", ws=WorkSource{10040 com.google.android.gms}, uid=10040, pid=2954, packageName=com.google.android.gms
09-06 04:56:51.432  2165  3585 V AlarmManager: APP set with listener(*job.delay*) : type=2 triggerAtTime=109861 win=0 tElapsed=114396 maxElapsed=114396 interval=0 flags=0x0
09-06 04:56:51.434  2165  3585 V AlarmManager: APP set with listener(*job.deadline*) : type=2 triggerAtTime=141016 win=23712 tElapsed=141016 maxElapsed=164728 interval=0 flags=0x0
09-06 04:56:51.455  2165  2837 D PowerManagerService: acquireWakeLockInternal: lock=210686550, flags=0x1, tag="*gms_scheduler*/com.google.android.gms/.pay.gcmtask.PayGcmTaskService", ws=WorkSource{10040 com.google.android.gms}, uid=10040, pid=2954, packageName=com.google.android.gms
09-06 04:56:51.485  2165  5863 I ActivityManager: Killing 7517:com.google.android.keep/u0a114 (adj 904): empty #13
09-06 04:56:51.489  2165  2165 D PowerManagerService: releaseWakeLockInternal: lock=90787646 [*alarm*], flags=0x0,packageName=android, total_time=46586ms
09-06 04:56:51.525  2165  6270 D PowerManagerService: acquireWakeLockInternal: lock=107801648, flags=0x1, tag="*gms_scheduler*/com.google.android.gms/.pay.gcmtask.PayGcmTaskService", ws=WorkSource{10040 com.google.android.gms}, uid=10040, pid=2954, packageName=com.google.android.gms
09-06 04:56:51.580  2165  5388 D AlarmManager: setImpl mPackage = com.google.android.gms, type = 2
09-06 04:56:51.581  2165  5388 V AlarmManager: APP set(PendingIntent{97760a9: PendingIntentRecord{b87d25f com.google.android.gms broadcastIntent}}) : type=3 triggerAtTime=110724 win=0 tElapsed=114546 maxElapsed=114546 interval=0 flags=0x0
09-06 04:56:51.585  2165  3585 D PowerManagerService: releaseWakeLockInternal: lock=202696727 [*gms_scheduler*:internal], flags=0x0,packageName=com.google.android.gms, total_time=160ms
09-06 04:56:51.597  2165  5388 D PowerManagerService: acquireWakeLockInternal: lock=202696727, flags=0x1, tag="*gms_scheduler*:internal", ws=WorkSource{10040 com.google.android.gms}, uid=10040, pid=2954, packageName=com.google.android.gms
09-06 04:56:51.678  2165  6270 D AlarmManager: setImpl mPackage = com.google.android.gms, type = 2
09-06 04:56:51.678  2165  6270 V AlarmManager: APP set(PendingIntent{2ea65cf: PendingIntentRecord{b87d25f com.google.android.gms broadcastIntent}}) : type=3 triggerAtTime=109746 win=0 tElapsed=114643 maxElapsed=114643 interval=0 flags=0x0
09-06 04:56:51.684  2165  3585 V JobSchedulerService: validNewProc:  package=com.google.android.gm alive=true restrict=false tempRestrict=false defalutInputMethod=false useInLauncher=false
09-06 04:56:51.691  2165  2165 D PowerManagerService: acquireWakeLockInternal: lock=85884166, flags=0x1, tag="*job*/com.google.android.gm/com.android.mail.job.NotifyDatasetChangedJob$NotifyDatasetChangedJobService", ws=WorkSource{10092}, uid=1000, pid=2165, packageName=android
09-06 04:56:51.693  2165  5863 V JobSchedulerService: validNewProc:  package=com.google.android.gm alive=true restrict=false tempRestrict=false defalutInputMethod=false useInLauncher=false
09-06 04:56:51.706  2165  2165 D PowerManagerService: acquireWakeLockInternal: lock=220341982, flags=0x1, tag="*job*/com.google.android.gm/.job.ProviderCreatedJob$ProviderCreatedJobService", ws=WorkSource{10092}, uid=1000, pid=2165, packageName=android
09-06 04:56:51.713  2165  5388 D PowerManagerService: releaseWakeLockInternal: lock=220341982 [*job*/com.google.android.gm/.job.ProviderCreatedJob$ProviderCreatedJobService], flags=0x0,packageName=android, total_time=7ms
09-06 04:56:51.716  2165  2165 V JobSchedulerService: validNewProc:  package=com.squareup.cash alive=false restrict=true tempRestrict=false defalutInputMethod=false useInLauncher=false
09-06 04:56:51.717  2165  2165 V JobSchedulerService: validNewProc:  package=com.metropcs.metrozone alive=false restrict=false tempRestrict=false defalutInputMethod=false useInLauncher=false
09-06 04:56:51.718  2165  2165 V JobSchedulerService: validNewProc:  package=com.google.android.apps.photos alive=true restrict=false tempRestrict=false defalutInputMethod=false useInLauncher=false
09-06 04:56:51.719  2165  2165 V JobSchedulerService: validNewProc:  package=com.google.android.inputmethod.latin alive=true restrict=false tempRestrict=false defalutInputMethod=true useInLauncher=false
09-06 04:56:51.720  2165  2165 V JobSchedulerService: validNewProc:  package=com.google.android.gm alive=true restrict=false tempRestrict=false defalutInputMethod=false useInLauncher=false
09-06 04:56:51.720  2165  3585 D PowerManagerService: releaseWakeLockInternal: lock=85884166 [*job*/com.google.android.gm/com.android.mail.job.NotifyDatasetChangedJob$NotifyDatasetChangedJobService], flags=0x0,packageName=android, total_time=29ms
09-06 04:56:51.727  2165  2165 V JobSchedulerService: validNewProc:  package=com.squareup.cash alive=false restrict=true tempRestrict=false defalutInputMethod=false useInLauncher=false
09-06 04:56:51.728  2165  2165 V JobSchedulerService: validNewProc:  package=com.metropcs.metrozone alive=false restrict=false tempRestrict=false defalutInputMethod=false useInLauncher=false
09-06 04:56:51.729  2165  2165 V JobSchedulerService: validNewProc:  package=com.google.android.apps.photos alive=true restrict=false tempRestrict=false defalutInputMethod=false useInLauncher=false
09-06 04:56:51.730  2165  2165 V JobSchedulerService: validNewProc:  package=com.google.android.inputmethod.latin alive=true restrict=false tempRestrict=false defalutInputMethod=true useInLauncher=false
09-06 04:56:51.750  2165  2165 V JobSchedulerService: validNewProc:  package=com.squareup.cash alive=false restrict=true tempRestrict=false defalutInputMethod=false useInLauncher=false
09-06 04:56:51.750  2165  2165 V JobSchedulerService: validNewProc:  package=com.metropcs.metrozone alive=false restrict=false tempRestrict=false defalutInputMethod=false useInLauncher=false
09-06 04:56:51.751  2165  2165 V JobSchedulerService: validNewProc:  package=com.google.android.apps.photos alive=true restrict=false tempRestrict=false defalutInputMethod=false useInLauncher=false
09-06 04:56:51.752  2165  2165 V JobSchedulerService: validNewProc:  package=com.google.android.inputmethod.latin alive=true restrict=false tempRestrict=false defalutInputMethod=true useInLauncher=false
09-06 04:56:51.769  2165  5388 D AlarmManager: setImpl mPackage = com.google.android.gms, type = 2
09-06 04:56:51.769  2165  5388 V AlarmManager: APP set(PendingIntent{4545c78: PendingIntentRecord{b87d25f com.google.android.gms broadcastIntent}}) : type=3 triggerAtTime=109746 win=0 tElapsed=114734 maxElapsed=114734 interval=0 flags=0x0
09-06 04:56:51.772  2165  5388 D PowerManagerService: releaseWakeLockInternal: lock=202696727 [*gms_scheduler*:internal], flags=0x0,packageName=com.google.android.gms, total_time=175ms
09-06 04:56:51.779  2165  5388 D PowerManagerService: releaseWakeLockInternal: lock=210686550 [*gms_scheduler*/com.google.android.gms/.pay.gcmtask.PayGcmTaskService], flags=0x0,packageName=com.google.android.gms, total_time=324ms
09-06 04:56:51.780  2165  2165 V JobSchedulerService: validNewProc:  package=com.squareup.cash alive=false restrict=true tempRestrict=false defalutInputMethod=false useInLauncher=false
09-06 04:56:51.782  2165  2165 V JobSchedulerService: validNewProc:  package=com.metropcs.metrozone alive=false restrict=false tempRestrict=false defalutInputMethod=false useInLauncher=false
09-06 04:56:51.783  2165  5388 D PowerManagerService: acquireWakeLockInternal: lock=202696727, flags=0x1, tag="*gms_scheduler*:internal", ws=WorkSource{10040 com.google.android.gms}, uid=10040, pid=2954, packageName=com.google.android.gms
09-06 04:56:51.783  2165  2165 V JobSchedulerService: validNewProc:  package=com.google.android.apps.photos alive=true restrict=false tempRestrict=false defalutInputMethod=false useInLauncher=false
09-06 04:56:51.784  2165  2165 V JobSchedulerService: validNewProc:  package=com.google.android.inputmethod.latin alive=true restrict=false tempRestrict=false defalutInputMethod=true useInLauncher=false
09-06 04:56:51.787  2165  3585 D AlarmManager: setImpl mPackage = com.google.android.gms, type = 2
09-06 04:56:51.787  2165  3585 V AlarmManager: APP set(PendingIntent{f3e5f8d: PendingIntentRecord{2b9d542 com.google.android.gms startService}}) : type=3 triggerAtTime=315360109752 win=236520000000 tElapsed=315360109752 maxElapsed=551880109752 interval=0 flags=0x0
09-06 04:56:51.796  2165  2176 V JobSchedulerService: validNewProc:  package=com.google.android.gm alive=true restrict=false tempRestrict=false defalutInputMethod=false useInLauncher=false
09-06 04:56:51.802  2165  2165 D PowerManagerService: acquireWakeLockInternal: lock=265341594, flags=0x1, tag="*job*/com.google.android.gm/com.android.mail.job.NotifyDatasetChangedJob$NotifyDatasetChangedJobService", ws=WorkSource{10092}, uid=1000, pid=2165, packageName=android
09-06 04:56:51.820  2165  5388 D PowerManagerService: releaseWakeLockInternal: lock=265341594 [*job*/com.google.android.gm/com.android.mail.job.NotifyDatasetChangedJob$NotifyDatasetChangedJobService], flags=0x0,packageName=android, total_time=18ms
09-06 04:56:51.824  2165  2165 V JobSchedulerService: validNewProc:  package=com.squareup.cash alive=false restrict=true tempRestrict=false defalutInputMethod=false useInLauncher=false
09-06 04:56:51.825  2165  2165 V JobSchedulerService: validNewProc:  package=com.metropcs.metrozone alive=false restrict=false tempRestrict=false defalutInputMethod=false useInLauncher=false
09-06 04:56:51.826  2165  2165 V JobSchedulerService: validNewProc:  package=com.google.android.apps.photos alive=true restrict=false tempRestrict=false defalutInputMethod=false useInLauncher=false
09-06 04:56:51.827  2165  2165 V JobSchedulerService: validNewProc:  package=com.google.android.inputmethod.latin alive=true restrict=false tempRestrict=false defalutInputMethod=true useInLauncher=false
09-06 04:56:51.878  2165  2176 D AlarmManager: setImpl mPackage = com.google.android.gms, type = 2
09-06 04:56:51.878  2165  2176 V AlarmManager: APP set(PendingIntent{6bd5fcb: PendingIntentRecord{b87d25f com.google.android.gms broadcastIntent}}) : type=3 triggerAtTime=110724 win=0 tElapsed=114843 maxElapsed=114843 interval=0 flags=0x0
09-06 04:56:51.879  2165  2176 D PowerManagerService: releaseWakeLockInternal: lock=202696727 [*gms_scheduler*:internal], flags=0x0,packageName=com.google.android.gms, total_time=96ms
09-06 04:56:51.884  2165  5555 D PowerManagerService: acquireWakeLockInternal: lock=202696727, flags=0x1, tag="*gms_scheduler*:internal", ws=WorkSource{10040 com.google.android.gms}, uid=10040, pid=2954, packageName=com.google.android.gms
09-06 04:56:51.896  2165  2372 D DataShapingService: [openLteDataUpLinkGate] isForce: false
09-06 04:56:51.896  2165  2372 D DataShapingService: Alarm manager openLteDataUpLinkGate: false
09-06 04:56:51.896  2165  2372 I DataShapingService: openLteGateSuccess = false
09-06 04:56:51.896  2165  2372 D AlarmManager: wakeup alarm = Alarm{3d3d3a8 type 2 when 109861 android}; listener package = *job.delay*
09-06 04:56:51.896  2165  2372 D PowerManagerService: acquireWakeLockInternal: lock=90787646, flags=0x1, tag="*alarm*", ws=WorkSource{10040}, uid=1000, pid=2165, packageName=android
09-06 04:56:51.897  2165  2165 V AlarmManager: APP set with listener(*job.delay*) : type=2 triggerAtTime=111759 win=0 tElapsed=114862 maxElapsed=114862 interval=0 flags=0x0
09-06 04:56:51.897  2165  2165 D PowerManagerService: releaseWakeLockInternal: lock=90787646 [*alarm*], flags=0x0,packageName=android, total_time=1ms
09-06 04:56:51.899  2165  2165 V JobSchedulerService: validNewProc:  package=com.squareup.cash alive=false restrict=true tempRestrict=false defalutInputMethod=false useInLauncher=false
09-06 04:56:51.899  2165  2165 V JobSchedulerService: validNewProc:  package=com.metropcs.metrozone alive=false restrict=false tempRestrict=false defalutInputMethod=false useInLauncher=false
09-06 04:56:51.900  2165  2165 V JobSchedulerService: validNewProc:  package=com.google.android.apps.photos alive=true restrict=false tempRestrict=false defalutInputMethod=false useInLauncher=false
09-06 04:56:51.901  2165  2165 V JobSchedulerService: validNewProc:  package=com.google.android.inputmethod.latin alive=true restrict=false tempRestrict=false defalutInputMethod=true useInLauncher=false
09-06 04:56:51.902  2165  2165 V JobSchedulerService: validNewProc:  package=android alive=true restrict=false tempRestrict=false defalutInputMethod=true useInLauncher=false
09-06 04:56:51.903  2165  2165 D PowerManagerService: acquireWakeLockInternal: lock=71314855, flags=0x1, tag="*job*/com.google.android.gms.chromesync/com.google/krsnarecon@gmail.com:android", ws=WorkSource{10040}, uid=1000, pid=2165, packageName=android
09-06 04:56:51.904  2165  2233 D PowerManagerService: acquireWakeLockInternal: lock=68923450, flags=0x1, tag="SyncLoopWakeLock", ws=null, uid=1000, pid=2165, packageName=android
09-06 04:56:51.906  2165  2233 D PowerManagerService: acquireWakeLockInternal: lock=871217, flags=0x1, tag="*sync*/com.google.android.gms.chromesync/com.google/krsnarecon@gmail.com", ws=WorkSource{10040}, uid=1000, pid=2165, packageName=android
09-06 04:56:51.913  2165  2233 D PowerManagerService: releaseWakeLockInternal: lock=68923450 [SyncLoopWakeLock], flags=0x0,packageName=android, total_time=8ms
09-06 04:56:51.918  2165  2233 D PowerManagerService: acquireWakeLockInternal: lock=68923450, flags=0x1, tag="SyncLoopWakeLock", ws=null, uid=1000, pid=2165, packageName=android
09-06 04:56:51.919  2165  2233 D PowerManagerService: releaseWakeLockInternal: lock=68923450 [SyncLoopWakeLock], flags=0x0,packageName=android, total_time=1ms
09-06 04:56:51.951  2165  5388 D AlarmManager: setImpl mPackage = com.google.android.gms, type = 2
09-06 04:56:51.951  2165  5388 V AlarmManager: APP set(PendingIntent{d36fc0: PendingIntentRecord{b87d25f com.google.android.gms broadcastIntent}}) : type=3 triggerAtTime=110724 win=0 tElapsed=114917 maxElapsed=114917 interval=0 flags=0x0
09-06 04:56:51.953  2165  5388 D PowerManagerService: releaseWakeLockInternal: lock=202696727 [*gms_scheduler*:internal], flags=0x0,packageName=com.google.android.gms, total_time=68ms
09-06 04:56:51.956  2165  5388 W ActivityManager: Unable to start service Intent { act=com.google.android.gms.auth.key.retrieval.service.START pkg=com.google.android.gms } U=0: not found
09-06 04:56:51.957  2165  5388 W ActivityManager: Unbind failed: could not find connection for android.os.BinderProxy@49344f9
09-06 04:56:51.978  2165  2233 D PowerManagerService: acquireWakeLockInternal: lock=68923450, flags=0x1, tag="SyncLoopWakeLock", ws=null, uid=1000, pid=2165, packageName=android
09-06 04:56:51.979  2165  2165 D PowerManagerService: releaseWakeLockInternal: lock=71314855 [*job*/com.google.android.gms.chromesync/com.google/krsnarecon@gmail.com:android], flags=0x0,packageName=android, total_time=76ms
09-06 04:56:51.981  2165  2233 D PowerManagerService: releaseWakeLockInternal: lock=871217 [*sync*/com.google.android.gms.chromesync/com.google/krsnarecon@gmail.com], flags=0x0,packageName=android, total_time=75ms
09-06 04:56:51.985  2165  2165 V JobSchedulerService: validNewProc:  package=com.squareup.cash alive=false restrict=true tempRestrict=false defalutInputMethod=false useInLauncher=false
09-06 04:56:51.985  2165  2165 V JobSchedulerService: validNewProc:  package=com.metropcs.metrozone alive=false restrict=false tempRestrict=false defalutInputMethod=false useInLauncher=false
09-06 04:56:51.986  2165  2165 V JobSchedulerService: validNewProc:  package=com.google.android.apps.photos alive=true restrict=false tempRestrict=false defalutInputMethod=false useInLauncher=false
09-06 04:56:51.987  2165  2165 V JobSchedulerService: validNewProc:  package=com.google.android.inputmethod.latin alive=true restrict=false tempRestrict=false defalutInputMethod=true useInLauncher=false
09-06 04:56:52.008  2165  2233 D PowerManagerService: releaseWakeLockInternal: lock=68923450 [SyncLoopWakeLock], flags=0x0,packageName=android, total_time=30ms
09-06 04:56:52.062  2165  5388 D PowerManagerService: acquireWakeLockInternal: lock=202696727, flags=0x1, tag="*gms_scheduler*:internal", ws=WorkSource{10040 com.google.android.gms}, uid=10040, pid=2954, packageName=com.google.android.gms
09-06 04:56:52.090  2165  5388 D AlarmManager: setImpl mPackage = com.google.android.gms, type = 2
09-06 04:56:52.090  2165  5388 V AlarmManager: APP set(PendingIntent{f3a37b5: PendingIntentRecord{b87d25f com.google.android.gms broadcastIntent}}) : type=3 triggerAtTime=110724 win=0 tElapsed=115055 maxElapsed=115055 interval=0 flags=0x0
09-06 04:56:52.091  2165  5555 D PowerManagerService: releaseWakeLockInternal: lock=202696727 [*gms_scheduler*:internal], flags=0x0,packageName=com.google.android.gms, total_time=29ms
09-06 04:56:52.092  2165  2837 D PowerManagerService: acquireWakeLockInternal: lock=202696727, flags=0x1, tag="*gms_scheduler*:internal", ws=WorkSource{10040 com.google.android.gms}, uid=10040, pid=2954, packageName=com.google.android.gms
09-06 04:56:52.121  2165  2176 D AlarmManager: setImpl mPackage = com.google.android.gms, type = 2
09-06 04:56:52.121  2165  2176 V AlarmManager: APP set(PendingIntent{3c10e4a: PendingIntentRecord{b87d25f com.google.android.gms broadcastIntent}}) : type=3 triggerAtTime=110724 win=0 tElapsed=115087 maxElapsed=115087 interval=0 flags=0x0
09-06 04:56:52.123  2165  5388 D PowerManagerService: releaseWakeLockInternal: lock=202696727 [*gms_scheduler*:internal], flags=0x0,packageName=com.google.android.gms, total_time=31ms
09-06 04:56:52.124  2165  2837 D PowerManagerService: acquireWakeLockInternal: lock=202696727, flags=0x1, tag="*gms_scheduler*:internal", ws=WorkSource{10040 com.google.android.gms}, uid=10040, pid=2954, packageName=com.google.android.gms
09-06 04:56:52.142  2165  2176 V SettingsProvider: packageValueForCallResult, name = null, value : Bundle[{_track_generation=android.util.MemoryIntArray@5d, value=null, _generation_index=2, _generation=6}]
09-06 04:56:52.152  2165  2837 D AlarmManager: setImpl mPackage = com.google.android.gms, type = 2
09-06 04:56:52.152  2165  2837 V AlarmManager: APP set(PendingIntent{2c9d1bb: PendingIntentRecord{b87d25f com.google.android.gms broadcastIntent}}) : type=3 triggerAtTime=110724 win=0 tElapsed=115118 maxElapsed=115118 interval=0 flags=0x0
09-06 04:56:52.153  2165  2837 D PowerManagerService: releaseWakeLockInternal: lock=202696727 [*gms_scheduler*:internal], flags=0x0,packageName=com.google.android.gms, total_time=29ms
09-06 04:56:52.159  2165  2837 D PowerManagerService: acquireWakeLockInternal: lock=202696727, flags=0x1, tag="*gms_scheduler*:internal", ws=WorkSource{10040 com.google.android.gms}, uid=10040, pid=2954, packageName=com.google.android.gms
09-06 04:56:52.182  2165  5388 D AlarmManager: setImpl mPackage = com.google.android.gms, type = 2
09-06 04:56:52.182  2165  5388 V AlarmManager: APP set(PendingIntent{f7776d8: PendingIntentRecord{b87d25f com.google.android.gms broadcastIntent}}) : type=3 triggerAtTime=110724 win=0 tElapsed=115148 maxElapsed=115148 interval=0 flags=0x0
09-06 04:56:52.183  2165  5388 D PowerManagerService: releaseWakeLockInternal: lock=202696727 [*gms_scheduler*:internal], flags=0x0,packageName=com.google.android.gms, total_time=24ms
09-06 04:56:52.184  2165  5388 D PowerManagerService: releaseWakeLockInternal: lock=107801648 [*gms_scheduler*/com.google.android.gms/.pay.gcmtask.PayGcmTaskService], flags=0x0,packageName=com.google.android.gms, total_time=659ms
09-06 04:56:52.185  2165  5388 D PowerManagerService: acquireWakeLockInternal: lock=202696727, flags=0x1, tag="*gms_scheduler*:internal", ws=WorkSource{10040 com.google.android.gms}, uid=10040, pid=2954, packageName=com.google.android.gms
09-06 04:56:52.208  2165  5555 D AlarmManager: setImpl mPackage = com.google.android.gms, type = 2
09-06 04:56:52.208  2165  5555 V AlarmManager: APP set(PendingIntent{f239a31: PendingIntentRecord{b87d25f com.google.android.gms broadcastIntent}}) : type=3 triggerAtTime=110724 win=0 tElapsed=115174 maxElapsed=115174 interval=0 flags=0x0
09-06 04:56:52.209  2165  5555 D PowerManagerService: releaseWakeLockInternal: lock=202696727 [*gms_scheduler*:internal], flags=0x0,packageName=com.google.android.gms, total_time=24ms
09-06 04:56:52.245  2165  5555 D PowerManagerService: acquireWakeLockInternal: lock=202696727, flags=0x1, tag="*gms_scheduler*:internal", ws=WorkSource{10040 com.google.android.gms}, uid=10040, pid=2954, packageName=com.google.android.gms
09-06 04:56:52.266  2165  2176 D AlarmManager: setImpl mPackage = com.google.android.gms, type = 2
09-06 04:56:52.267  2165  2176 V AlarmManager: APP set(PendingIntent{e09c516: PendingIntentRecord{b87d25f com.google.android.gms broadcastIntent}}) : type=3 triggerAtTime=110724 win=0 tElapsed=115232 maxElapsed=115232 interval=0 flags=0x0
09-06 04:56:52.268  2165  2176 D PowerManagerService: releaseWakeLockInternal: lock=202696727 [*gms_scheduler*:internal], flags=0x0,packageName=com.google.android.gms, total_time=22ms
09-06 04:56:52.269  2165  5388 D PowerManagerService: acquireWakeLockInternal: lock=202696727, flags=0x1, tag="*gms_scheduler*:internal", ws=WorkSource{10040 com.google.android.gms}, uid=10040, pid=2954, packageName=com.google.android.gms
09-06 04:56:52.290  2165  5388 D AlarmManager: setImpl mPackage = com.google.android.gms, type = 2
09-06 04:56:52.290  2165  5388 V AlarmManager: APP set(PendingIntent{939ce97: PendingIntentRecord{b87d25f com.google.android.gms broadcastIntent}}) : type=3 triggerAtTime=110724 win=0 tElapsed=115255 maxElapsed=115255 interval=0 flags=0x0
09-06 04:56:52.291  2165  2176 D PowerManagerService: releaseWakeLockInternal: lock=202696727 [*gms_scheduler*:internal], flags=0x0,packageName=com.google.android.gms, total_time=22ms
09-06 04:56:52.301  2165  5388 D PowerManagerService: acquireWakeLockInternal: lock=202696727, flags=0x1, tag="*gms_scheduler*:internal", ws=WorkSource{10040 com.google.android.gms}, uid=10040, pid=2954, packageName=com.google.android.gms
09-06 04:56:52.328  2165  2837 D AlarmManager: setImpl mPackage = com.google.android.gms, type = 2
09-06 04:56:52.328  2165  2837 V AlarmManager: APP set(PendingIntent{a592884: PendingIntentRecord{b87d25f com.google.android.gms broadcastIntent}}) : type=3 triggerAtTime=110724 win=0 tElapsed=115294 maxElapsed=115294 interval=0 flags=0x0
09-06 04:56:52.329  2165  5555 D PowerManagerService: releaseWakeLockInternal: lock=202696727 [*gms_scheduler*:internal], flags=0x0,packageName=com.google.android.gms, total_time=28ms
09-06 04:56:52.342  2165  2176 D PowerManagerService: acquireWakeLockInternal: lock=202696727, flags=0x1, tag="*gms_scheduler*:internal", ws=WorkSource{10040 com.google.android.gms}, uid=10040, pid=2954, packageName=com.google.android.gms
09-06 04:56:52.368  2165  2176 D AlarmManager: setImpl mPackage = com.google.android.gms, type = 2
09-06 04:56:52.368  2165  2176 V AlarmManager: APP set(PendingIntent{c66a86d: PendingIntentRecord{b87d25f com.google.android.gms broadcastIntent}}) : type=3 triggerAtTime=110724 win=0 tElapsed=115334 maxElapsed=115334 interval=0 flags=0x0
09-06 04:56:52.369  2165  2641 D PowerManagerService: releaseWakeLockInternal: lock=202696727 [*gms_scheduler*:internal], flags=0x0,packageName=com.google.android.gms, total_time=27ms
09-06 04:56:52.383  2165  2641 D PowerManagerService: acquireWakeLockInternal: lock=202696727, flags=0x1, tag="*gms_scheduler*:internal", ws=WorkSource{10040 com.google.android.gms}, uid=10040, pid=2954, packageName=com.google.android.gms
09-06 04:56:52.395  2165  2641 D AlarmManager: setImpl mPackage = com.google.android.gms, type = 2
09-06 04:56:52.395  2165  2641 V AlarmManager: APP set(PendingIntent{551ca2: PendingIntentRecord{b87d25f com.google.android.gms broadcastIntent}}) : type=3 triggerAtTime=110724 win=0 tElapsed=115361 maxElapsed=115361 interval=0 flags=0x0
09-06 04:56:52.397  2165  2176 D PowerManagerService: releaseWakeLockInternal: lock=202696727 [*gms_scheduler*:internal], flags=0x0,packageName=com.google.android.gms, total_time=13ms
09-06 04:56:52.397  2165  2176 D PowerManagerService: acquireWakeLockInternal: lock=202696727, flags=0x1, tag="*gms_scheduler*:internal", ws=WorkSource{10040 com.google.android.gms}, uid=10040, pid=2954, packageName=com.google.android.gms
09-06 04:56:52.425  2165  2750 D PowerManagerService: acquireWakeLockInternal: lock=172145971, flags=0x1, tag="*gms_scheduler*/com.google.android.gms/.clearcut.uploader.QosUploaderService", ws=WorkSource{10040 com.google.android.gms}, uid=10040, pid=2954, packageName=com.google.android.gms
09-06 04:56:52.449  2165  2750 D AlarmManager: setImpl mPackage = com.google.android.gms, type = 2
09-06 04:56:52.449  2165  2750 V AlarmManager: APP set(PendingIntent{9e1f98f: PendingIntentRecord{b87d25f com.google.android.gms broadcastIntent}}) : type=3 triggerAtTime=110724 win=0 tElapsed=115415 maxElapsed=115415 interval=0 flags=0x0
09-06 04:56:52.479  2165  5388 D PowerManagerService: acquireWakeLockInternal: lock=47907868, flags=0x1, tag="*gms_scheduler*/com.google.android.gms/.pay.gcmtask.PayGcmTaskService", ws=WorkSource{10040 com.google.android.gms}, uid=10040, pid=2954, packageName=com.google.android.gms
09-06 04:56:52.503  2165  2750 D AlarmManager: setImpl mPackage = com.google.android.gms, type = 2
09-06 04:56:52.503  2165  2750 V AlarmManager: APP set(PendingIntent{ea24608: PendingIntentRecord{b87d25f com.google.android.gms broadcastIntent}}) : type=3 triggerAtTime=110724 win=0 tElapsed=115468 maxElapsed=115468 interval=0 flags=0x0
09-06 04:56:52.504  2165  5388 D PowerManagerService: releaseWakeLockInternal: lock=202696727 [*gms_scheduler*:internal], flags=0x0,packageName=com.google.android.gms, total_time=107ms
09-06 04:56:52.505  2165  2750 D PowerManagerService: acquireWakeLockInternal: lock=202696727, flags=0x1, tag="*gms_scheduler*:internal", ws=WorkSource{10040 com.google.android.gms}, uid=10040, pid=2954, packageName=com.google.android.gms
09-06 04:56:52.520  2165  2750 D AlarmManager: setImpl mPackage = com.google.android.gms, type = 2
09-06 04:56:52.520  2165  2750 V AlarmManager: APP set(PendingIntent{e9e71a1: PendingIntentRecord{b87d25f com.google.android.gms broadcastIntent}}) : type=3 triggerAtTime=110724 win=0 tElapsed=115486 maxElapsed=115486 interval=0 flags=0x0
09-06 04:56:52.522  2165  5388 D PowerManagerService: releaseWakeLockInternal: lock=202696727 [*gms_scheduler*:internal], flags=0x0,packageName=com.google.android.gms, total_time=17ms
09-06 04:56:52.523  2165  2176 D PowerManagerService: releaseWakeLockInternal: lock=47907868 [*gms_scheduler*/com.google.android.gms/.pay.gcmtask.PayGcmTaskService], flags=0x0,packageName=com.google.android.gms, total_time=44ms
09-06 04:56:52.525  2165  2750 D PowerManagerService: acquireWakeLockInternal: lock=202696727, flags=0x1, tag="*gms_scheduler*:internal", ws=WorkSource{10040 com.google.android.gms}, uid=10040, pid=2954, packageName=com.google.android.gms
09-06 04:56:52.541  2165  2750 D PowerManagerService: releaseWakeLockInternal: lock=202696727 [*gms_scheduler*:internal], flags=0x0,packageName=com.google.android.gms, total_time=15ms
09-06 04:56:52.542  2165  2750 D PowerManagerService: acquireWakeLockInternal: lock=202696727, flags=0x1, tag="*gms_scheduler*:internal", ws=WorkSource{10040 com.google.android.gms}, uid=10040, pid=2954, packageName=com.google.android.gms
09-06 04:56:52.572  2165  2176 D PowerManagerService: acquireWakeLockInternal: lock=60530630, flags=0x1, tag="*gms_scheduler*/com.google.android.gms/.netrec.module.NetRecGcmTaskService", ws=WorkSource{10040 com.google.android.gms}, uid=10040, pid=2954, packageName=com.google.android.gms
09-06 04:56:52.596  2165  2176 D AlarmManager: setImpl mPackage = com.google.android.gms, type = 2
09-06 04:56:52.596  2165  2176 V AlarmManager: APP set(PendingIntent{aa1f252: PendingIntentRecord{b87d25f com.google.android.gms broadcastIntent}}) : type=3 triggerAtTime=110724 win=0 tElapsed=115562 maxElapsed=115562 interval=0 flags=0x0
09-06 04:56:52.598  2165  2750 D PowerManagerService: releaseWakeLockInternal: lock=202696727 [*gms_scheduler*:internal], flags=0x0,packageName=com.google.android.gms, total_time=56ms
09-06 04:56:52.890  1904  1904 I sn      : Retry 8
09-06 04:56:52.890  1904  1904 I sn      : Fail to access err=2
09-06 04:56:52.890  1904  1904 I chatty  : uid=1000(system) identical 1 line
09-06 04:56:52.890  1904  1904 I sn      : Fail to access err=2
09-06 04:56:52.890  1904  1904 I sn      : Check all possible paths
09-06 04:56:53.278  2165  5555 D PowerManagerService: releaseWakeLockInternal: lock=60530630 [*gms_scheduler*/com.google.android.gms/.netrec.module.NetRecGcmTaskService], flags=0x0,packageName=com.google.android.gms, total_time=706ms
09-06 04:56:53.279  2165  6615 D PowerManagerService: acquireWakeLockInternal: lock=202696727, flags=0x1, tag="*gms_scheduler*:internal", ws=WorkSource{10040 com.google.android.gms}, uid=10040, pid=2954, packageName=com.google.android.gms
09-06 04:56:53.294  2165  5555 D PowerManagerService: releaseWakeLockInternal: lock=202696727 [*gms_scheduler*:internal], flags=0x0,packageName=com.google.android.gms, total_time=15ms
09-06 04:56:53.297  2165  2750 D PowerManagerService: acquireWakeLockInternal: lock=202696727, flags=0x1, tag="*gms_scheduler*:internal", ws=WorkSource{10040 com.google.android.gms}, uid=10040, pid=2954, packageName=com.google.android.gms
09-06 04:56:53.328  2165  6615 D PowerManagerService: acquireWakeLockInternal: lock=108103286, flags=0x1, tag="*gms_scheduler*/com.google.android.gms/.ads.jams.NegotiationService", ws=WorkSource{10040 com.google.android.gms}, uid=10040, pid=2954, packageName=com.google.android.gms
09-06 04:56:53.351  2165  2837 D AlarmManager: setImpl mPackage = com.google.android.gms, type = 2
09-06 04:56:53.352  2165  2837 V AlarmManager: APP set(PendingIntent{679402: PendingIntentRecord{b87d25f com.google.android.gms broadcastIntent}}) : type=3 triggerAtTime=137877 win=19920 tElapsed=137877 maxElapsed=157797 interval=0 flags=0x0
09-06 04:56:53.353  2165  3585 D PowerManagerService: releaseWakeLockInternal: lock=202696727 [*gms_scheduler*:internal], flags=0x0,packageName=com.google.android.gms, total_time=56ms
09-06 04:56:53.365  2165  5555 D PowerManagerService: releaseWakeLockInternal: lock=108103286 [*gms_scheduler*/com.google.android.gms/.ads.jams.NegotiationService], flags=0x0,packageName=com.google.android.gms, total_time=37ms
09-06 04:56:53.367  2165  2761 D PowerManagerService: acquireWakeLockInternal: lock=202696727, flags=0x1, tag="*gms_scheduler*:internal", ws=WorkSource{10040 com.google.android.gms}, uid=10040, pid=2954, packageName=com.google.android.gms
09-06 04:56:53.369  2165  5555 D PowerManagerService: releaseWakeLockInternal: lock=202696727 [*gms_scheduler*:internal], flags=0x0,packageName=com.google.android.gms, total_time=2ms
09-06 04:56:53.371  2165  3582 D PowerManagerService: acquireWakeLockInternal: lock=202696727, flags=0x1, tag="*gms_scheduler*:internal", ws=WorkSource{10040 com.google.android.gms}, uid=10040, pid=2954, packageName=com.google.android.gms
09-06 04:56:53.399  2165  3582 D PowerManagerService: acquireWakeLockInternal: lock=178585424, flags=0x1, tag="*gms_scheduler*/com.google.android.gms/.ads.social.GcmSchedulerWakeupService", ws=WorkSource{10040 com.google.android.gms}, uid=10040, pid=2954, packageName=com.google.android.gms
09-06 04:56:53.421  2165  3582 D AlarmManager: setImpl mPackage = com.google.android.gms, type = 2
09-06 04:56:53.422  2165  3582 V AlarmManager: APP set(PendingIntent{1e2c07c: PendingIntentRecord{b87d25f com.google.android.gms broadcastIntent}}) : type=3 triggerAtTime=137877 win=19867 tElapsed=137877 maxElapsed=157744 interval=0 flags=0x0
09-06 04:56:53.423  2165  2837 D PowerManagerService: releaseWakeLockInternal: lock=202696727 [*gms_scheduler*:internal], flags=0x0,packageName=com.google.android.gms, total_time=51ms
09-06 04:56:53.462  2165  6270 D PowerManagerService: acquireWakeLockInternal: lock=208143364, flags=0x1, tag="NlpWakeLock", ws=WorkSource{10040 com.google.android.gms}, uid=10040, pid=2954, packageName=com.google.android.gms
09-06 04:56:53.486  2165  2837 D PowerManagerService: releaseWakeLockInternal: lock=208143364 [NlpWakeLock], flags=0x0,packageName=com.google.android.gms, total_time=24ms
09-06 04:56:53.494  2165  6270 D AlarmManager: setImpl mPackage = com.google.android.gms, type = 2
09-06 04:56:53.495  2165  6270 V AlarmManager: APP set(PendingIntent{ed96868: PendingIntentRecord{8998046 com.google.android.gms broadcastIntent}}) : type=3 triggerAtTime=9223372036854775807 win=0 tElapsed=9223372036854775807 maxElapsed=9223372036854775807 interval=0 flags=0x1
09-06 04:56:53.497  2165  6270 D PowerManagerService: acquireWakeLockInternal: lock=208143364, flags=0x1, tag="NlpWakeLock", ws=WorkSource{10040 com.google.android.gms}, uid=10040, pid=2954, packageName=com.google.android.gms
09-06 04:56:53.499  2165  3582 D PowerManagerService: releaseWakeLockInternal: lock=215548072 [NlpWakeLock], flags=0x0,packageName=com.google.android.gms, total_time=3631ms
09-06 04:56:53.501  2165  3582 D PowerManagerService: acquireWakeLockInternal: lock=188948258, flags=0x1, tag="NlpWakeLock", ws=null, uid=10040, pid=2954, packageName=com.google.android.gms
09-06 04:56:53.501  2165  6270 D PowerManagerService: acquireWakeLockInternal: lock=147936385, flags=0x1, tag="CMWakeLock", ws=WorkSource{10040 com.google.android.gms}, uid=10040, pid=2954, packageName=com.google.android.gms
09-06 04:56:53.505  2165  6270 D PowerManagerService: releaseWakeLockInternal: lock=188948258 [NlpWakeLock], flags=0x0,packageName=com.google.android.gms, total_time=4ms
09-06 04:56:53.506  2165  2837 D PowerManagerService: acquireWakeLockInternal: lock=89968051, flags=0x1, tag="GCoreFlp", ws=WorkSource{10040 com.google.android.gms}, uid=10040, pid=2954, packageName=com.google.android.gms
09-06 04:56:53.506  2165  3582 D PowerManagerService: acquireWakeLockInternal: lock=188948258, flags=0x1, tag="NlpWakeLock", ws=null, uid=10040, pid=2954, packageName=com.google.android.gms
09-06 04:56:53.507  2165  3582 D PowerManagerService: releaseWakeLockInternal: lock=89968051 [GCoreFlp], flags=0x0,packageName=com.google.android.gms, total_time=1ms
09-06 04:56:53.508  2165  6270 D PowerManagerService: acquireWakeLockInternal: lock=178409328, flags=0x1, tag="GCoreFlp", ws=WorkSource{10040 com.google.android.gms}, uid=10040, pid=2954, packageName=com.google.android.gms
09-06 04:56:53.510  2165  2837 D PowerManagerService: releaseWakeLockInternal: lock=188948258 [NlpWakeLock], flags=0x0,packageName=com.google.android.gms, total_time=4ms
09-06 04:56:53.510  2165  5555 D PowerManagerService: acquireWakeLockInternal: lock=200286953, flags=0x1, tag="GCoreFlp", ws=null, uid=10040, pid=2954, packageName=com.google.android.gms
09-06 04:56:53.511  2165  5555 D PowerManagerService: releaseWakeLockInternal: lock=208143364 [NlpWakeLock], flags=0x0,packageName=com.google.android.gms, total_time=14ms
09-06 04:56:53.512  2165  2837 D PowerManagerService: acquireWakeLockInternal: lock=94796070, flags=0x1, tag="GCoreFlp", ws=WorkSource{10040 com.google.android.gms}, uid=10040, pid=2954, packageName=com.google.android.gms
09-06 04:56:53.515  2165  2837 D PowerManagerService: acquireWakeLockInternal: lock=170875239, flags=0x1, tag="GCoreFlp", ws=WorkSource{10040 com.google.android.gms}, uid=10040, pid=2954, packageName=com.google.android.gms
09-06 04:56:53.518  2165  2837 D PowerManagerService: releaseWakeLockInternal: lock=94796070 [GCoreFlp], flags=0x0,packageName=com.google.android.gms, total_time=5ms
09-06 04:56:53.522  2165  2761 D PowerManagerService: releaseWakeLockInternal: lock=147936385 [CMWakeLock], flags=0x0,packageName=com.google.android.gms, total_time=21ms
09-06 04:56:53.525  2165  2837 D PowerManagerService: releaseWakeLockInternal: lock=170875239 [GCoreFlp], flags=0x0,packageName=com.google.android.gms, total_time=9ms
09-06 04:56:53.530  2165  2859 D PowerManagerService: releaseWakeLockInternal: lock=178409328 [GCoreFlp], flags=0x0,packageName=com.google.android.gms, total_time=22ms
09-06 04:56:53.531  2165  3582 D PowerManagerService: releaseWakeLockInternal: lock=200286953 [GCoreFlp], flags=0x0,packageName=com.google.android.gms, total_time=21ms
09-06 04:56:53.754  2165  2641 D PowerManagerService: acquireWakeLockInternal: lock=185799353, flags=0x1, tag="IntentOp:.common.broadcast.BackgroundBroadcastReceiverSupport$PersistentReceiverIntentOperation", ws=WorkSource{10040 com.google.android.gms}, uid=10040, pid=2954, packageName=com.google.android.gms
09-06 04:56:53.761  2165  2859 D PowerManagerService: acquireWakeLockInternal: lock=183076606, flags=0x1, tag="IntentOp:com.google.android.gms/.chimera.GmsIntentOperationService", ws=WorkSource{10040 com.google.android.gms}, uid=10040, pid=2954, packageName=com.google.android.gms
09-06 04:56:53.766  2165  5863 D PowerManagerService: releaseWakeLockInternal: lock=185799353 [IntentOp:.common.broadcast.BackgroundBroadcastReceiverSupport$PersistentReceiverIntentOperation], flags=0x0,packageName=com.google.android.gms, total_time=12ms
09-06 04:56:53.794  2165  2372 D DataShapingService: [openLteDataUpLinkGate] isForce: false
09-06 04:56:53.794  2165  2372 D DataShapingService: Alarm manager openLteDataUpLinkGate: false
09-06 04:56:53.794  2165  2372 I DataShapingService: openLteGateSuccess = false
09-06 04:56:53.794  2165  2372 D AlarmManager: wakeup alarm = Alarm{7d3150a type 2 when 111759 android}; listener package = *job.delay*
09-06 04:56:53.794  2165  2372 D PowerManagerService: acquireWakeLockInternal: lock=90787646, flags=0x1, tag="*alarm*", ws=WorkSource{10040}, uid=1000, pid=2165, packageName=android
09-06 04:56:53.822  2165  6270 D PowerManagerService: acquireWakeLockInternal: lock=141278104, flags=0x1, tag="IntentOp:.reminders.notification.RefreshNotificationsIntentOperation", ws=WorkSource{10040 com.google.android.gms}, uid=10040, pid=3281, packageName=com.google.android.gms
09-06 04:56:53.825  2165  3582 D PowerManagerService: releaseWakeLockInternal: lock=141278104 [IntentOp:.reminders.notification.RefreshNotificationsIntentOperation], flags=0x0,packageName=com.google.android.gms, total_time=2ms
09-06 04:56:53.829  2165  5555 D PowerManagerService: acquireWakeLockInternal: lock=221051204, flags=0x1, tag="Icing", ws=WorkSource{10040 com.google.android.gms}, uid=10040, pid=3281, packageName=com.google.android.gms
09-06 04:56:53.844  2165  5863 D PowerManagerService: releaseWakeLockInternal: lock=183076606 [IntentOp:com.google.android.gms/.chimera.GmsIntentOperationService], flags=0x0,packageName=com.google.android.gms, total_time=83ms
09-06 04:56:54.361  2165  2165 I Telecom : DefaultDialerCache: Refreshing default dialer for user 0: now com.android.dialer: DDC.oR@ADw
09-06 04:56:54.362  2165  2165 V AlarmManager: APP set with listener(*job.delay*) : type=2 triggerAtTime=132951 win=15467 tElapsed=132951 maxElapsed=148418 interval=0 flags=0x0
09-06 04:56:54.362  2165  2165 D PowerManagerService: releaseWakeLockInternal: lock=90787646 [*alarm*], flags=0x0,packageName=android, total_time=568ms
09-06 04:56:54.384  2165  2165 V JobSchedulerService: validNewProc:  package=com.squareup.cash alive=false restrict=true tempRestrict=false defalutInputMethod=false useInLauncher=false
09-06 04:56:54.385  2165  2165 V JobSchedulerService: validNewProc:  package=com.metropcs.metrozone alive=false restrict=false tempRestrict=false defalutInputMethod=false useInLauncher=false
09-06 04:56:54.387  2165  2165 V JobSchedulerService: validNewProc:  package=com.google.android.apps.photos alive=true restrict=false tempRestrict=false defalutInputMethod=false useInLauncher=false
09-06 04:56:54.387  2165  2165 V JobSchedulerService: validNewProc:  package=com.google.android.inputmethod.latin alive=true restrict=false tempRestrict=false defalutInputMethod=true useInLauncher=false
09-06 04:56:54.388  2165  2165 V JobSchedulerService: validNewProc:  package=android alive=true restrict=false tempRestrict=false defalutInputMethod=true useInLauncher=false
09-06 04:56:54.390  2165  2165 D PowerManagerService: acquireWakeLockInternal: lock=65028297, flags=0x1, tag="*job*/com.google.android.gms.chromesync/com.google/davidbwilliamsjr@gmail.com:android", ws=WorkSource{10040}, uid=1000, pid=2165, packageName=android
09-06 04:56:54.404  2165  2860 D PowerManagerService: releaseWakeLockInternal: lock=221051204 [Icing], flags=0x0,packageName=com.google.android.gms, total_time=575ms
09-06 04:56:54.483  2165  2233 D PowerManagerService: acquireWakeLockInternal: lock=68923450, flags=0x1, tag="SyncLoopWakeLock", ws=null, uid=1000, pid=2165, packageName=android
09-06 04:56:54.485  2165  2233 D PowerManagerService: acquireWakeLockInternal: lock=90725759, flags=0x1, tag="*sync*/com.google.android.gms.chromesync/com.google/davidbwilliamsjr@gmail.com", ws=WorkSource{10040}, uid=1000, pid=2165, packageName=android
09-06 04:56:54.493  2165  2233 D PowerManagerService: releaseWakeLockInternal: lock=68923450 [SyncLoopWakeLock], flags=0x0,packageName=android, total_time=9ms
09-06 04:56:54.498  2165  2233 D PowerManagerService: acquireWakeLockInternal: lock=68923450, flags=0x1, tag="SyncLoopWakeLock", ws=null, uid=1000, pid=2165, packageName=android
