09-06 04:56:40.308  2165  2372 D AlarmManager: wakeup alarm = Alarm{bd6e401 type 2 when 98273 android}; listener package = *job.delay*
09-06 04:56:40.309  2165  2165 V AlarmManager: APP set with listener(*job.deadline*) : type=2 triggerAtTime=141016 win=32056 tElapsed=141016 maxElapsed=173072 interval=0 flags=0x0
09-06 04:56:40.309  2165  2165 V AlarmManager: APP set with listener(*job.delay*) : type=2 triggerAtTime=104170 win=0 tElapsed=104170 maxElapsed=104170 interval=0 flags=0x0
09-06 04:56:40.311  2165  2165 V JobSchedulerService: validNewProc:  package=android alive=true restrict=false tempRestrict=false defalutInputMethod=true useInLauncher=false
09-06 04:56:40.314  2165  2165 D PowerManagerService: acquireWakeLockInternal: lock=13418301, flags=0x1, tag="*job*/android/com.android.server.pm.BackgroundDexOptService", ws=WorkSource{1000}, uid=1000, pid=2165, packageName=android
09-06 04:56:40.329  2165  7359 D PowerManagerService: acquireWakeLockInternal: lock=262157106, flags=0x1, tag="*dexopt*", ws=WorkSource{10168}, uid=1000, pid=2165, packageName=android
09-06 04:56:40.359  2165  7359 D PowerManagerService: releaseWakeLockInternal: lock=262157106 [*dexopt*], flags=0x0,packageName=android, total_time=29ms
09-06 04:56:40.360  2165  7359 D PowerManagerService: acquireWakeLockInternal: lock=262157106, flags=0x1, tag="*dexopt*", ws=WorkSource{1001}, uid=1000, pid=2165, packageName=android
09-06 04:56:40.372  2165  7359 D PowerManagerService: releaseWakeLockInternal: lock=262157106 [*dexopt*], flags=0x0,packageName=android, total_time=12ms
09-06 04:56:40.374  2165  7359 D PowerManagerService: acquireWakeLockInternal: lock=262157106, flags=0x1, tag="*dexopt*", ws=WorkSource{1001}, uid=1000, pid=2165, packageName=android
09-06 04:56:40.389  2165  7359 D PowerManagerService: releaseWakeLockInternal: lock=262157106 [*dexopt*], flags=0x0,packageName=android, total_time=15ms
09-06 04:56:40.390  2165  7359 D PowerManagerService: acquireWakeLockInternal: lock=262157106, flags=0x1, tag="*dexopt*", ws=WorkSource{10135}, uid=1000, pid=2165, packageName=android
09-06 04:56:40.397  2165  7359 D PowerManagerService: releaseWakeLockInternal: lock=262157106 [*dexopt*], flags=0x0,packageName=android, total_time=7ms
09-06 04:56:40.398  2165  7359 D PowerManagerService: acquireWakeLockInternal: lock=262157106, flags=0x1, tag="*dexopt*", ws=WorkSource{10122}, uid=1000, pid=2165, packageName=android
09-06 04:56:40.445  2165  7359 D PowerManagerService: releaseWakeLockInternal: lock=262157106 [*dexopt*], flags=0x0,packageName=android, total_time=47ms
09-06 04:56:40.448  2165  7359 D PowerManagerService: acquireWakeLockInternal: lock=262157106, flags=0x1, tag="*dexopt*", ws=WorkSource{10112}, uid=1000, pid=2165, packageName=android
09-06 04:56:40.469  2165  7359 D PowerManagerService: releaseWakeLockInternal: lock=262157106 [*dexopt*], flags=0x0,packageName=android, total_time=21ms
09-06 04:56:40.470  2165  7359 D PowerManagerService: acquireWakeLockInternal: lock=262157106, flags=0x1, tag="*dexopt*", ws=WorkSource{10041}, uid=1000, pid=2165, packageName=android
09-06 04:56:40.482  2165  7359 D PowerManagerService: releaseWakeLockInternal: lock=262157106 [*dexopt*], flags=0x0,packageName=android, total_time=12ms
09-06 04:56:40.484  2165  7359 D PowerManagerService: acquireWakeLockInternal: lock=262157106, flags=0x1, tag="*dexopt*", ws=WorkSource{10165}, uid=1000, pid=2165, packageName=android
09-06 04:56:40.521  2165  7359 D PowerManagerService: releaseWakeLockInternal: lock=262157106 [*dexopt*], flags=0x0,packageName=android, total_time=37ms
09-06 04:56:40.522  2165  2837 V AlarmManager: APP set with listener(*job.delay*) : type=2 triggerAtTime=100487 win=0 tElapsed=103488 maxElapsed=103488 interval=0 flags=0x0
09-06 04:56:40.522  2165  7359 D PowerManagerService: acquireWakeLockInternal: lock=262157106, flags=0x1, tag="*dexopt*", ws=WorkSource{10193}, uid=1000, pid=2165, packageName=android
09-06 04:56:40.551  2165  7359 D PowerManagerService: releaseWakeLockInternal: lock=262157106 [*dexopt*], flags=0x0,packageName=android, total_time=29ms
09-06 04:56:40.553  2165  7359 D PowerManagerService: acquireWakeLockInternal: lock=262157106, flags=0x1, tag="*dexopt*", ws=WorkSource{1001}, uid=1000, pid=2165, packageName=android
09-06 04:56:40.567  2165  7359 D PowerManagerService: releaseWakeLockInternal: lock=262157106 [*dexopt*], flags=0x0,packageName=android, total_time=15ms
09-06 04:56:40.568  2165  7359 D PowerManagerService: acquireWakeLockInternal: lock=262157106, flags=0x1, tag="*dexopt*", ws=WorkSource{1000}, uid=1000, pid=2165, packageName=android
09-06 04:56:40.583  2165  7359 D PowerManagerService: releaseWakeLockInternal: lock=262157106 [*dexopt*], flags=0x0,packageName=android, total_time=14ms
09-06 04:56:40.583  2165  7359 D PowerManagerService: acquireWakeLockInternal: lock=262157106, flags=0x1, tag="*dexopt*", ws=WorkSource{10072}, uid=1000, pid=2165, packageName=android
09-06 04:56:40.611  2165  7359 D PowerManagerService: releaseWakeLockInternal: lock=262157106 [*dexopt*], flags=0x0,packageName=android, total_time=28ms
09-06 04:56:40.612  2165  7359 D PowerManagerService: acquireWakeLockInternal: lock=262157106, flags=0x1, tag="*dexopt*", ws=WorkSource{10140}, uid=1000, pid=2165, packageName=android
09-06 04:56:40.632  2165  7359 D PowerManagerService: releaseWakeLockInternal: lock=262157106 [*dexopt*], flags=0x0,packageName=android, total_time=20ms
09-06 04:56:40.633  2165  7359 D PowerManagerService: acquireWakeLockInternal: lock=262157106, flags=0x1, tag="*dexopt*", ws=WorkSource{10048}, uid=1000, pid=2165, packageName=android
09-06 04:56:40.647  2165  7359 D PowerManagerService: releaseWakeLockInternal: lock=262157106 [*dexopt*], flags=0x0,packageName=android, total_time=14ms
09-06 04:56:40.648  2165  7359 D PowerManagerService: acquireWakeLockInternal: lock=262157106, flags=0x1, tag="*dexopt*", ws=WorkSource{10053}, uid=1000, pid=2165, packageName=android
09-06 04:56:40.657  2165  7359 D PowerManagerService: releaseWakeLockInternal: lock=262157106 [*dexopt*], flags=0x0,packageName=android, total_time=9ms
09-06 04:56:40.658  2165  7359 D PowerManagerService: acquireWakeLockInternal: lock=262157106, flags=0x1, tag="*dexopt*", ws=WorkSource{10142}, uid=1000, pid=2165, packageName=android
09-06 04:56:40.697  2165  7359 D PowerManagerService: releaseWakeLockInternal: lock=262157106 [*dexopt*], flags=0x0,packageName=android, total_time=39ms
09-06 04:56:40.698  2165  7359 D PowerManagerService: acquireWakeLockInternal: lock=262157106, flags=0x1, tag="*dexopt*", ws=WorkSource{1000}, uid=1000, pid=2165, packageName=android
09-06 04:56:40.714  2165  7359 D PowerManagerService: releaseWakeLockInternal: lock=262157106 [*dexopt*], flags=0x0,packageName=android, total_time=16ms
09-06 04:56:40.715  2165  7359 D PowerManagerService: acquireWakeLockInternal: lock=262157106, flags=0x1, tag="*dexopt*", ws=WorkSource{10043}, uid=1000, pid=2165, packageName=android
09-06 04:56:40.721  2165  7359 D PowerManagerService: releaseWakeLockInternal: lock=262157106 [*dexopt*], flags=0x0,packageName=android, total_time=5ms
09-06 04:56:40.722  2165  7359 D PowerManagerService: acquireWakeLockInternal: lock=262157106, flags=0x1, tag="*dexopt*", ws=WorkSource{10089}, uid=1000, pid=2165, packageName=android
09-06 04:56:40.729  2165  7359 D PowerManagerService: releaseWakeLockInternal: lock=262157106 [*dexopt*], flags=0x0,packageName=android, total_time=7ms
09-06 04:56:40.730  2165  7359 D PowerManagerService: acquireWakeLockInternal: lock=262157106, flags=0x1, tag="*dexopt*", ws=WorkSource{1000}, uid=1000, pid=2165, packageName=android
09-06 04:56:40.736  2165  7359 D PowerManagerService: releaseWakeLockInternal: lock=262157106 [*dexopt*], flags=0x0,packageName=android, total_time=6ms
09-06 04:56:40.737  2165  7359 D PowerManagerService: acquireWakeLockInternal: lock=262157106, flags=0x1, tag="*dexopt*", ws=WorkSource{10068}, uid=1000, pid=2165, packageName=android
09-06 04:56:40.752  2165  7359 D PowerManagerService: releaseWakeLockInternal: lock=262157106 [*dexopt*], flags=0x0,packageName=android, total_time=15ms
09-06 04:56:40.753  2165  7359 D PowerManagerService: acquireWakeLockInternal: lock=262157106, flags=0x1, tag="*dexopt*", ws=WorkSource{10105}, uid=1000, pid=2165, packageName=android
09-06 04:56:40.765  2165  7359 D PowerManagerService: releaseWakeLockInternal: lock=262157106 [*dexopt*], flags=0x0,packageName=android, total_time=12ms
09-06 04:56:40.766  2165  7359 D PowerManagerService: acquireWakeLockInternal: lock=262157106, flags=0x1, tag="*dexopt*", ws=WorkSource{10125}, uid=1000, pid=2165, packageName=android
09-06 04:56:40.770  2165  7359 D PowerManagerService: releaseWakeLockInternal: lock=262157106 [*dexopt*], flags=0x0,packageName=android, total_time=4ms
09-06 04:56:40.771  2165  7359 D PowerManagerService: acquireWakeLockInternal: lock=262157106, flags=0x1, tag="*dexopt*", ws=WorkSource{10109}, uid=1000, pid=2165, packageName=android
09-06 04:56:40.774  2165  7359 D PowerManagerService: releaseWakeLockInternal: lock=262157106 [*dexopt*], flags=0x0,packageName=android, total_time=3ms
09-06 04:56:40.775  2165  7359 D PowerManagerService: acquireWakeLockInternal: lock=262157106, flags=0x1, tag="*dexopt*", ws=WorkSource{10085}, uid=1000, pid=2165, packageName=android
09-06 04:56:40.791  2165  7359 D PowerManagerService: releaseWakeLockInternal: lock=262157106 [*dexopt*], flags=0x0,packageName=android, total_time=16ms
09-06 04:56:40.792  2165  7359 D PowerManagerService: acquireWakeLockInternal: lock=262157106, flags=0x1, tag="*dexopt*", ws=WorkSource{10054}, uid=1000, pid=2165, packageName=android
09-06 04:56:40.808  2165  7359 D PowerManagerService: releaseWakeLockInternal: lock=262157106 [*dexopt*], flags=0x0,packageName=android, total_time=16ms
09-06 04:56:40.810  2165  7359 D PowerManagerService: acquireWakeLockInternal: lock=262157106, flags=0x1, tag="*dexopt*", ws=WorkSource{10037}, uid=1000, pid=2165, packageName=android
09-06 04:56:40.820  2165  7359 D PowerManagerService: releaseWakeLockInternal: lock=262157106 [*dexopt*], flags=0x0,packageName=android, total_time=9ms
09-06 04:56:40.821  2165  7359 D PowerManagerService: acquireWakeLockInternal: lock=262157106, flags=0x1, tag="*dexopt*", ws=WorkSource{10046}, uid=1000, pid=2165, packageName=android
09-06 04:56:40.827  2165  7359 D PowerManagerService: releaseWakeLockInternal: lock=262157106 [*dexopt*], flags=0x0,packageName=android, total_time=5ms
09-06 04:56:40.828  2165  7359 D PowerManagerService: acquireWakeLockInternal: lock=262157106, flags=0x1, tag="*dexopt*", ws=WorkSource{1001}, uid=1000, pid=2165, packageName=android
09-06 04:56:40.859  2165  7359 D PowerManagerService: releaseWakeLockInternal: lock=262157106 [*dexopt*], flags=0x0,packageName=android, total_time=30ms
09-06 04:56:40.860  2165  7359 D PowerManagerService: acquireWakeLockInternal: lock=262157106, flags=0x1, tag="*dexopt*", ws=WorkSource{1000}, uid=1000, pid=2165, packageName=android
09-06 04:56:40.871  2165  7359 D PowerManagerService: releaseWakeLockInternal: lock=262157106 [*dexopt*], flags=0x0,packageName=android, total_time=11ms
09-06 04:56:40.872  2165  7359 D PowerManagerService: acquireWakeLockInternal: lock=262157106, flags=0x1, tag="*dexopt*", ws=WorkSource{10090}, uid=1000, pid=2165, packageName=android
09-06 04:56:40.881  2165  7359 D PowerManagerService: releaseWakeLockInternal: lock=262157106 [*dexopt*], flags=0x0,packageName=android, total_time=8ms
09-06 04:56:40.881  2165  7359 D PowerManagerService: acquireWakeLockInternal: lock=262157106, flags=0x1, tag="*dexopt*", ws=WorkSource{1000}, uid=1000, pid=2165, packageName=android
09-06 04:56:40.912  2165  7359 D PowerManagerService: releaseWakeLockInternal: lock=262157106 [*dexopt*], flags=0x0,packageName=android, total_time=31ms
09-06 04:56:40.930  2165  2176 I ActivityManager: Start proc 7389:com.android.providers.calendar/u0a48 for content provider com.android.providers.calendar/.CalendarProvider2
09-06 04:56:40.931  2165  7359 D PowerManagerService: acquireWakeLockInternal: lock=262157106, flags=0x1, tag="*dexopt*", ws=WorkSource{10080}, uid=1000, pid=2165, packageName=android
09-06 04:56:40.941  2165  7359 D PowerManagerService: releaseWakeLockInternal: lock=262157106 [*dexopt*], flags=0x0,packageName=android, total_time=9ms
09-06 04:56:40.942  2165  7359 D PowerManagerService: acquireWakeLockInternal: lock=262157106, flags=0x1, tag="*dexopt*", ws=WorkSource{1001}, uid=1000, pid=2165, packageName=android
09-06 04:56:40.956  2165  7359 D PowerManagerService: releaseWakeLockInternal: lock=262157106 [*dexopt*], flags=0x0,packageName=android, total_time=14ms
09-06 04:56:40.957  2165  7359 D PowerManagerService: acquireWakeLockInternal: lock=262157106, flags=0x1, tag="*dexopt*", ws=WorkSource{10204}, uid=1000, pid=2165, packageName=android
09-06 04:56:40.976  2165  7359 D PowerManagerService: releaseWakeLockInternal: lock=262157106 [*dexopt*], flags=0x0,packageName=android, total_time=19ms
09-06 04:56:40.978  2165  7359 D PowerManagerService: acquireWakeLockInternal: lock=262157106, flags=0x1, tag="*dexopt*", ws=WorkSource{10053}, uid=1000, pid=2165, packageName=android
09-06 04:56:40.996  2165  7359 D PowerManagerService: releaseWakeLockInternal: lock=262157106 [*dexopt*], flags=0x0,packageName=android, total_time=18ms
09-06 04:56:40.997  2165  7359 D PowerManagerService: acquireWakeLockInternal: lock=262157106, flags=0x1, tag="*dexopt*", ws=WorkSource{1000}, uid=1000, pid=2165, packageName=android
09-06 04:56:41.014  2165  7359 D PowerManagerService: releaseWakeLockInternal: lock=262157106 [*dexopt*], flags=0x0,packageName=android, total_time=17ms
09-06 04:56:41.015  2165  7359 D PowerManagerService: acquireWakeLockInternal: lock=262157106, flags=0x1, tag="*dexopt*", ws=WorkSource{1000}, uid=1000, pid=2165, packageName=android
09-06 04:56:41.030  2165  7359 D PowerManagerService: releaseWakeLockInternal: lock=262157106 [*dexopt*], flags=0x0,packageName=android, total_time=14ms
09-06 04:56:41.031  2165  7359 D PowerManagerService: acquireWakeLockInternal: lock=262157106, flags=0x1, tag="*dexopt*", ws=WorkSource{10059}, uid=1000, pid=2165, packageName=android
09-06 04:56:41.044  2165  7359 D PowerManagerService: releaseWakeLockInternal: lock=262157106 [*dexopt*], flags=0x0,packageName=android, total_time=13ms
09-06 04:56:41.045  2165  7359 D PowerManagerService: acquireWakeLockInternal: lock=262157106, flags=0x1, tag="*dexopt*", ws=WorkSource{10207}, uid=1000, pid=2165, packageName=android
09-06 04:56:41.062  2165  7359 D PowerManagerService: releaseWakeLockInternal: lock=262157106 [*dexopt*], flags=0x0,packageName=android, total_time=17ms
09-06 04:56:41.063  2165  7359 D PowerManagerService: acquireWakeLockInternal: lock=262157106, flags=0x1, tag="*dexopt*", ws=WorkSource{1001}, uid=1000, pid=2165, packageName=android
09-06 04:56:41.083  2165  7359 D PowerManagerService: releaseWakeLockInternal: lock=262157106 [*dexopt*], flags=0x0,packageName=android, total_time=20ms
09-06 04:56:41.084  2165  7359 D PowerManagerService: acquireWakeLockInternal: lock=262157106, flags=0x1, tag="*dexopt*", ws=WorkSource{1000}, uid=1000, pid=2165, packageName=android
09-06 04:56:41.102  2165  7359 D PowerManagerService: releaseWakeLockInternal: lock=262157106 [*dexopt*], flags=0x0,packageName=android, total_time=18ms
09-06 04:56:41.103  2165  7359 D PowerManagerService: acquireWakeLockInternal: lock=262157106, flags=0x1, tag="*dexopt*", ws=WorkSource{10160}, uid=1000, pid=2165, packageName=android
09-06 04:56:41.109  2165  6763 V AlarmManager: APP set(PendingIntent{1fa1ff9: PendingIntentRecord{e448423 com.google.android.calendar broadcastIntent}}) : type=1 triggerAtTime=1599462033692 win=51474437 tElapsed=68731658 maxElapsed=120206095 interval=0 flags=0x0
09-06 04:56:41.128  2165  7359 D PowerManagerService: releaseWakeLockInternal: lock=262157106 [*dexopt*], flags=0x0,packageName=android, total_time=25ms
09-06 04:56:41.130  2165  7359 D PowerManagerService: acquireWakeLockInternal: lock=262157106, flags=0x1, tag="*dexopt*", ws=WorkSource{10162}, uid=1000, pid=2165, packageName=android
09-06 04:56:41.143  2165  2176 V AlarmManager: APP set(PendingIntent{726936d: PendingIntentRecord{fa62ba2 com.google.android.calendar broadcastIntent}}) : type=1 triggerAtTime=1599462212640 win=51608622 tElapsed=68910605 maxElapsed=120519227 interval=0 flags=0x0
09-06 04:56:41.150  2165  7359 D PowerManagerService: releaseWakeLockInternal: lock=262157106 [*dexopt*], flags=0x0,packageName=android, total_time=20ms
09-06 04:56:41.151  2165  7359 D PowerManagerService: acquireWakeLockInternal: lock=262157106, flags=0x1, tag="*dexopt*", ws=WorkSource{10138}, uid=1000, pid=2165, packageName=android
09-06 04:56:41.155  2165  7359 D PowerManagerService: releaseWakeLockInternal: lock=262157106 [*dexopt*], flags=0x0,packageName=android, total_time=3ms
09-06 04:56:41.156  2165  7359 D PowerManagerService: acquireWakeLockInternal: lock=262157106, flags=0x1, tag="*dexopt*", ws=WorkSource{10145}, uid=1000, pid=2165, packageName=android
09-06 04:56:41.162  2165  3585 V AlarmManager: APP set(PendingIntent{da5f969: PendingIntentRecord{1df5fee com.google.android.calendar broadcastIntent}}) : type=1 triggerAtTime=1599462500082 win=51824190 tElapsed=69198047 maxElapsed=121022237 interval=0 flags=0x0
09-06 04:56:41.192  2165  7359 D PowerManagerService: releaseWakeLockInternal: lock=262157106 [*dexopt*], flags=0x0,packageName=android, total_time=36ms
09-06 04:56:41.207  2165  2859 I ActivityManager: Start proc 7429:com.google.android.gm/u0a92 for broadcast com.google.android.gm/androidx.work.impl.background.systemalarm.RescheduleReceiver
09-06 04:56:41.208  2165  7359 D PowerManagerService: acquireWakeLockInternal: lock=262157106, flags=0x1, tag="*dexopt*", ws=WorkSource{10101}, uid=1000, pid=2165, packageName=android
09-06 04:56:41.209  2165  6763 I ActivityManager: Killing 6875:org.simalliance.openmobileapi.service:receiver/u0a109 (adj 906): empty #13
09-06 04:56:41.224  2165  7359 D PowerManagerService: releaseWakeLockInternal: lock=262157106 [*dexopt*], flags=0x0,packageName=android, total_time=15ms
09-06 04:56:41.225  2165  7359 D PowerManagerService: acquireWakeLockInternal: lock=262157106, flags=0x1, tag="*dexopt*", ws=WorkSource{10136}, uid=1000, pid=2165, packageName=android
09-06 04:56:41.243  2165  7359 D PowerManagerService: releaseWakeLockInternal: lock=262157106 [*dexopt*], flags=0x0,packageName=android, total_time=18ms
09-06 04:56:41.247  2165  7359 D PowerManagerService: acquireWakeLockInternal: lock=262157106, flags=0x1, tag="*dexopt*", ws=WorkSource{10129}, uid=1000, pid=2165, packageName=android
09-06 04:56:41.252  2165  7359 D PowerManagerService: releaseWakeLockInternal: lock=262157106 [*dexopt*], flags=0x0,packageName=android, total_time=5ms
09-06 04:56:41.253  2165  7359 D PowerManagerService: acquireWakeLockInternal: lock=262157106, flags=0x1, tag="*dexopt*", ws=WorkSource{10085}, uid=1000, pid=2165, packageName=android
09-06 04:56:41.256  2165  7359 D PowerManagerService: releaseWakeLockInternal: lock=262157106 [*dexopt*], flags=0x0,packageName=android, total_time=3ms
09-06 04:56:41.257  2165  7359 D PowerManagerService: acquireWakeLockInternal: lock=262157106, flags=0x1, tag="*dexopt*", ws=WorkSource{1000}, uid=1000, pid=2165, packageName=android
09-06 04:56:41.279  2165  7359 D PowerManagerService: releaseWakeLockInternal: lock=262157106 [*dexopt*], flags=0x0,packageName=android, total_time=22ms
09-06 04:56:41.281  2165  7359 D PowerManagerService: acquireWakeLockInternal: lock=262157106, flags=0x1, tag="*dexopt*", ws=WorkSource{10039}, uid=1000, pid=2165, packageName=android
09-06 04:56:41.299  2165  7359 D PowerManagerService: releaseWakeLockInternal: lock=262157106 [*dexopt*], flags=0x0,packageName=android, total_time=18ms
09-06 04:56:41.303  2165  7359 D PowerManagerService: acquireWakeLockInternal: lock=262157106, flags=0x1, tag="*dexopt*", ws=WorkSource{10100}, uid=1000, pid=2165, packageName=android
09-06 04:56:41.316  2165  7359 D PowerManagerService: releaseWakeLockInternal: lock=262157106 [*dexopt*], flags=0x0,packageName=android, total_time=12ms
09-06 04:56:41.321  2165  7359 D PowerManagerService: acquireWakeLockInternal: lock=262157106, flags=0x1, tag="*dexopt*", ws=WorkSource{1001}, uid=1000, pid=2165, packageName=android
09-06 04:56:41.332  2165  7359 D PowerManagerService: releaseWakeLockInternal: lock=262157106 [*dexopt*], flags=0x0,packageName=android, total_time=11ms
09-06 04:56:41.333  2165  7359 D PowerManagerService: acquireWakeLockInternal: lock=262157106, flags=0x1, tag="*dexopt*", ws=WorkSource{10036}, uid=1000, pid=2165, packageName=android
09-06 04:56:41.342  2165  7359 D PowerManagerService: releaseWakeLockInternal: lock=262157106 [*dexopt*], flags=0x0,packageName=android, total_time=9ms
09-06 04:56:41.344  2165  7359 D PowerManagerService: acquireWakeLockInternal: lock=262157106, flags=0x1, tag="*dexopt*", ws=WorkSource{10053}, uid=1000, pid=2165, packageName=android
09-06 04:56:41.358  2165  7359 D PowerManagerService: releaseWakeLockInternal: lock=262157106 [*dexopt*], flags=0x0,packageName=android, total_time=14ms
09-06 04:56:41.359  2165  7359 D PowerManagerService: acquireWakeLockInternal: lock=262157106, flags=0x1, tag="*dexopt*", ws=WorkSource{10066}, uid=1000, pid=2165, packageName=android
09-06 04:56:41.371  2165  7359 D PowerManagerService: releaseWakeLockInternal: lock=262157106 [*dexopt*], flags=0x0,packageName=android, total_time=12ms
09-06 04:56:41.372  2165  7359 D PowerManagerService: acquireWakeLockInternal: lock=262157106, flags=0x1, tag="*dexopt*", ws=WorkSource{10103}, uid=1000, pid=2165, packageName=android
09-06 04:56:41.385  2165  7359 D PowerManagerService: releaseWakeLockInternal: lock=262157106 [*dexopt*], flags=0x0,packageName=android, total_time=12ms
09-06 04:56:41.386  2165  7359 D PowerManagerService: acquireWakeLockInternal: lock=262157106, flags=0x1, tag="*dexopt*", ws=WorkSource{10154}, uid=1000, pid=2165, packageName=android
09-06 04:56:41.396  2165  7359 D PowerManagerService: releaseWakeLockInternal: lock=262157106 [*dexopt*], flags=0x0,packageName=android, total_time=11ms
09-06 04:56:41.398  2165  7359 D PowerManagerService: acquireWakeLockInternal: lock=262157106, flags=0x1, tag="*dexopt*", ws=WorkSource{10078}, uid=1000, pid=2165, packageName=android
09-06 04:56:41.408  2165  7359 D PowerManagerService: releaseWakeLockInternal: lock=262157106 [*dexopt*], flags=0x0,packageName=android, total_time=10ms
09-06 04:56:41.411  2165  7359 D PowerManagerService: acquireWakeLockInternal: lock=262157106, flags=0x1, tag="*dexopt*", ws=WorkSource{10051}, uid=1000, pid=2165, packageName=android
09-06 04:56:41.422  2165  7359 D PowerManagerService: releaseWakeLockInternal: lock=262157106 [*dexopt*], flags=0x0,packageName=android, total_time=12ms
09-06 04:56:41.424  2165  7359 D PowerManagerService: acquireWakeLockInternal: lock=262157106, flags=0x1, tag="*dexopt*", ws=WorkSource{10117}, uid=1000, pid=2165, packageName=android
09-06 04:56:41.455  2165  7359 D PowerManagerService: releaseWakeLockInternal: lock=262157106 [*dexopt*], flags=0x0,packageName=android, total_time=31ms
09-06 04:56:41.456  2165  7359 D PowerManagerService: acquireWakeLockInternal: lock=262157106, flags=0x1, tag="*dexopt*", ws=WorkSource{1000}, uid=1000, pid=2165, packageName=android
09-06 04:56:41.469  2165  7359 D PowerManagerService: releaseWakeLockInternal: lock=262157106 [*dexopt*], flags=0x0,packageName=android, total_time=12ms
09-06 04:56:41.470  2165  7359 D PowerManagerService: acquireWakeLockInternal: lock=262157106, flags=0x1, tag="*dexopt*", ws=WorkSource{10064}, uid=1000, pid=2165, packageName=android
09-06 04:56:41.500  2165  7359 D PowerManagerService: releaseWakeLockInternal: lock=262157106 [*dexopt*], flags=0x0,packageName=android, total_time=29ms
09-06 04:56:41.501  2165  7359 D PowerManagerService: acquireWakeLockInternal: lock=262157106, flags=0x1, tag="*dexopt*", ws=WorkSource{10199}, uid=1000, pid=2165, packageName=android
09-06 04:56:41.523  2165  2176 V AlarmManager: APP set(PendingIntent{b9bc325: PendingIntentRecord{42aeb4c com.google.android.calendar broadcastIntent}}) : type=0 triggerAtTime=1599479801183 win=0 tElapsed=86499149 maxElapsed=86499149 interval=0 flags=0x5
09-06 04:56:41.525  2165  7359 D PowerManagerService: releaseWakeLockInternal: lock=262157106 [*dexopt*], flags=0x0,packageName=android, total_time=24ms
09-06 04:56:41.526  2165  7359 D PowerManagerService: acquireWakeLockInternal: lock=262157106, flags=0x1, tag="*dexopt*", ws=WorkSource{10187}, uid=1000, pid=2165, packageName=android
09-06 04:56:41.540  2165  3585 D PowerManagerService: acquireWakeLockInternal: lock=174427386, flags=0x1, tag="Wakeful StateMachine: GeofencerStateMachine", ws=WorkSource{10040 com.google.android.gms}, uid=10040, pid=2954, packageName=com.google.android.gms
09-06 04:56:41.543  2165  2176 D PowerManagerService: releaseWakeLockInternal: lock=174427386 [Wakeful StateMachine: GeofencerStateMachine], flags=0x0,packageName=com.google.android.gms, total_time=3ms
09-06 04:56:41.546  2165  7359 D PowerManagerService: releaseWakeLockInternal: lock=262157106 [*dexopt*], flags=0x0,packageName=android, total_time=19ms
09-06 04:56:41.547  2165  7359 D PowerManagerService: acquireWakeLockInternal: lock=262157106, flags=0x1, tag="*dexopt*", ws=WorkSource{1001}, uid=1000, pid=2165, packageName=android
09-06 04:56:41.559  2165  3585 V AlarmManager: APP set(PendingIntent{18d62ab: PendingIntentRecord{91a50aa com.google.android.calendar broadcastIntent}}) : type=0 triggerAtTime=1599479801551 win=0 tElapsed=86499517 maxElapsed=86499517 interval=0 flags=0x5
09-06 04:56:41.564  2165  7359 D PowerManagerService: releaseWakeLockInternal: lock=262157106 [*dexopt*], flags=0x0,packageName=android, total_time=16ms
09-06 04:56:41.565  2165  7359 D PowerManagerService: acquireWakeLockInternal: lock=262157106, flags=0x1, tag="*dexopt*", ws=WorkSource{10194}, uid=1000, pid=2165, packageName=android
09-06 04:56:41.593  2165  7359 D PowerManagerService: releaseWakeLockInternal: lock=262157106 [*dexopt*], flags=0x0,packageName=android, total_time=28ms
09-06 04:56:41.595  2165  7359 D PowerManagerService: acquireWakeLockInternal: lock=262157106, flags=0x1, tag="*dexopt*", ws=WorkSource{10179}, uid=1000, pid=2165, packageName=android
09-06 04:56:41.619  2165  7359 D PowerManagerService: releaseWakeLockInternal: lock=262157106 [*dexopt*], flags=0x0,packageName=android, total_time=24ms
09-06 04:56:41.620  2165  7359 D PowerManagerService: acquireWakeLockInternal: lock=262157106, flags=0x1, tag="*dexopt*", ws=WorkSource{10081}, uid=1000, pid=2165, packageName=android
09-06 04:56:41.644  2165  7359 D PowerManagerService: releaseWakeLockInternal: lock=262157106 [*dexopt*], flags=0x0,packageName=android, total_time=24ms
09-06 04:56:41.645  2165  7359 D PowerManagerService: acquireWakeLockInternal: lock=262157106, flags=0x1, tag="*dexopt*", ws=WorkSource{10067}, uid=1000, pid=2165, packageName=android
09-06 04:56:41.657  2165  7359 D PowerManagerService: releaseWakeLockInternal: lock=262157106 [*dexopt*], flags=0x0,packageName=android, total_time=12ms
09-06 04:56:41.658  2165  7359 D PowerManagerService: acquireWakeLockInternal: lock=262157106, flags=0x1, tag="*dexopt*", ws=WorkSource{10053}, uid=1000, pid=2165, packageName=android
09-06 04:56:41.681  2165  7359 D PowerManagerService: releaseWakeLockInternal: lock=262157106 [*dexopt*], flags=0x0,packageName=android, total_time=23ms
09-06 04:56:41.682  2165  7359 D PowerManagerService: acquireWakeLockInternal: lock=262157106, flags=0x1, tag="*dexopt*", ws=WorkSource{1027}, uid=1000, pid=2165, packageName=android
09-06 04:56:41.699  2165  7359 D PowerManagerService: releaseWakeLockInternal: lock=262157106 [*dexopt*], flags=0x0,packageName=android, total_time=17ms
09-06 04:56:41.700  2165  7359 D PowerManagerService: acquireWakeLockInternal: lock=262157106, flags=0x1, tag="*dexopt*", ws=WorkSource{10032}, uid=1000, pid=2165, packageName=android
09-06 04:56:41.712  2165  7359 D PowerManagerService: releaseWakeLockInternal: lock=262157106 [*dexopt*], flags=0x0,packageName=android, total_time=11ms
09-06 04:56:41.713  2165  7359 D PowerManagerService: acquireWakeLockInternal: lock=262157106, flags=0x1, tag="*dexopt*", ws=WorkSource{10158}, uid=1000, pid=2165, packageName=android
09-06 04:56:41.723  7429  7429 D ActivityThread: Loading provider com.google.android.gm.sapi: com.google.android.gm.sapi.SapiUiProvider
09-06 04:56:41.728  2165  7359 D PowerManagerService: releaseWakeLockInternal: lock=262157106 [*dexopt*], flags=0x0,packageName=android, total_time=15ms
09-06 04:56:41.729  2165  7359 D PowerManagerService: acquireWakeLockInternal: lock=262157106, flags=0x1, tag="*dexopt*", ws=WorkSource{10071}, uid=1000, pid=2165, packageName=android
09-06 04:56:41.734  2165  7359 D PowerManagerService: releaseWakeLockInternal: lock=262157106 [*dexopt*], flags=0x0,packageName=android, total_time=5ms
09-06 04:56:41.735  2165  7359 D PowerManagerService: acquireWakeLockInternal: lock=262157106, flags=0x1, tag="*dexopt*", ws=WorkSource{10061}, uid=1000, pid=2165, packageName=android
09-06 04:56:41.747  2165  7359 D PowerManagerService: releaseWakeLockInternal: lock=262157106 [*dexopt*], flags=0x0,packageName=android, total_time=12ms
09-06 04:56:41.748  2165  7359 D PowerManagerService: acquireWakeLockInternal: lock=262157106, flags=0x1, tag="*dexopt*", ws=WorkSource{10092}, uid=1000, pid=2165, packageName=android
09-06 04:56:41.753  2165  7359 D PowerManagerService: releaseWakeLockInternal: lock=262157106 [*dexopt*], flags=0x0,packageName=android, total_time=4ms
09-06 04:56:41.754  2165  7359 D PowerManagerService: acquireWakeLockInternal: lock=262157106, flags=0x1, tag="*dexopt*", ws=WorkSource{10206}, uid=1000, pid=2165, packageName=android
09-06 04:56:41.772  2165  7359 D PowerManagerService: releaseWakeLockInternal: lock=262157106 [*dexopt*], flags=0x0,packageName=android, total_time=18ms
09-06 04:56:41.773  2165  7359 D PowerManagerService: acquireWakeLockInternal: lock=262157106, flags=0x1, tag="*dexopt*", ws=WorkSource{10102}, uid=1000, pid=2165, packageName=android
09-06 04:56:41.780  2165  7359 D PowerManagerService: releaseWakeLockInternal: lock=262157106 [*dexopt*], flags=0x0,packageName=android, total_time=7ms
09-06 04:56:41.782  2165  7359 D PowerManagerService: acquireWakeLockInternal: lock=262157106, flags=0x1, tag="*dexopt*", ws=WorkSource{1001}, uid=1000, pid=2165, packageName=android
09-06 04:56:41.795  2165  7359 D PowerManagerService: releaseWakeLockInternal: lock=262157106 [*dexopt*], flags=0x0,packageName=android, total_time=14ms
09-06 04:56:41.796  2165  7359 D PowerManagerService: acquireWakeLockInternal: lock=262157106, flags=0x1, tag="*dexopt*", ws=WorkSource{10153}, uid=1000, pid=2165, packageName=android
09-06 04:56:41.823  2165  7359 D PowerManagerService: releaseWakeLockInternal: lock=262157106 [*dexopt*], flags=0x0,packageName=android, total_time=27ms
09-06 04:56:41.824  2165  7359 D PowerManagerService: acquireWakeLockInternal: lock=262157106, flags=0x1, tag="*dexopt*", ws=WorkSource{1000}, uid=1000, pid=2165, packageName=android
09-06 04:56:41.830  2165  7359 D PowerManagerService: releaseWakeLockInternal: lock=262157106 [*dexopt*], flags=0x0,packageName=android, total_time=6ms
09-06 04:56:41.831  2165  7359 D PowerManagerService: acquireWakeLockInternal: lock=262157106, flags=0x1, tag="*dexopt*", ws=WorkSource{10146}, uid=1000, pid=2165, packageName=android
09-06 04:56:41.858  2165  2176 V SettingsProvider: packageValueForCallResult, name = android_id, value : Bundle[{_track_generation=android.util.MemoryIntArray@5d, value=f3b72abdd1384ad0, _generation_index=1, _generation=1}]
09-06 04:56:41.863  2165  2390 D WifiController: battery changed pluggedType: 2
09-06 04:56:41.869  2165  7359 D PowerManagerService: releaseWakeLockInternal: lock=262157106 [*dexopt*], flags=0x0,packageName=android, total_time=38ms
09-06 04:56:41.870  2165  7359 D PowerManagerService: acquireWakeLockInternal: lock=262157106, flags=0x1, tag="*dexopt*", ws=WorkSource{10209}, uid=1000, pid=2165, packageName=android
09-06 04:56:41.881  2165  2239 E BatteryExternalStatsWorker: no controller energy info supplied for wifi
09-06 04:56:41.882  2165  2239 E BatteryExternalStatsWorker: no controller energy info supplied for bluetooth
09-06 04:56:41.909  2165  3225 D PowerManagerService: acquireWakeLockInternal: lock=123314334, flags=0x1, tag="RILJ", ws=null, uid=1001, pid=2832, packageName=com.android.phone
09-06 04:56:41.925  2165  7359 D PowerManagerService: releaseWakeLockInternal: lock=262157106 [*dexopt*], flags=0x0,packageName=android, total_time=54ms
09-06 04:56:41.926  2165  7359 D PowerManagerService: acquireWakeLockInternal: lock=262157106, flags=0x1, tag="*dexopt*", ws=WorkSource{10202}, uid=1000, pid=2165, packageName=android
09-06 04:56:41.935  2165  2390 D WifiController: battery changed pluggedType: 2
09-06 04:56:41.939  2165  6763 D PowerManagerService: releaseWakeLockInternal: lock=123314334 [RILJ], flags=0x0,packageName=com.android.phone, total_time=30ms
09-06 04:56:41.965  2165  7359 D PowerManagerService: releaseWakeLockInternal: lock=262157106 [*dexopt*], flags=0x0,packageName=android, total_time=39ms
09-06 04:56:41.968  2165  7359 D PowerManagerService: acquireWakeLockInternal: lock=262157106, flags=0x1, tag="*dexopt*", ws=WorkSource{10047}, uid=1000, pid=2165, packageName=android
09-06 04:56:42.007  2165  2239 E BatteryExternalStatsWorker: no controller energy info supplied for wifi
09-06 04:56:42.007  2165  2239 E BatteryExternalStatsWorker: no controller energy info supplied for bluetooth
09-06 04:56:42.009  2165  2176 D PowerManagerService: acquireWakeLockInternal: lock=123314334, flags=0x1, tag="RILJ", ws=null, uid=1001, pid=2832, packageName=com.android.phone
09-06 04:56:42.016  2165  7359 D PowerManagerService: releaseWakeLockInternal: lock=262157106 [*dexopt*], flags=0x0,packageName=android, total_time=48ms
09-06 04:56:42.017  2165  7359 D PowerManagerService: acquireWakeLockInternal: lock=262157106, flags=0x1, tag="*dexopt*", ws=WorkSource{1000}, uid=1000, pid=2165, packageName=android
09-06 04:56:42.037  2165  7359 D PowerManagerService: releaseWakeLockInternal: lock=262157106 [*dexopt*], flags=0x0,packageName=android, total_time=20ms
09-06 04:56:42.040  2165  6621 D PowerManagerService: releaseWakeLockInternal: lock=123314334 [RILJ], flags=0x0,packageName=com.android.phone, total_time=30ms
09-06 04:56:42.049  2165  7359 D PowerManagerService: acquireWakeLockInternal: lock=262157106, flags=0x1, tag="*dexopt*", ws=WorkSource{1000}, uid=1000, pid=2165, packageName=android
09-06 04:56:42.086  2165  7359 D PowerManagerService: releaseWakeLockInternal: lock=262157106 [*dexopt*], flags=0x0,packageName=android, total_time=37ms
09-06 04:56:42.087  2165  7359 D PowerManagerService: acquireWakeLockInternal: lock=262157106, flags=0x1, tag="*dexopt*", ws=WorkSource{10060}, uid=1000, pid=2165, packageName=android
09-06 04:56:42.096  2165  7359 D PowerManagerService: releaseWakeLockInternal: lock=262157106 [*dexopt*], flags=0x0,packageName=android, total_time=9ms
09-06 04:56:42.097  2165  7359 D PowerManagerService: acquireWakeLockInternal: lock=262157106, flags=0x1, tag="*dexopt*", ws=WorkSource{1000}, uid=1000, pid=2165, packageName=android
09-06 04:56:42.103  2165  7359 D PowerManagerService: releaseWakeLockInternal: lock=262157106 [*dexopt*], flags=0x0,packageName=android, total_time=6ms
09-06 04:56:42.104  2165  7359 D PowerManagerService: acquireWakeLockInternal: lock=262157106, flags=0x1, tag="*dexopt*", ws=WorkSource{10108}, uid=1000, pid=2165, packageName=android
09-06 04:56:42.130  2165  7359 D PowerManagerService: releaseWakeLockInternal: lock=262157106 [*dexopt*], flags=0x0,packageName=android, total_time=26ms
09-06 04:56:42.131  2165  7359 D PowerManagerService: acquireWakeLockInternal: lock=262157106, flags=0x1, tag="*dexopt*", ws=WorkSource{10107}, uid=1000, pid=2165, packageName=android
09-06 04:56:42.149  2165  7359 D PowerManagerService: releaseWakeLockInternal: lock=262157106 [*dexopt*], flags=0x0,packageName=android, total_time=18ms
09-06 04:56:42.150  2165  7359 D PowerManagerService: acquireWakeLockInternal: lock=262157106, flags=0x1, tag="*dexopt*", ws=WorkSource{10155}, uid=1000, pid=2165, packageName=android
09-06 04:56:42.197  2165  7359 D PowerManagerService: releaseWakeLockInternal: lock=262157106 [*dexopt*], flags=0x0,packageName=android, total_time=47ms
09-06 04:56:42.198  2165  7359 D PowerManagerService: acquireWakeLockInternal: lock=262157106, flags=0x1, tag="*dexopt*", ws=WorkSource{10111}, uid=1000, pid=2165, packageName=android
09-06 04:56:42.209  2165  7359 D PowerManagerService: releaseWakeLockInternal: lock=262157106 [*dexopt*], flags=0x0,packageName=android, total_time=11ms
09-06 04:56:42.210  2165  7359 D PowerManagerService: acquireWakeLockInternal: lock=262157106, flags=0x1, tag="*dexopt*", ws=WorkSource{10099}, uid=1000, pid=2165, packageName=android
09-06 04:56:42.219  2165  7359 D PowerManagerService: releaseWakeLockInternal: lock=262157106 [*dexopt*], flags=0x0,packageName=android, total_time=9ms
09-06 04:56:42.221  2165  7359 D PowerManagerService: acquireWakeLockInternal: lock=262157106, flags=0x1, tag="*dexopt*", ws=WorkSource{10073}, uid=1000, pid=2165, packageName=android
09-06 04:56:42.232  2165  7359 D PowerManagerService: releaseWakeLockInternal: lock=262157106 [*dexopt*], flags=0x0,packageName=android, total_time=11ms
09-06 04:56:42.233  2165  7359 D PowerManagerService: acquireWakeLockInternal: lock=262157106, flags=0x1, tag="*dexopt*", ws=WorkSource{1000}, uid=1000, pid=2165, packageName=android
09-06 04:56:42.243  2165  3585 I ActivityManager: Killing 6820:com.tcl.exchange/u0a115 (adj 906): empty #13
09-06 04:56:42.249  2165  7359 D PowerManagerService: releaseWakeLockInternal: lock=262157106 [*dexopt*], flags=0x0,packageName=android, total_time=16ms
09-06 04:56:42.249  2165  7359 D PowerManagerService: acquireWakeLockInternal: lock=262157106, flags=0x1, tag="*dexopt*", ws=WorkSource{1000}, uid=1000, pid=2165, packageName=android
09-06 04:56:42.250  2165  4626 D PowerManagerService: acquireWakeLockInternal: lock=2646089, flags=0x1, tag="IntentOp:com.google.android.gms/.chimera.GmsIntentOperationService", ws=WorkSource{10040 com.google.android.gms}, uid=10040, pid=2954, packageName=com.google.android.gms
09-06 04:56:42.261  2165  7359 D PowerManagerService: releaseWakeLockInternal: lock=262157106 [*dexopt*], flags=0x0,packageName=android, total_time=12ms
09-06 04:56:42.262  2165  7359 D PowerManagerService: acquireWakeLockInternal: lock=262157106, flags=0x1, tag="*dexopt*", ws=WorkSource{10034}, uid=1000, pid=2165, packageName=android
09-06 04:56:42.264  2165  3585 D PowerManagerService: acquireWakeLockInternal: lock=268266830, flags=0x1, tag="IntentOp:.reminders.notification.RefreshNotificationsIntentOperation", ws=WorkSource{10040 com.google.android.gms}, uid=10040, pid=3281, packageName=com.google.android.gms
09-06 04:56:42.273  2165  6621 D PowerManagerService: releaseWakeLockInternal: lock=2646089 [IntentOp:com.google.android.gms/.chimera.GmsIntentOperationService], flags=0x0,packageName=com.google.android.gms, total_time=23ms
09-06 04:56:42.277  2165  6621 D AlarmManager: setImpl mPackage = com.google.android.gms, type = 0
09-06 04:56:42.277  2165  6621 V AlarmManager: APP set(PendingIntent{e897e6f: PendingIntentRecord{768d22d com.google.android.gms startService}}) : type=1 triggerAtTime=1599462000000 win=0 tElapsed=68697966 maxElapsed=68697966 interval=0 flags=0x5
09-06 04:56:42.291  2165  7359 D PowerManagerService: releaseWakeLockInternal: lock=262157106 [*dexopt*], flags=0x0,packageName=android, total_time=28ms
09-06 04:56:42.307  2165  2761 I ActivityManager: Start proc 7517:com.google.android.keep/u0a114 for broadcast com.google.android.keep/.notification.ReminderNotificationReceiver
09-06 04:56:42.315  2165  7359 D PowerManagerService: acquireWakeLockInternal: lock=262157106, flags=0x1, tag="*dexopt*", ws=WorkSource{10185}, uid=1000, pid=2165, packageName=android
09-06 04:56:42.320  2165  3225 D PowerManagerService: releaseWakeLockInternal: lock=268266830 [IntentOp:.reminders.notification.RefreshNotificationsIntentOperation], flags=0x0,packageName=com.google.android.gms, total_time=56ms
09-06 04:56:42.323  2165  6763 D PowerManagerService: acquireWakeLockInternal: lock=54988890, flags=0x1, tag="IntentOp:.reminders.notification.ScheduleTimeRemindersIntentOperation", ws=WorkSource{10040 com.google.android.gms}, uid=10040, pid=3281, packageName=com.google.android.gms
09-06 04:56:42.328  2165  6763 D PowerManagerService: releaseWakeLockInternal: lock=54988890 [IntentOp:.reminders.notification.ScheduleTimeRemindersIntentOperation], flags=0x0,packageName=com.google.android.gms, total_time=5ms
09-06 04:56:42.350  2165  7359 D PowerManagerService: releaseWakeLockInternal: lock=262157106 [*dexopt*], flags=0x0,packageName=android, total_time=35ms
09-06 04:56:42.351  2165  7359 D PowerManagerService: acquireWakeLockInternal: lock=262157106, flags=0x1, tag="*dexopt*", ws=WorkSource{10076}, uid=1000, pid=2165, packageName=android
09-06 04:56:42.376  2165  7359 D PowerManagerService: releaseWakeLockInternal: lock=262157106 [*dexopt*], flags=0x0,packageName=android, total_time=24ms
09-06 04:56:42.377  2165  7359 D PowerManagerService: acquireWakeLockInternal: lock=262157106, flags=0x1, tag="*dexopt*", ws=WorkSource{10130}, uid=1000, pid=2165, packageName=android
09-06 04:56:42.395  2165  7359 D PowerManagerService: releaseWakeLockInternal: lock=262157106 [*dexopt*], flags=0x0,packageName=android, total_time=17ms
09-06 04:56:42.396  2165  7359 D PowerManagerService: acquireWakeLockInternal: lock=262157106, flags=0x1, tag="*dexopt*", ws=WorkSource{10137}, uid=1000, pid=2165, packageName=android
09-06 04:56:42.400  2165  3225 V AlarmManager: APP set(PendingIntent{bd9928b: PendingIntentRecord{ed5f855 com.google.android.gms startService}}) : type=1 triggerAtTime=9223372036854775807 win=6917527828096029696 tElapsed=9223370437461473772 maxElapsed=-2305845808152048148 interval=0 flags=0x0
09-06 04:56:42.410  2165  7359 D PowerManagerService: releaseWakeLockInternal: lock=262157106 [*dexopt*], flags=0x0,packageName=android, total_time=14ms
09-06 04:56:42.411  2165  7359 D PowerManagerService: acquireWakeLockInternal: lock=262157106, flags=0x1, tag="*dexopt*", ws=WorkSource{10170}, uid=1000, pid=2165, packageName=android
09-06 04:56:42.427  2165  7359 D PowerManagerService: releaseWakeLockInternal: lock=262157106 [*dexopt*], flags=0x0,packageName=android, total_time=16ms
09-06 04:56:42.428  2165  7359 D PowerManagerService: acquireWakeLockInternal: lock=262157106, flags=0x1, tag="*dexopt*", ws=WorkSource{10197}, uid=1000, pid=2165, packageName=android
09-06 04:56:42.445  2165  7359 D PowerManagerService: releaseWakeLockInternal: lock=262157106 [*dexopt*], flags=0x0,packageName=android, total_time=17ms
09-06 04:56:42.446  2165  7359 D PowerManagerService: acquireWakeLockInternal: lock=262157106, flags=0x1, tag="*dexopt*", ws=WorkSource{10167}, uid=1000, pid=2165, packageName=android
09-06 04:56:42.464  2165  7359 D PowerManagerService: releaseWakeLockInternal: lock=262157106 [*dexopt*], flags=0x0,packageName=android, total_time=18ms
09-06 04:56:42.465  2165  7359 D PowerManagerService: acquireWakeLockInternal: lock=262157106, flags=0x1, tag="*dexopt*", ws=WorkSource{10057}, uid=1000, pid=2165, packageName=android
09-06 04:56:42.478  2165  7359 D PowerManagerService: releaseWakeLockInternal: lock=262157106 [*dexopt*], flags=0x0,packageName=android, total_time=13ms
09-06 04:56:42.479  2165  7359 D PowerManagerService: acquireWakeLockInternal: lock=262157106, flags=0x1, tag="*dexopt*", ws=WorkSource{10176}, uid=1000, pid=2165, packageName=android
09-06 04:56:42.494  2165  7359 D PowerManagerService: releaseWakeLockInternal: lock=262157106 [*dexopt*], flags=0x0,packageName=android, total_time=15ms
09-06 04:56:42.496  2165  7359 D PowerManagerService: acquireWakeLockInternal: lock=262157106, flags=0x1, tag="*dexopt*", ws=WorkSource{10095}, uid=1000, pid=2165, packageName=android
09-06 04:56:42.522  2165  2372 D DataShapingService: [openLteDataUpLinkGate] isForce: false
09-06 04:56:42.522  2165  2372 D DataShapingService: Alarm manager openLteDataUpLinkGate: false
09-06 04:56:42.522  2165  2372 I DataShapingService: openLteGateSuccess = false
09-06 04:56:42.522  2165  2372 D AlarmManager: wakeup alarm = Alarm{8cbef68 type 2 when 100487 android}; listener package = *job.delay*
09-06 04:56:42.523  2165  2165 V AlarmManager: APP set with listener(*job.delay*) : type=2 triggerAtTime=104170 win=0 tElapsed=105489 maxElapsed=105489 interval=0 flags=0x0
09-06 04:56:42.524  2165  2165 V JobSchedulerService: validNewProc:  package=com.squareup.cash alive=false restrict=true tempRestrict=false defalutInputMethod=false useInLauncher=false
09-06 04:56:42.525  2165  2165 V JobSchedulerService: validNewProc:  package=com.metropcs.metrozone alive=false restrict=false tempRestrict=false defalutInputMethod=false useInLauncher=false
09-06 04:56:42.525  2165  2165 V JobSchedulerService: validNewProc:  package=com.google.android.apps.photos alive=true restrict=false tempRestrict=false defalutInputMethod=false useInLauncher=false
09-06 04:56:42.525  2165  2165 V JobSchedulerService: validNewProc:  package=com.google.android.inputmethod.latin alive=true restrict=false tempRestrict=false defalutInputMethod=true useInLauncher=false
09-06 04:56:42.526  2165  2165 V JobSchedulerService: validNewProc:  package=android alive=true restrict=false tempRestrict=false defalutInputMethod=true useInLauncher=false
09-06 04:56:42.530  2165  7359 D PowerManagerService: releaseWakeLockInternal: lock=262157106 [*dexopt*], flags=0x0,packageName=android, total_time=34ms
09-06 04:56:42.532  2165  7359 D PowerManagerService: acquireWakeLockInternal: lock=262157106, flags=0x1, tag="*dexopt*", ws=WorkSource{10119}, uid=1000, pid=2165, packageName=android
09-06 04:56:42.535  2165  2165 D PowerManagerService: acquireWakeLockInternal: lock=69507604, flags=0x1, tag="*job*/com.google.android.apps.photos/.dbprocessor.impl.DatabaseProcessorJobService", ws=WorkSource{10121}, uid=1000, pid=2165, packageName=android
09-06 04:56:42.546  2165  7359 D PowerManagerService: releaseWakeLockInternal: lock=262157106 [*dexopt*], flags=0x0,packageName=android, total_time=13ms
09-06 04:56:42.547  2165  7359 D PowerManagerService: acquireWakeLockInternal: lock=262157106, flags=0x1, tag="*dexopt*", ws=WorkSource{10208}, uid=1000, pid=2165, packageName=android
09-06 04:56:42.581  2165  7359 D PowerManagerService: releaseWakeLockInternal: lock=262157106 [*dexopt*], flags=0x0,packageName=android, total_time=33ms
09-06 04:56:42.582  2165  7359 D PowerManagerService: acquireWakeLockInternal: lock=262157106, flags=0x1, tag="*dexopt*", ws=WorkSource{10157}, uid=1000, pid=2165, packageName=android
09-06 04:56:42.594  2165  2837 D PowerManagerService: releaseWakeLockInternal: lock=69507604 [*job*/com.google.android.apps.photos/.dbprocessor.impl.DatabaseProcessorJobService], flags=0x0,packageName=android, total_time=58ms
09-06 04:56:42.596  2165  2165 V JobSchedulerService: validNewProc:  package=com.squareup.cash alive=false restrict=true tempRestrict=false defalutInputMethod=false useInLauncher=false
09-06 04:56:42.597  2165  2165 V JobSchedulerService: validNewProc:  package=com.metropcs.metrozone alive=false restrict=false tempRestrict=false defalutInputMethod=false useInLauncher=false
09-06 04:56:42.598  2165  2165 V JobSchedulerService: validNewProc:  package=com.google.android.inputmethod.latin alive=true restrict=false tempRestrict=false defalutInputMethod=true useInLauncher=false
09-06 04:56:42.599  2165  2165 V JobSchedulerService: validNewProc:  package=android alive=true restrict=false tempRestrict=false defalutInputMethod=true useInLauncher=false
09-06 04:56:42.646  2165  2837 V SettingsProvider: packageValueForCallResult, name = android_id, value : Bundle[{_track_generation=android.util.MemoryIntArray@5d, value=f3b72abdd1384ad0, _generation_index=1, _generation=1}]
09-06 04:56:42.647  2165  7359 D PowerManagerService: releaseWakeLockInternal: lock=262157106 [*dexopt*], flags=0x0,packageName=android, total_time=65ms
09-06 04:56:42.648  2165  7359 D PowerManagerService: acquireWakeLockInternal: lock=262157106, flags=0x1, tag="*dexopt*", ws=WorkSource{10085}, uid=1000, pid=2165, packageName=android
09-06 04:56:42.651  2165  7359 D PowerManagerService: releaseWakeLockInternal: lock=262157106 [*dexopt*], flags=0x0,packageName=android, total_time=2ms
09-06 04:56:42.651  2165  7359 D PowerManagerService: acquireWakeLockInternal: lock=262157106, flags=0x1, tag="*dexopt*", ws=WorkSource{1000}, uid=1000, pid=2165, packageName=android
09-06 04:56:42.669  2165  7359 D PowerManagerService: releaseWakeLockInternal: lock=262157106 [*dexopt*], flags=0x0,packageName=android, total_time=18ms
09-06 04:56:42.671  2165  7359 D PowerManagerService: acquireWakeLockInternal: lock=262157106, flags=0x1, tag="*dexopt*", ws=WorkSource{1000}, uid=1000, pid=2165, packageName=android
09-06 04:56:42.684  2165  7359 D PowerManagerService: releaseWakeLockInternal: lock=262157106 [*dexopt*], flags=0x0,packageName=android, total_time=13ms
09-06 04:56:42.685  2165  7359 D PowerManagerService: acquireWakeLockInternal: lock=262157106, flags=0x1, tag="*dexopt*", ws=WorkSource{10181}, uid=1000, pid=2165, packageName=android
09-06 04:56:42.697  2165  7359 D PowerManagerService: releaseWakeLockInternal: lock=262157106 [*dexopt*], flags=0x0,packageName=android, total_time=12ms
09-06 04:56:42.698  2165  7359 D PowerManagerService: acquireWakeLockInternal: lock=262157106, flags=0x1, tag="*dexopt*", ws=WorkSource{1000}, uid=1000, pid=2165, packageName=android
