09-06 04:56:54.500  2165  2233 D PowerManagerService: releaseWakeLockInternal: lock=68923450 [SyncLoopWakeLock], flags=0x0,packageName=android, total_time=1ms
09-06 04:56:54.566  2165  2233 D PowerManagerService: acquireWakeLockInternal: lock=68923450, flags=0x1, tag="SyncLoopWakeLock", ws=null, uid=1000, pid=2165, packageName=android
09-06 04:56:54.567  2165  2165 D PowerManagerService: releaseWakeLockInternal: lock=65028297 [*job*/com.google.android.gms.chromesync/com.google/davidbwilliamsjr@gmail.com:android], flags=0x0,packageName=android, total_time=177ms
09-06 04:56:54.568  2165  2233 D PowerManagerService: releaseWakeLockInternal: lock=90725759 [*sync*/com.google.android.gms.chromesync/com.google/davidbwilliamsjr@gmail.com], flags=0x0,packageName=android, total_time=83ms
09-06 04:56:54.572  2165  2165 V JobSchedulerService: validNewProc:  package=com.squareup.cash alive=false restrict=true tempRestrict=false defalutInputMethod=false useInLauncher=false
09-06 04:56:54.573  2165  2165 V JobSchedulerService: validNewProc:  package=com.metropcs.metrozone alive=false restrict=false tempRestrict=false defalutInputMethod=false useInLauncher=false
09-06 04:56:54.574  2165  2165 V JobSchedulerService: validNewProc:  package=com.google.android.apps.photos alive=true restrict=false tempRestrict=false defalutInputMethod=false useInLauncher=false
09-06 04:56:54.575  2165  2165 V JobSchedulerService: validNewProc:  package=com.google.android.inputmethod.latin alive=true restrict=false tempRestrict=false defalutInputMethod=true useInLauncher=false
09-06 04:56:54.593  2165  2233 D PowerManagerService: releaseWakeLockInternal: lock=68923450 [SyncLoopWakeLock], flags=0x0,packageName=android, total_time=27ms
09-06 04:56:54.610  2165  3585 W BackupManagerService: dataChanged but no participant pkg='com.tct.launcher' uid=10055
09-06 04:56:55.295  2165  2761 D PowerManagerService: releaseWakeLockInternal: lock=172145971 [*gms_scheduler*/com.google.android.gms/.clearcut.uploader.QosUploaderService], flags=0x0,packageName=com.google.android.gms, total_time=2870ms
09-06 04:56:55.296  2165  6270 D PowerManagerService: acquireWakeLockInternal: lock=202696727, flags=0x1, tag="*gms_scheduler*:internal", ws=WorkSource{10040 com.google.android.gms}, uid=10040, pid=2954, packageName=com.google.android.gms
09-06 04:56:55.298  2165  6270 D PowerManagerService: releaseWakeLockInternal: lock=202696727 [*gms_scheduler*:internal], flags=0x0,packageName=com.google.android.gms, total_time=2ms
09-06 04:56:55.300  2165  2837 D PowerManagerService: acquireWakeLockInternal: lock=202696727, flags=0x1, tag="*gms_scheduler*:internal", ws=WorkSource{10040 com.google.android.gms}, uid=10040, pid=2954, packageName=com.google.android.gms
09-06 04:56:55.333  2165  5555 D PowerManagerService: acquireWakeLockInternal: lock=61657576, flags=0x1, tag="*gms_scheduler*/com.google.android.gms/.gass.chimera.SchedulePeriodicTasksService", ws=WorkSource{10040 com.google.android.gms}, uid=10040, pid=2954, packageName=com.google.android.gms
09-06 04:56:55.366  2165  5555 D AlarmManager: setImpl mPackage = com.google.android.gms, type = 2
09-06 04:56:55.366  2165  5555 V AlarmManager: APP set(PendingIntent{c712494: PendingIntentRecord{b87d25f com.google.android.gms broadcastIntent}}) : type=3 triggerAtTime=137877 win=18409 tElapsed=137877 maxElapsed=156286 interval=0 flags=0x0
09-06 04:56:55.368  2165  5555 D PowerManagerService: releaseWakeLockInternal: lock=202696727 [*gms_scheduler*:internal], flags=0x0,packageName=com.google.android.gms, total_time=68ms
09-06 04:56:55.401  2165  5555 D PowerManagerService: releaseWakeLockInternal: lock=61657576 [*gms_scheduler*/com.google.android.gms/.gass.chimera.SchedulePeriodicTasksService], flags=0x0,packageName=com.google.android.gms, total_time=66ms
09-06 04:56:55.404  2165  2837 D PowerManagerService: acquireWakeLockInternal: lock=202696727, flags=0x1, tag="*gms_scheduler*:internal", ws=WorkSource{10040 com.google.android.gms}, uid=10040, pid=2954, packageName=com.google.android.gms
09-06 04:56:55.406  2165  2837 D PowerManagerService: releaseWakeLockInternal: lock=202696727 [*gms_scheduler*:internal], flags=0x0,packageName=com.google.android.gms, total_time=2ms
09-06 04:56:55.408  2165  2761 D PowerManagerService: acquireWakeLockInternal: lock=202696727, flags=0x1, tag="*gms_scheduler*:internal", ws=WorkSource{10040 com.google.android.gms}, uid=10040, pid=2954, packageName=com.google.android.gms
09-06 04:56:55.451  2165  5555 D PowerManagerService: acquireWakeLockInternal: lock=243660288, flags=0x1, tag="*gms_scheduler*/com.google.android.gms/.gass.chimera.SchedulePeriodicTasksService", ws=WorkSource{10040 com.google.android.gms}, uid=10040, pid=2954, packageName=com.google.android.gms
09-06 04:56:55.487  2165  6270 D AlarmManager: setImpl mPackage = com.google.android.gms, type = 2
09-06 04:56:55.487  2165  6270 V AlarmManager: APP set(PendingIntent{654722c: PendingIntentRecord{b87d25f com.google.android.gms broadcastIntent}}) : type=3 triggerAtTime=137877 win=18318 tElapsed=137877 maxElapsed=156195 interval=0 flags=0x0
09-06 04:56:55.489  2165  6270 D PowerManagerService: releaseWakeLockInternal: lock=202696727 [*gms_scheduler*:internal], flags=0x0,packageName=com.google.android.gms, total_time=81ms
09-06 04:56:55.545  2165  3585 D PowerManagerService: releaseWakeLockInternal: lock=178585424 [*gms_scheduler*/com.google.android.gms/.ads.social.GcmSchedulerWakeupService], flags=0x0,packageName=com.google.android.gms, total_time=2146ms
09-06 04:56:55.548  2165  5388 D PowerManagerService: acquireWakeLockInternal: lock=202696727, flags=0x1, tag="*gms_scheduler*:internal", ws=WorkSource{10040 com.google.android.gms}, uid=10040, pid=2954, packageName=com.google.android.gms
09-06 04:56:55.551  2165  5388 D PowerManagerService: releaseWakeLockInternal: lock=202696727 [*gms_scheduler*:internal], flags=0x0,packageName=com.google.android.gms, total_time=3ms
09-06 04:56:55.555  2165  5388 D PowerManagerService: acquireWakeLockInternal: lock=202696727, flags=0x1, tag="*gms_scheduler*:internal", ws=WorkSource{10040 com.google.android.gms}, uid=10040, pid=2954, packageName=com.google.android.gms
09-06 04:56:55.597  2165  5555 D PowerManagerService: acquireWakeLockInternal: lock=113652981, flags=0x1, tag="*gms_scheduler*/com.google.android.gms/.pay.gcmtask.PayGcmTaskService", ws=WorkSource{10040 com.google.android.gms}, uid=10040, pid=2954, packageName=com.google.android.gms
09-06 04:56:55.640  2165  6270 D AlarmManager: setImpl mPackage = com.google.android.gms, type = 2
09-06 04:56:55.640  2165  6270 V AlarmManager: APP set(PendingIntent{1922b71: PendingIntentRecord{b87d25f com.google.android.gms broadcastIntent}}) : type=3 triggerAtTime=137877 win=18204 tElapsed=137877 maxElapsed=156081 interval=0 flags=0x0
09-06 04:56:55.644  2165  6270 D PowerManagerService: releaseWakeLockInternal: lock=202696727 [*gms_scheduler*:internal], flags=0x0,packageName=com.google.android.gms, total_time=89ms
09-06 04:56:55.685  2165  6270 D PowerManagerService: releaseWakeLockInternal: lock=113652981 [*gms_scheduler*/com.google.android.gms/.pay.gcmtask.PayGcmTaskService], flags=0x0,packageName=com.google.android.gms, total_time=88ms
09-06 04:56:55.687  2165  2859 D PowerManagerService: acquireWakeLockInternal: lock=202696727, flags=0x1, tag="*gms_scheduler*:internal", ws=WorkSource{10040 com.google.android.gms}, uid=10040, pid=2954, packageName=com.google.android.gms
09-06 04:56:55.693  2165  2390 D WifiController: battery changed pluggedType: 2
09-06 04:56:55.706  2165  5555 D PowerManagerService: releaseWakeLockInternal: lock=202696727 [*gms_scheduler*:internal], flags=0x0,packageName=com.google.android.gms, total_time=19ms
09-06 04:56:55.707  2165  5555 D PowerManagerService: acquireWakeLockInternal: lock=202696727, flags=0x1, tag="*gms_scheduler*:internal", ws=WorkSource{10040 com.google.android.gms}, uid=10040, pid=2954, packageName=com.google.android.gms
09-06 04:56:55.716  2165  2239 E BatteryExternalStatsWorker: no controller energy info supplied for wifi
09-06 04:56:55.718  2165  5388 D PowerManagerService: acquireWakeLockInternal: lock=249503062, flags=0x1, tag="RILJ", ws=null, uid=1001, pid=2832, packageName=com.android.phone
09-06 04:56:55.719  2165  2239 E BatteryExternalStatsWorker: no controller energy info supplied for bluetooth
09-06 04:56:55.744  2165  2859 D PowerManagerService: acquireWakeLockInternal: lock=108257751, flags=0x1, tag="*gms_scheduler*/com.google.android.gms/.netrec.module.NetRecGcmTaskService", ws=WorkSource{10040 com.google.android.gms}, uid=10040, pid=2954, packageName=com.google.android.gms
09-06 04:56:55.751  2165  5555 D PowerManagerService: releaseWakeLockInternal: lock=249503062 [RILJ], flags=0x0,packageName=com.android.phone, total_time=32ms
09-06 04:56:55.773  2165  2859 D AlarmManager: setImpl mPackage = com.google.android.gms, type = 2
09-06 04:56:55.773  2165  2859 V AlarmManager: APP set(PendingIntent{170dac4: PendingIntentRecord{b87d25f com.google.android.gms broadcastIntent}}) : type=3 triggerAtTime=137877 win=18103 tElapsed=137877 maxElapsed=155980 interval=0 flags=0x0
09-06 04:56:55.789  2165  2859 D PowerManagerService: releaseWakeLockInternal: lock=202696727 [*gms_scheduler*:internal], flags=0x0,packageName=com.google.android.gms, total_time=82ms
09-06 04:56:55.791  2165  6270 D PowerManagerService: releaseWakeLockInternal: lock=108257751 [*gms_scheduler*/com.google.android.gms/.netrec.module.NetRecGcmTaskService], flags=0x0,packageName=com.google.android.gms, total_time=47ms
09-06 04:56:55.794  2165  2859 D PowerManagerService: acquireWakeLockInternal: lock=202696727, flags=0x1, tag="*gms_scheduler*:internal", ws=WorkSource{10040 com.google.android.gms}, uid=10040, pid=2954, packageName=com.google.android.gms
09-06 04:56:55.821  2165  2860 D PowerManagerService: releaseWakeLockInternal: lock=202696727 [*gms_scheduler*:internal], flags=0x0,packageName=com.google.android.gms, total_time=27ms
09-06 04:56:55.824  2165  6270 D PowerManagerService: acquireWakeLockInternal: lock=202696727, flags=0x1, tag="*gms_scheduler*:internal", ws=WorkSource{10040 com.google.android.gms}, uid=10040, pid=2954, packageName=com.google.android.gms
09-06 04:56:55.857  2165  2859 D PowerManagerService: acquireWakeLockInternal: lock=67297072, flags=0x1, tag="*gms_scheduler*/com.google.android.gms/.pay.gcmtask.PayGcmTaskService", ws=WorkSource{10040 com.google.android.gms}, uid=10040, pid=2954, packageName=com.google.android.gms
09-06 04:56:55.885  2165  2859 D AlarmManager: setImpl mPackage = com.google.android.gms, type = 2
09-06 04:56:55.885  2165  2859 V AlarmManager: APP set(PendingIntent{26ebe5c: PendingIntentRecord{b87d25f com.google.android.gms broadcastIntent}}) : type=3 triggerAtTime=137877 win=18019 tElapsed=137877 maxElapsed=155896 interval=0 flags=0x0
09-06 04:56:55.886  2165  2859 D PowerManagerService: releaseWakeLockInternal: lock=202696727 [*gms_scheduler*:internal], flags=0x0,packageName=com.google.android.gms, total_time=62ms
09-06 04:56:55.988  2165  6270 D PowerManagerService: releaseWakeLockInternal: lock=67297072 [*gms_scheduler*/com.google.android.gms/.pay.gcmtask.PayGcmTaskService], flags=0x0,packageName=com.google.android.gms, total_time=130ms
09-06 04:56:55.989  2165  6270 D PowerManagerService: acquireWakeLockInternal: lock=202696727, flags=0x1, tag="*gms_scheduler*:internal", ws=WorkSource{10040 com.google.android.gms}, uid=10040, pid=2954, packageName=com.google.android.gms
09-06 04:56:55.993  2165  5388 D PowerManagerService: releaseWakeLockInternal: lock=202696727 [*gms_scheduler*:internal], flags=0x0,packageName=com.google.android.gms, total_time=4ms
09-06 04:56:55.994  2165  5388 D PowerManagerService: acquireWakeLockInternal: lock=202696727, flags=0x1, tag="*gms_scheduler*:internal", ws=WorkSource{10040 com.google.android.gms}, uid=10040, pid=2954, packageName=com.google.android.gms
09-06 04:56:56.020  2165  6270 D PowerManagerService: acquireWakeLockInternal: lock=101207787, flags=0x1, tag="*gms_scheduler*/com.google.android.gms/.pay.gcmtask.PayGcmTaskService", ws=WorkSource{10040 com.google.android.gms}, uid=10040, pid=2954, packageName=com.google.android.gms
09-06 04:56:56.043  2165  6270 D AlarmManager: setImpl mPackage = com.google.android.gms, type = 2
09-06 04:56:56.043  2165  6270 V AlarmManager: APP set(PendingIntent{f9aeec7: PendingIntentRecord{b87d25f com.google.android.gms broadcastIntent}}) : type=3 triggerAtTime=137877 win=17901 tElapsed=137877 maxElapsed=155778 interval=0 flags=0x0
09-06 04:56:56.044  2165  6270 D PowerManagerService: releaseWakeLockInternal: lock=202696727 [*gms_scheduler*:internal], flags=0x0,packageName=com.google.android.gms, total_time=50ms
09-06 04:56:56.155  2165  2837 D PowerManagerService: releaseWakeLockInternal: lock=101207787 [*gms_scheduler*/com.google.android.gms/.pay.gcmtask.PayGcmTaskService], flags=0x0,packageName=com.google.android.gms, total_time=135ms
09-06 04:56:56.156  2165  5863 D PowerManagerService: acquireWakeLockInternal: lock=202696727, flags=0x1, tag="*gms_scheduler*:internal", ws=WorkSource{10040 com.google.android.gms}, uid=10040, pid=2954, packageName=com.google.android.gms
09-06 04:56:56.159  2165  6270 D PowerManagerService: releaseWakeLockInternal: lock=202696727 [*gms_scheduler*:internal], flags=0x0,packageName=com.google.android.gms, total_time=2ms
09-06 04:56:56.163  2165  5863 D PowerManagerService: acquireWakeLockInternal: lock=202696727, flags=0x1, tag="*gms_scheduler*:internal", ws=WorkSource{10040 com.google.android.gms}, uid=10040, pid=2954, packageName=com.google.android.gms
09-06 04:56:56.201  2165  2837 D PowerManagerService: acquireWakeLockInternal: lock=114143331, flags=0x1, tag="*gms_scheduler*/com.google.android.gms/.udc.service.UdcContextInitService", ws=WorkSource{10040 com.google.android.gms}, uid=10040, pid=2954, packageName=com.google.android.gms
09-06 04:56:56.225  2165  2837 D AlarmManager: setImpl mPackage = com.google.android.gms, type = 2
09-06 04:56:56.225  2165  2837 V AlarmManager: APP set(PendingIntent{e0efbf: PendingIntentRecord{b87d25f com.google.android.gms broadcastIntent}}) : type=3 triggerAtTime=137877 win=17764 tElapsed=137877 maxElapsed=155641 interval=0 flags=0x0
09-06 04:56:56.226  2165  6270 D PowerManagerService: releaseWakeLockInternal: lock=202696727 [*gms_scheduler*:internal], flags=0x0,packageName=com.google.android.gms, total_time=63ms
09-06 04:56:57.119  2165  2860 D PowerManagerService: releaseWakeLockInternal: lock=243660288 [*gms_scheduler*/com.google.android.gms/.gass.chimera.SchedulePeriodicTasksService], flags=0x0,packageName=com.google.android.gms, total_time=1668ms
09-06 04:56:57.121  2165  2860 D PowerManagerService: acquireWakeLockInternal: lock=202696727, flags=0x1, tag="*gms_scheduler*:internal", ws=WorkSource{10040 com.google.android.gms}, uid=10040, pid=2954, packageName=com.google.android.gms
09-06 04:56:57.124  2165  2761 D PowerManagerService: releaseWakeLockInternal: lock=202696727 [*gms_scheduler*:internal], flags=0x0,packageName=com.google.android.gms, total_time=2ms
09-06 04:56:57.124  2165  2761 D PowerManagerService: acquireWakeLockInternal: lock=202696727, flags=0x1, tag="*gms_scheduler*:internal", ws=WorkSource{10040 com.google.android.gms}, uid=10040, pid=2954, packageName=com.google.android.gms
09-06 04:56:57.153  2165  2860 D PowerManagerService: acquireWakeLockInternal: lock=85474740, flags=0x1, tag="*gms_scheduler*/com.google.android.gms/.tapandpay.gcmtask.TapAndPayGcmTaskService", ws=WorkSource{10040 com.google.android.gms}, uid=10040, pid=2954, packageName=com.google.android.gms
09-06 04:56:57.176  2165  3585 D AlarmManager: setImpl mPackage = com.google.android.gms, type = 2
09-06 04:56:57.176  2165  3585 V AlarmManager: APP set(PendingIntent{dd58120: PendingIntentRecord{b87d25f com.google.android.gms broadcastIntent}}) : type=3 triggerAtTime=137877 win=17051 tElapsed=137877 maxElapsed=154928 interval=0 flags=0x0
09-06 04:56:57.177  2165  3585 D PowerManagerService: releaseWakeLockInternal: lock=202696727 [*gms_scheduler*:internal], flags=0x0,packageName=com.google.android.gms, total_time=53ms
09-06 04:56:57.187  2165  3585 D PowerManagerService: releaseWakeLockInternal: lock=85474740 [*gms_scheduler*/com.google.android.gms/.tapandpay.gcmtask.TapAndPayGcmTaskService], flags=0x0,packageName=com.google.android.gms, total_time=34ms
09-06 04:56:57.189  2165  2860 D PowerManagerService: acquireWakeLockInternal: lock=202696727, flags=0x1, tag="*gms_scheduler*:internal", ws=WorkSource{10040 com.google.android.gms}, uid=10040, pid=2954, packageName=com.google.android.gms
09-06 04:56:57.191  2165  2761 D PowerManagerService: releaseWakeLockInternal: lock=202696727 [*gms_scheduler*:internal], flags=0x0,packageName=com.google.android.gms, total_time=1ms
09-06 04:56:57.192  2165  2860 D PowerManagerService: acquireWakeLockInternal: lock=202696727, flags=0x1, tag="*gms_scheduler*:internal", ws=WorkSource{10040 com.google.android.gms}, uid=10040, pid=2954, packageName=com.google.android.gms
09-06 04:56:57.219  2165  3582 D PowerManagerService: acquireWakeLockInternal: lock=268430041, flags=0x1, tag="*gms_scheduler*/com.google.android.gms/.tapandpay.gcmtask.TapAndPayGcmTaskService", ws=WorkSource{10040 com.google.android.gms}, uid=10040, pid=2954, packageName=com.google.android.gms
09-06 04:56:57.236  2165  3585 D PowerManagerService: acquireWakeLockInternal: lock=107737983, flags=0x1, tag="CMWakeLock", ws=WorkSource{10040 com.google.android.gms}, uid=10040, pid=2954, packageName=com.google.android.gms
09-06 04:56:57.243  2165  5555 D PowerManagerService: releaseWakeLockInternal: lock=107737983 [CMWakeLock], flags=0x0,packageName=com.google.android.gms, total_time=7ms
09-06 04:56:57.244  2165  3585 D PowerManagerService: acquireWakeLockInternal: lock=107737983, flags=0x1, tag="CMWakeLock", ws=WorkSource{10040 com.google.android.gms}, uid=10040, pid=2954, packageName=com.google.android.gms
09-06 04:56:57.246  2165  2837 D PowerManagerService: releaseWakeLockInternal: lock=107737983 [CMWakeLock], flags=0x0,packageName=com.google.android.gms, total_time=1ms
09-06 04:56:57.247  2165  5555 D AlarmManager: setImpl mPackage = com.google.android.gms, type = 2
09-06 04:56:57.247  2165  5555 V AlarmManager: APP set(PendingIntent{856489b: PendingIntentRecord{b87d25f com.google.android.gms broadcastIntent}}) : type=3 triggerAtTime=137877 win=16999 tElapsed=137877 maxElapsed=154876 interval=0 flags=0x0
09-06 04:56:57.253  2165  3585 D PowerManagerService: acquireWakeLockInternal: lock=107737983, flags=0x1, tag="CMWakeLock", ws=WorkSource{10040 com.google.android.gms}, uid=10040, pid=2954, packageName=com.google.android.gms
09-06 04:56:57.255  2165  3585 D PowerManagerService: releaseWakeLockInternal: lock=202696727 [*gms_scheduler*:internal], flags=0x0,packageName=com.google.android.gms, total_time=62ms
09-06 04:56:57.256  2165  3582 D PowerManagerService: releaseWakeLockInternal: lock=107737983 [CMWakeLock], flags=0x0,packageName=com.google.android.gms, total_time=3ms
09-06 04:56:57.257  2165  3582 D PowerManagerService: acquireWakeLockInternal: lock=107737983, flags=0x1, tag="CMWakeLock", ws=WorkSource{10040 com.google.android.gms}, uid=10040, pid=2954, packageName=com.google.android.gms
09-06 04:56:57.259  2165  5555 D PowerManagerService: releaseWakeLockInternal: lock=107737983 [CMWakeLock], flags=0x0,packageName=com.google.android.gms, total_time=2ms
09-06 04:56:57.262  2165  5388 D PowerManagerService: acquireWakeLockInternal: lock=107737983, flags=0x1, tag="CMWakeLock", ws=WorkSource{10040 com.google.android.gms}, uid=10040, pid=2954, packageName=com.google.android.gms
09-06 04:56:57.268  2165  3582 D PowerManagerService: releaseWakeLockInternal: lock=107737983 [CMWakeLock], flags=0x0,packageName=com.google.android.gms, total_time=6ms
09-06 04:56:57.268  2165  3585 D PowerManagerService: releaseWakeLockInternal: lock=268430041 [*gms_scheduler*/com.google.android.gms/.tapandpay.gcmtask.TapAndPayGcmTaskService], flags=0x0,packageName=com.google.android.gms, total_time=48ms
09-06 04:56:57.269  2165  5388 D PowerManagerService: acquireWakeLockInternal: lock=107737983, flags=0x1, tag="CMWakeLock", ws=WorkSource{10040 com.google.android.gms}, uid=10040, pid=2954, packageName=com.google.android.gms
09-06 04:56:57.269  2165  5555 D PowerManagerService: acquireWakeLockInternal: lock=202696727, flags=0x1, tag="*gms_scheduler*:internal", ws=WorkSource{10040 com.google.android.gms}, uid=10040, pid=2954, packageName=com.google.android.gms
09-06 04:56:57.270  2165  2860 D PowerManagerService: releaseWakeLockInternal: lock=107737983 [CMWakeLock], flags=0x0,packageName=com.google.android.gms, total_time=1ms
09-06 04:56:57.272  2165  3585 D PowerManagerService: releaseWakeLockInternal: lock=202696727 [*gms_scheduler*:internal], flags=0x0,packageName=com.google.android.gms, total_time=2ms
09-06 04:56:57.273  2165  3582 D PowerManagerService: acquireWakeLockInternal: lock=202696727, flags=0x1, tag="*gms_scheduler*:internal", ws=WorkSource{10040 com.google.android.gms}, uid=10040, pid=2954, packageName=com.google.android.gms
09-06 04:56:57.299  2165  5388 V AlarmManager: APP set with listener(*job.delay*) : type=2 triggerAtTime=125264 win=0 tElapsed=125264 maxElapsed=125264 interval=0 flags=0x0
09-06 04:56:57.302  2165  5388 V AlarmManager: APP set with listener(*job.deadline*) : type=2 triggerAtTime=125264 win=0 tElapsed=125264 maxElapsed=125264 interval=0 flags=0x0
09-06 04:56:57.306  2165  3585 D PowerManagerService: acquireWakeLockInternal: lock=218517878, flags=0x1, tag="*gms_scheduler*/com.google.android.gms/.tapandpay.gcmtask.TapAndPayGcmTaskService", ws=WorkSource{10040 com.google.android.gms}, uid=10040, pid=2954, packageName=com.google.android.gms
09-06 04:56:57.335  2165  5555 D AlarmManager: setImpl mPackage = com.google.android.gms, type = 2
09-06 04:56:57.335  2165  5555 V AlarmManager: APP set(PendingIntent{ba43c49: PendingIntentRecord{b87d25f com.google.android.gms broadcastIntent}}) : type=3 triggerAtTime=137877 win=16932 tElapsed=137877 maxElapsed=154809 interval=0 flags=0x0
09-06 04:56:57.339  2165  2860 D PowerManagerService: releaseWakeLockInternal: lock=202696727 [*gms_scheduler*:internal], flags=0x0,packageName=com.google.android.gms, total_time=66ms
09-06 04:56:57.351  2165  2860 D PowerManagerService: releaseWakeLockInternal: lock=218517878 [*gms_scheduler*/com.google.android.gms/.tapandpay.gcmtask.TapAndPayGcmTaskService], flags=0x0,packageName=com.google.android.gms, total_time=45ms
09-06 04:56:57.352  2165  3585 D PowerManagerService: acquireWakeLockInternal: lock=202696727, flags=0x1, tag="*gms_scheduler*:internal", ws=WorkSource{10040 com.google.android.gms}, uid=10040, pid=2954, packageName=com.google.android.gms
09-06 04:56:57.354  2165  3585 D PowerManagerService: releaseWakeLockInternal: lock=202696727 [*gms_scheduler*:internal], flags=0x0,packageName=com.google.android.gms, total_time=2ms
09-06 04:56:57.355  2165  3585 D PowerManagerService: acquireWakeLockInternal: lock=202696727, flags=0x1, tag="*gms_scheduler*:internal", ws=WorkSource{10040 com.google.android.gms}, uid=10040, pid=2954, packageName=com.google.android.gms
09-06 04:56:57.385  2165  3585 D PowerManagerService: acquireWakeLockInternal: lock=246332015, flags=0x1, tag="*gms_scheduler*/com.google.android.gms/.tapandpay.gcmtask.TapAndPayGcmTaskService", ws=WorkSource{10040 com.google.android.gms}, uid=10040, pid=2954, packageName=com.google.android.gms
09-06 04:56:57.408  2165  3585 D AlarmManager: setImpl mPackage = com.google.android.gms, type = 2
09-06 04:56:57.408  2165  3585 V AlarmManager: APP set(PendingIntent{f168e8b: PendingIntentRecord{b87d25f com.google.android.gms broadcastIntent}}) : type=3 triggerAtTime=137877 win=16877 tElapsed=137877 maxElapsed=154754 interval=0 flags=0x0
09-06 04:56:57.409  2165  2860 D PowerManagerService: releaseWakeLockInternal: lock=202696727 [*gms_scheduler*:internal], flags=0x0,packageName=com.google.android.gms, total_time=54ms
09-06 04:56:57.412  2165  3585 D PowerManagerService: releaseWakeLockInternal: lock=246332015 [*gms_scheduler*/com.google.android.gms/.tapandpay.gcmtask.TapAndPayGcmTaskService], flags=0x0,packageName=com.google.android.gms, total_time=27ms
09-06 04:56:57.413  2165  5555 D PowerManagerService: acquireWakeLockInternal: lock=202696727, flags=0x1, tag="*gms_scheduler*:internal", ws=WorkSource{10040 com.google.android.gms}, uid=10040, pid=2954, packageName=com.google.android.gms
09-06 04:56:57.415  2165  5863 D PowerManagerService: releaseWakeLockInternal: lock=202696727 [*gms_scheduler*:internal], flags=0x0,packageName=com.google.android.gms, total_time=2ms
09-06 04:56:57.416  2165  5863 D PowerManagerService: acquireWakeLockInternal: lock=202696727, flags=0x1, tag="*gms_scheduler*:internal", ws=WorkSource{10040 com.google.android.gms}, uid=10040, pid=2954, packageName=com.google.android.gms
09-06 04:56:57.431  2165  2641 D PowerManagerService: acquireWakeLockInternal: lock=109788008, flags=0x1, tag="*net_scheduler*", ws=WorkSource{10034 com.tmobile.pr.adapt}, uid=10040, pid=2954, packageName=com.google.android.gms
09-06 04:56:57.447  2165  2761 D AlarmManager: setImpl mPackage = com.google.android.gms, type = 2
09-06 04:56:57.447  2165  2761 V AlarmManager: APP set(PendingIntent{c840426: PendingIntentRecord{b87d25f com.google.android.gms broadcastIntent}}) : type=3 triggerAtTime=137877 win=16848 tElapsed=137877 maxElapsed=154725 interval=0 flags=0x0
09-06 04:56:57.450  2165  2750 D PowerManagerService: releaseWakeLockInternal: lock=202696727 [*gms_scheduler*:internal], flags=0x0,packageName=com.google.android.gms, total_time=33ms
09-06 04:56:57.491  2165  2761 D PowerManagerService: releaseWakeLockInternal: lock=114143331 [*gms_scheduler*/com.google.android.gms/.udc.service.UdcContextInitService], flags=0x0,packageName=com.google.android.gms, total_time=1290ms
09-06 04:56:57.492  2165  2761 D PowerManagerService: acquireWakeLockInternal: lock=202696727, flags=0x1, tag="*gms_scheduler*:internal", ws=WorkSource{10040 com.google.android.gms}, uid=10040, pid=2954, packageName=com.google.android.gms
09-06 04:56:57.494  2165  2761 D PowerManagerService: releaseWakeLockInternal: lock=202696727 [*gms_scheduler*:internal], flags=0x0,packageName=com.google.android.gms, total_time=2ms
09-06 04:56:57.495  2165  5863 D PowerManagerService: acquireWakeLockInternal: lock=202696727, flags=0x1, tag="*gms_scheduler*:internal", ws=WorkSource{10040 com.google.android.gms}, uid=10040, pid=2954, packageName=com.google.android.gms
09-06 04:56:57.509  2165  2641 D PowerManagerService: acquireWakeLockInternal: lock=137380867, flags=0x1, tag="*net_scheduler*", ws=WorkSource{10034 com.tmobile.pr.adapt}, uid=10040, pid=2954, packageName=com.google.android.gms
09-06 04:56:57.518  2165  5863 D AlarmManager: setImpl mPackage = com.google.android.gms, type = 2
09-06 04:56:57.518  2165  5863 V AlarmManager: APP set(PendingIntent{b2ea3ac: PendingIntentRecord{b87d25f com.google.android.gms broadcastIntent}}) : type=3 triggerAtTime=137877 win=16795 tElapsed=137877 maxElapsed=154672 interval=0 flags=0x0
09-06 04:56:57.519  2165  2761 D PowerManagerService: releaseWakeLockInternal: lock=109788008 [*net_scheduler*], flags=0x0,packageName=com.google.android.gms, total_time=88ms
09-06 04:56:57.521  2165  5863 D PowerManagerService: releaseWakeLockInternal: lock=202696727 [*gms_scheduler*:internal], flags=0x0,packageName=com.google.android.gms, total_time=26ms
09-06 04:56:57.583  2165  2641 D PowerManagerService: releaseWakeLockInternal: lock=137380867 [*net_scheduler*], flags=0x0,packageName=com.google.android.gms, total_time=74ms
09-06 04:56:57.584  2165  2750 D AlarmManager: setImpl mPackage = com.google.android.gms, type = 2
09-06 04:56:57.584  2165  2750 V AlarmManager: APP set(PendingIntent{34ab00a: PendingIntentRecord{b87d25f com.google.android.gms broadcastIntent}}) : type=3 triggerAtTime=116489 win=0 tElapsed=120550 maxElapsed=120550 interval=0 flags=0x0
09-06 04:56:58.070  2165  2761 D PowerManagerService: releaseWakeLockInternal: lock=242548531 [*job*/com.google.android.apps.photos/com.google.android.libraries.social.async.BackgroundTaskJobService], flags=0x0,packageName=android, total_time=12564ms
09-06 04:56:58.073  2165  2165 V JobSchedulerService: validNewProc:  package=com.squareup.cash alive=false restrict=true tempRestrict=false defalutInputMethod=false useInLauncher=false
09-06 04:56:58.074  2165  2165 V JobSchedulerService: validNewProc:  package=com.metropcs.metrozone alive=false restrict=false tempRestrict=false defalutInputMethod=false useInLauncher=false
09-06 04:56:58.074  2165  2761 I ActivityManager: Killing 6745:com.tcl.email/u0a71 (adj 906): empty #13
09-06 04:56:58.074  2165  2165 V JobSchedulerService: validNewProc:  package=com.google.android.inputmethod.latin alive=true restrict=false tempRestrict=false defalutInputMethod=true useInLauncher=false
09-06 04:57:01.168  2165  5863 I ActivityManager: Killing 7680:com.google.android.youtube/u0a122 (adj 906): empty #13
09-06 04:57:01.202  2165  2837 D MtkConnectivityService: ConnectivityService NetworkRequestInfo binderDied(NetworkRequest [ LISTEN id=31, [ Capabilities: INTERNET&NOT_RESTRICTED&TRUSTED&FOREGROUND] ], android.os.BinderProxy@a2c307b)
09-06 04:57:01.779  2165  5764 I ActivityManager: Killing 7610:com.google.android.videos/u0a118 (adj 906): empty #13
09-06 04:57:02.891  1904  1904 I sn      : Retry 9
09-06 04:57:02.891  1904  1904 I sn      : Fail to access err=2
09-06 04:57:02.891  1904  1904 I chatty  : uid=1000(system) identical 1 line
09-06 04:57:02.891  1904  1904 I sn      : Fail to access err=2
09-06 04:57:02.891  1904  1904 I sn      : Check all possible paths
09-06 04:57:05.710  2165  2390 D WifiController: battery changed pluggedType: 2
09-06 04:57:05.725  2165  2239 E BatteryExternalStatsWorker: no controller energy info supplied for wifi
09-06 04:57:05.725  2165  2239 E BatteryExternalStatsWorker: no controller energy info supplied for bluetooth
09-06 04:57:05.726  2165  2860 D PowerManagerService: acquireWakeLockInternal: lock=95964824, flags=0x1, tag="RILJ", ws=null, uid=1001, pid=2832, packageName=com.android.phone
09-06 04:57:05.759  2165  5764 D PowerManagerService: releaseWakeLockInternal: lock=95964824 [RILJ], flags=0x0,packageName=com.android.phone, total_time=33ms
--------- beginning of main
09-06 04:57:06.154  2832  2933 I RcsThreadsProvider: update uri : content://com.android.message-rcs.conversation/recipients
09-06 04:57:06.154  2832  2933 I RcsThreadsProvider: updateRecipient.queryString=SELECT _id,number FROM recipients WHERE LOWER(number) = ? OR contact_id=3795;
09-06 04:57:06.155  2832  2933 I RcsThreadsProvider: updateRecipient.the recipient is not in mms
09-06 04:57:06.156  3469  3715 I SyncContactsProvider: TctMms-DatabasesSync.syncContacts.id = 23899
09-06 04:57:06.156  3469  3715 I SyncContactsProvider: TctMms-DatabasesSync.syncContacts.name = Dan Ang
09-06 04:57:06.156  3469  3715 I SyncContactsProvider: TctMms-DatabasesSync.syncContacts.contact_id = 3795
09-06 04:57:06.156  3469  3715 I SyncContactsProvider: TctMms-DatabasesSync.syncContacts.timestamp = 1599374813693
09-06 04:57:06.156  3469  3715 I SyncContactsProvider: TctMms-***********************************************
09-06 04:57:06.158  2832  2933 I RcsThreadsProvider: update uri : content://com.android.message-rcs.conversation/recipients
09-06 04:57:06.158  2832  2933 I RcsThreadsProvider: updateRecipient.queryString=SELECT _id,number FROM recipients WHERE (number=? OR PHONE_NUMBERS_EQUAL(number, ?, 0)) OR contact_id=3795;
09-06 04:57:06.159  2832  2933 I RcsThreadsProvider: updateRecipient.the recipient is not in mms
09-06 04:57:06.160  3469  3715 I SyncContactsProvider: TctMms-DatabasesSync.syncContacts.id = 23905
09-06 04:57:06.160  3469  3715 I SyncContactsProvider: TctMms-DatabasesSync.syncContacts.name = Dan Ang
09-06 04:57:06.160  3469  3715 I SyncContactsProvider: TctMms-DatabasesSync.syncContacts.contact_id = 3795
09-06 04:57:06.160  3469  3715 I SyncContactsProvider: TctMms-DatabasesSync.syncContacts.timestamp = 1599374813693
09-06 04:57:06.160  3469  3715 I SyncContactsProvider: TctMms-***********************************************
09-06 04:57:06.162  2832  2933 I RcsThreadsProvider: update uri : content://com.android.message-rcs.conversation/recipients
09-06 04:57:06.163  2832  2933 I RcsThreadsProvider: updateRecipient.queryString=SELECT _id,number FROM recipients WHERE LOWER(number) = ? OR contact_id=3794;
09-06 04:57:06.164  2832  2933 I RcsThreadsProvider: updateRecipient.the recipient is not in mms
09-06 04:57:06.165  3469  3715 I SyncContactsProvider: TctMms-DatabasesSync.syncContacts.id = 23892
09-06 04:57:06.165  3469  3715 I SyncContactsProvider: TctMms-DatabasesSync.syncContacts.name = Jackson Armstrong
09-06 04:57:06.165  3469  3715 I SyncContactsProvider: TctMms-DatabasesSync.syncContacts.contact_id = 3794
09-06 04:57:06.165  3469  3715 I SyncContactsProvider: TctMms-DatabasesSync.syncContacts.timestamp = 1599374813693
09-06 04:57:06.165  3469  3715 I SyncContactsProvider: TctMms-***********************************************
09-06 04:57:06.167  2832  2933 I RcsThreadsProvider: update uri : content://com.android.message-rcs.conversation/recipients
09-06 04:57:06.167  2832  2933 I RcsThreadsProvider: updateRecipient.queryString=SELECT _id,number FROM recipients WHERE (number=? OR PHONE_NUMBERS_EQUAL(number, ?, 0)) OR contact_id=3794;
09-06 04:57:06.168  2832  2933 I RcsThreadsProvider: updateRecipient.the recipient is not in mms
09-06 04:57:06.169  3469  3715 I SyncContactsProvider: TctMms-DatabasesSync.syncContacts.id = 23898
09-06 04:57:06.169  3469  3715 I SyncContactsProvider: TctMms-DatabasesSync.syncContacts.name = Jackson Armstrong
09-06 04:57:06.169  3469  3715 I SyncContactsProvider: TctMms-DatabasesSync.syncContacts.contact_id = 3794
09-06 04:57:06.169  3469  3715 I SyncContactsProvider: TctMms-DatabasesSync.syncContacts.timestamp = 1599374813693
09-06 04:57:06.169  3469  3715 I SyncContactsProvider: TctMms-***********************************************
09-06 04:57:06.171  2832  2933 I RcsThreadsProvider: update uri : content://com.android.message-rcs.conversation/recipients
09-06 04:57:06.172  2832  2933 I RcsThreadsProvider: updateRecipient.queryString=SELECT _id,number FROM recipients WHERE LOWER(number) = ? OR contact_id=3793;
09-06 04:57:06.173  2832  2933 I RcsThreadsProvider: updateRecipient.the recipient is not in mms
09-06 04:57:06.173  3469  3715 I SyncContactsProvider: TctMms-DatabasesSync.syncContacts.id = 23883
09-06 04:57:06.173  3469  3715 I SyncContactsProvider: TctMms-DatabasesSync.syncContacts.name = Tommy Andrews
09-06 04:57:06.174  3469  3715 I SyncContactsProvider: TctMms-DatabasesSync.syncContacts.contact_id = 3793
09-06 04:57:06.174  3469  3715 I SyncContactsProvider: TctMms-DatabasesSync.syncContacts.timestamp = 1599374813693
09-06 04:57:06.174  3469  3715 I SyncContactsProvider: TctMms-***********************************************
09-06 04:57:06.175  2832  2933 I RcsThreadsProvider: update uri : content://com.android.message-rcs.conversation/recipients
09-06 04:57:06.176  2832  2933 I RcsThreadsProvider: updateRecipient.queryString=SELECT _id,number FROM recipients WHERE LOWER(number) = ? OR contact_id=3793;
09-06 04:57:06.177  2832  2933 I RcsThreadsProvider: updateRecipient.the recipient is not in mms
09-06 04:57:06.178  3469  3715 I SyncContactsProvider: TctMms-DatabasesSync.syncContacts.id = 23884
09-06 04:57:06.178  3469  3715 I SyncContactsProvider: TctMms-DatabasesSync.syncContacts.name = Tommy Andrews
09-06 04:57:06.178  3469  3715 I SyncContactsProvider: TctMms-DatabasesSync.syncContacts.contact_id = 3793
09-06 04:57:06.178  3469  3715 I SyncContactsProvider: TctMms-DatabasesSync.syncContacts.timestamp = 1599374813693
09-06 04:57:06.178  3469  3715 I SyncContactsProvider: TctMms-***********************************************
09-06 04:57:06.180  2832  2933 I RcsThreadsProvider: update uri : content://com.android.message-rcs.conversation/recipients
09-06 04:57:06.180  2832  2933 I RcsThreadsProvider: updateRecipient.queryString=SELECT _id,number FROM recipients WHERE (number=? OR PHONE_NUMBERS_EQUAL(number, ?, 0)) OR contact_id=3793;
09-06 04:57:06.181  2832  2933 I RcsThreadsProvider: updateRecipient.the recipient is not in mms
09-06 04:57:06.181  3469  3715 I SyncContactsProvider: TctMms-DatabasesSync.syncContacts.id = 23890
09-06 04:57:06.181  3469  3715 I SyncContactsProvider: TctMms-DatabasesSync.syncContacts.name = Tommy Andrews
09-06 04:57:06.182  3469  3715 I SyncContactsProvider: TctMms-DatabasesSync.syncContacts.contact_id = 3793
09-06 04:57:06.182  3469  3715 I SyncContactsProvider: TctMms-DatabasesSync.syncContacts.timestamp = 1599374813693
09-06 04:57:06.182  3469  3715 I SyncContactsProvider: TctMms-***********************************************
09-06 04:57:06.183  2832  2933 I RcsThreadsProvider: update uri : content://com.android.message-rcs.conversation/recipients
09-06 04:57:06.183  2832  2933 I RcsThreadsProvider: updateRecipient.queryString=SELECT _id,number FROM recipients WHERE (number=? OR PHONE_NUMBERS_EQUAL(number, ?, 0)) OR contact_id=3793;
09-06 04:57:06.184  2832  2933 I RcsThreadsProvider: updateRecipient.the recipient is not in mms
09-06 04:57:06.185  3469  3715 I SyncContactsProvider: TctMms-DatabasesSync.syncContacts.id = 23891
09-06 04:57:06.185  3469  3715 I SyncContactsProvider: TctMms-DatabasesSync.syncContacts.name = Tommy Andrews
09-06 04:57:06.185  3469  3715 I SyncContactsProvider: TctMms-DatabasesSync.syncContacts.contact_id = 3793
09-06 04:57:06.185  3469  3715 I SyncContactsProvider: TctMms-DatabasesSync.syncContacts.timestamp = 1599374813693
09-06 04:57:06.185  3469  3715 I SyncContactsProvider: TctMms-***********************************************
09-06 04:57:06.187  2832  2933 I RcsThreadsProvider: update uri : content://com.android.message-rcs.conversation/recipients
09-06 04:57:06.187  2832  2933 I RcsThreadsProvider: updateRecipient.queryString=SELECT _id,number FROM recipients WHERE LOWER(number) = ? OR contact_id=3792;
09-06 04:57:06.188  2832  2933 I RcsThreadsProvider: updateRecipient.the recipient is not in mms
09-06 04:57:06.189  3469  3715 I SyncContactsProvider: TctMms-DatabasesSync.syncContacts.id = 23876
09-06 04:57:06.189  3469  3715 I SyncContactsProvider: TctMms-DatabasesSync.syncContacts.name = Camille Armstrong
09-06 04:57:06.189  3469  3715 I SyncContactsProvider: TctMms-DatabasesSync.syncContacts.contact_id = 3792
09-06 04:57:06.189  3469  3715 I SyncContactsProvider: TctMms-DatabasesSync.syncContacts.timestamp = 1599374813693
09-06 04:57:06.189  3469  3715 I SyncContactsProvider: TctMms-***********************************************
09-06 04:57:06.191  2832  2933 I RcsThreadsProvider: update uri : content://com.android.message-rcs.conversation/recipients
09-06 04:57:06.191  2832  2933 I RcsThreadsProvider: updateRecipient.queryString=SELECT _id,number FROM recipients WHERE (number=? OR PHONE_NUMBERS_EQUAL(number, ?, 0)) OR contact_id=3792;
09-06 04:57:06.192  2832  2933 I RcsThreadsProvider: updateRecipient.the recipient is not in mms
09-06 04:57:06.193  3469  3715 I SyncContactsProvider: TctMms-DatabasesSync.syncContacts.id = 23882
09-06 04:57:06.193  3469  3715 I SyncContactsProvider: TctMms-DatabasesSync.syncContacts.name = Camille Armstrong
09-06 04:57:06.193  3469  3715 I SyncContactsProvider: TctMms-DatabasesSync.syncContacts.contact_id = 3792
09-06 04:57:06.193  3469  3715 I SyncContactsProvider: TctMms-DatabasesSync.syncContacts.timestamp = 1599374813693
09-06 04:57:06.193  3469  3715 I SyncContactsProvider: TctMms-***********************************************
09-06 04:57:06.195  2832  2933 I RcsThreadsProvider: update uri : content://com.android.message-rcs.conversation/recipients
09-06 04:57:06.195  2832  2933 I RcsThreadsProvider: updateRecipient.queryString=SELECT _id,number FROM recipients WHERE LOWER(number) = ? OR contact_id=3791;
09-06 04:57:06.196  2832  2933 I RcsThreadsProvider: updateRecipient.the recipient is not in mms
09-06 04:57:06.197  3469  3715 I SyncContactsProvider: TctMms-DatabasesSync.syncContacts.id = 23866
09-06 04:57:06.197  3469  3715 I SyncContactsProvider: TctMms-DatabasesSync.syncContacts.name = Danilo Ang
09-06 04:57:06.197  3469  3715 I SyncContactsProvider: TctMms-DatabasesSync.syncContacts.contact_id = 3791
09-06 04:57:06.197  3469  3715 I SyncContactsProvider: TctMms-DatabasesSync.syncContacts.timestamp = 1599374813693
09-06 04:57:06.197  3469  3715 I SyncContactsProvider: TctMms-***********************************************
09-06 04:57:06.199  2832  2933 I RcsThreadsProvider: update uri : content://com.android.message-rcs.conversation/recipients
09-06 04:57:06.199  2832  2933 I RcsThreadsProvider: updateRecipient.queryString=SELECT _id,number FROM recipients WHERE (number=? OR PHONE_NUMBERS_EQUAL(number, ?, 0)) OR contact_id=3791;
09-06 04:57:06.200  2832  2933 I RcsThreadsProvider: updateRecipient.the recipient is not in mms
09-06 04:57:06.201  3469  3715 I SyncContactsProvider: TctMms-DatabasesSync.syncContacts.id = 23872
09-06 04:57:06.201  3469  3715 I SyncContactsProvider: TctMms-DatabasesSync.syncContacts.name = Danilo Ang
09-06 04:57:06.201  3469  3715 I SyncContactsProvider: TctMms-DatabasesSync.syncContacts.contact_id = 3791
09-06 04:57:06.201  3469  3715 I SyncContactsProvider: TctMms-DatabasesSync.syncContacts.timestamp = 1599374813693
09-06 04:57:06.201  3469  3715 I SyncContactsProvider: TctMms-***********************************************
09-06 04:57:06.202  2832  2933 I RcsThreadsProvider: update uri : content://com.android.message-rcs.conversation/recipients
09-06 04:57:06.202  2832  2933 I RcsThreadsProvider: updateRecipient.queryString=SELECT _id,number FROM recipients WHERE (number=? OR PHONE_NUMBERS_EQUAL(number, ?, 0)) OR contact_id=3791;
09-06 04:57:06.203  2832  2933 I RcsThreadsProvider: updateRecipient.the recipient is not in mms
09-06 04:57:06.204  3469  3715 I SyncContactsProvider: TctMms-DatabasesSync.syncContacts.id = 23873
09-06 04:57:06.204  3469  3715 I SyncContactsProvider: TctMms-DatabasesSync.syncContacts.name = Danilo Ang
09-06 04:57:06.204  3469  3715 I SyncContactsProvider: TctMms-DatabasesSync.syncContacts.contact_id = 3791
09-06 04:57:06.204  3469  3715 I SyncContactsProvider: TctMms-DatabasesSync.syncContacts.timestamp = 1599374813693
09-06 04:57:06.204  3469  3715 I SyncContactsProvider: TctMms-***********************************************
09-06 04:57:06.205  2832  2933 I RcsThreadsProvider: update uri : content://com.android.message-rcs.conversation/recipients
09-06 04:57:06.205  2832  2933 I RcsThreadsProvider: updateRecipient.queryString=SELECT _id,number FROM recipients WHERE (number=? OR PHONE_NUMBERS_EQUAL(number, ?, 0)) OR contact_id=3791;
09-06 04:57:06.206  2832  2933 I RcsThreadsProvider: updateRecipient.the recipient is not in mms
09-06 04:57:06.207  3469  3715 I SyncContactsProvider: TctMms-DatabasesSync.syncContacts.id = 23874
09-06 04:57:06.207  3469  3715 I SyncContactsProvider: TctMms-DatabasesSync.syncContacts.name = Danilo Ang
09-06 04:57:06.207  3469  3715 I SyncContactsProvider: TctMms-DatabasesSync.syncContacts.contact_id = 3791
09-06 04:57:06.207  3469  3715 I SyncContactsProvider: TctMms-DatabasesSync.syncContacts.timestamp = 1599374813693
09-06 04:57:06.207  3469  3715 I SyncContactsProvider: TctMms-***********************************************
09-06 04:57:06.208  2832  2933 I RcsThreadsProvider: update uri : content://com.android.message-rcs.conversation/recipients
09-06 04:57:06.208  2832  2933 I RcsThreadsProvider: updateRecipient.queryString=SELECT _id,number FROM recipients WHERE LOWER(number) = ? OR contact_id=3790;
09-06 04:57:06.209  2832  2933 I RcsThreadsProvider: updateRecipient.the recipient is not in mms
09-06 04:57:06.210  3469  3715 I SyncContactsProvider: TctMms-DatabasesSync.syncContacts.id = 23858
09-06 04:57:06.210  3469  3715 I SyncContactsProvider: TctMms-DatabasesSync.syncContacts.name = Penn Arthur
09-06 04:57:06.210  3469  3715 I SyncContactsProvider: TctMms-DatabasesSync.syncContacts.contact_id = 3790
09-06 04:57:06.210  3469  3715 I SyncContactsProvider: TctMms-DatabasesSync.syncContacts.timestamp = 1599374813693
09-06 04:57:06.210  3469  3715 I SyncContactsProvider: TctMms-***********************************************
09-06 04:57:06.212  2832  2933 I RcsThreadsProvider: update uri : content://com.android.message-rcs.conversation/recipients
09-06 04:57:06.212  2832  2933 I RcsThreadsProvider: updateRecipient.queryString=SELECT _id,number FROM recipients WHERE (number=? OR PHONE_NUMBERS_EQUAL(number, ?, 0)) OR contact_id=3790;
09-06 04:57:06.213  2832  2933 I RcsThreadsProvider: updateRecipient.the recipient is not in mms
09-06 04:57:06.213  3469  3715 I SyncContactsProvider: TctMms-DatabasesSync.syncContacts.id = 23864
09-06 04:57:06.213  3469  3715 I SyncContactsProvider: TctMms-DatabasesSync.syncContacts.name = Penn Arthur
09-06 04:57:06.213  3469  3715 I SyncContactsProvider: TctMms-DatabasesSync.syncContacts.contact_id = 3790
09-06 04:57:06.213  3469  3715 I SyncContactsProvider: TctMms-DatabasesSync.syncContacts.timestamp = 1599374813693
09-06 04:57:06.214  3469  3715 I SyncContactsProvider: TctMms-***********************************************
09-06 04:57:06.215  2832  2933 I RcsThreadsProvider: update uri : content://com.android.message-rcs.conversation/recipients
09-06 04:57:06.215  2832  2933 I RcsThreadsProvider: updateRecipient.queryString=SELECT _id,number FROM recipients WHERE LOWER(number) = ? OR contact_id=3789;
09-06 04:57:06.216  2832  2933 I RcsThreadsProvider: updateRecipient.the recipient is not in mms
09-06 04:57:06.217  3469  3715 I SyncContactsProvider: TctMms-DatabasesSync.syncContacts.id = 23851
09-06 04:57:06.217  3469  3715 I SyncContactsProvider: TctMms-DatabasesSync.syncContacts.name = anatoli@cautionwearcorp.com
09-06 04:57:06.217  3469  3715 I SyncContactsProvider: TctMms-DatabasesSync.syncContacts.contact_id = 3789
09-06 04:57:06.217  3469  3715 I SyncContactsProvider: TctMms-DatabasesSync.syncContacts.timestamp = 1599374813693
09-06 04:57:06.217  3469  3715 I SyncContactsProvider: TctMms-***********************************************
09-06 04:57:06.218  2832  2933 I RcsThreadsProvider: update uri : content://com.android.message-rcs.conversation/recipients
09-06 04:57:06.218  2832  2933 I RcsThreadsProvider: updateRecipient.queryString=SELECT _id,number FROM recipients WHERE LOWER(number) = ? OR contact_id=3788;
09-06 04:57:06.219  2832  2933 I RcsThreadsProvider: updateRecipient.the recipient is not in mms
09-06 04:57:06.220  3469  3715 I SyncContactsProvider: TctMms-DatabasesSync.syncContacts.id = 23844
09-06 04:57:06.220  3469  3715 I SyncContactsProvider: TctMms-DatabasesSync.syncContacts.name = AnaiisX@aol.com
09-06 04:57:06.220  3469  3715 I SyncContactsProvider: TctMms-DatabasesSync.syncContacts.contact_id = 3788
09-06 04:57:06.220  3469  3715 I SyncContactsProvider: TctMms-DatabasesSync.syncContacts.timestamp = 1599374813693
09-06 04:57:06.220  3469  3715 I SyncContactsProvider: TctMms-***********************************************
09-06 04:57:06.222  2832  2933 I RcsThreadsProvider: update uri : content://com.android.message-rcs.conversation/recipients
09-06 04:57:06.222  2832  2933 I RcsThreadsProvider: updateRecipient.queryString=SELECT _id,number FROM recipients WHERE LOWER(number) = ? OR contact_id=3787;
09-06 04:57:06.223  2832  2933 I RcsThreadsProvider: updateRecipient.the recipient is not in mms
09-06 04:57:06.224  3469  3715 I SyncContactsProvider: TctMms-DatabasesSync.syncContacts.id = 23838
09-06 04:57:06.224  3469  3715 I SyncContactsProvider: TctMms-DatabasesSync.syncContacts.name = amanda@f6ixsd.com
09-06 04:57:06.224  3469  3715 I SyncContactsProvider: TctMms-DatabasesSync.syncContacts.contact_id = 3787
09-06 04:57:06.224  3469  3715 I SyncContactsProvider: TctMms-DatabasesSync.syncContacts.timestamp = 1599374813693
09-06 04:57:06.224  3469  3715 I SyncContactsProvider: TctMms-***********************************************
09-06 04:57:06.225  2832  2933 I RcsThreadsProvider: update uri : content://com.android.message-rcs.conversation/recipients
09-06 04:57:06.226  2832  2933 I RcsThreadsProvider: updateRecipient.queryString=SELECT _id,number FROM recipients WHERE LOWER(number) = ? OR contact_id=3786;
09-06 04:57:06.227  2832  2933 I RcsThreadsProvider: updateRecipient.the recipient is not in mms
09-06 04:57:06.227  3469  3715 I SyncContactsProvider: TctMms-DatabasesSync.syncContacts.id = 23832
09-06 04:57:06.227  3469  3715 I SyncContactsProvider: TctMms-DatabasesSync.syncContacts.name = andrew@andrewlucasart.com
09-06 04:57:06.227  3469  3715 I SyncContactsProvider: TctMms-DatabasesSync.syncContacts.contact_id = 3786
09-06 04:57:06.227  3469  3715 I SyncContactsProvider: TctMms-DatabasesSync.syncContacts.timestamp = 1599374813693
09-06 04:57:06.228  3469  3715 I SyncContactsProvider: TctMms-***********************************************
09-06 04:57:06.229  2832  2933 I RcsThreadsProvider: update uri : content://com.android.message-rcs.conversation/recipients
09-06 04:57:06.229  2832  2933 I RcsThreadsProvider: updateRecipient.queryString=SELECT _id,number FROM recipients WHERE LOWER(number) = ? OR contact_id=3784;
09-06 04:57:06.230  2832  2933 I RcsThreadsProvider: updateRecipient.the recipient is not in mms
09-06 04:57:06.231  3469  3715 I SyncContactsProvider: TctMms-DatabasesSync.syncContacts.id = 23817
09-06 04:57:06.231  3469  3715 I SyncContactsProvider: TctMms-DatabasesSync.syncContacts.name = amarini@thegranddelmar.com
09-06 04:57:06.231  3469  3715 I SyncContactsProvider: TctMms-DatabasesSync.syncContacts.contact_id = 3784
09-06 04:57:06.231  3469  3715 I SyncContactsProvider: TctMms-DatabasesSync.syncContacts.timestamp = 1599374813693
