--------- beginning of system
09-06 04:56:34.057  2165  6270 V SettingsProvider: packageValueForCallResult, name = user_setup_complete, value : Bundle[{_track_generation=android.util.MemoryIntArray@5d, value=1, _generation_index=1, _generation=1}]
09-06 04:56:34.080  2165  5863 I ActivityManager: Start proc 6855:com.tct.sz.gallery3d/u0a70 for broadcast com.tct.sz.gallery3d/com.tct.gallery3d.picturegrouping.BootCompletedBroadcastReceiver
09-06 04:56:34.081  2165  5863 I ActivityManager: Killing 6467:com.mediatek.providers.drm/1000 (adj 906): empty #13
09-06 04:56:34.192  2165  6615 I ActivityManager: Killing 3923:com.google.android.play.games.ui/u0a40 (adj 906): empty #13
09-06 04:56:34.734  2165  5863 I ActivityManager: Start proc 6875:org.simalliance.openmobileapi.service:receiver/u0a109 for broadcast org.simalliance.openmobileapi.service/.SmartcardServiceBootCompletedBroadcastReceiver
09-06 04:56:34.808  2165  6615 I ActivityManager: Finished processing BOOT_COMPLETED for u0
09-06 04:56:34.809  2165  6615 I ActivityManager: Killing 6215:com.lookout/u0a128 (adj 906): empty #13
09-06 04:56:34.926  3639  3639 W ContextImpl: Calling a method in the system process without a qualified user: android.app.ContextImpl.startService:1477 android.content.ContextWrapper.startService:650 android.content.ContextWrapper.startService:650 com.android.cellbroadcastreceiver.CellBroadcastReceiver.startConfigService:1277 com.android.cellbroadcastreceiver.CellBroadcastReceiver.resetCMASSettingsIfSimCardChanged:2200 
09-06 04:56:34.970  2165  2176 I ActivityManager: Start proc 6894:com.android.vending/u0a66 for broadcast com.android.vending/com.google.android.finsky.simhandler.SimStateReceiver
09-06 04:56:34.983  2165  6763 D PowerManagerService: acquireWakeLockInternal: lock=173634657, flags=0x1, tag="RILJ", ws=null, uid=1001, pid=2832, packageName=com.android.phone
09-06 04:56:35.056  2165  6763 D PowerManagerService: releaseWakeLockInternal: lock=173634657 [RILJ], flags=0x0,packageName=com.android.phone, total_time=73ms
09-06 04:56:35.057  2165  2642 D PowerManagerService: acquireWakeLockInternal: lock=173634657, flags=0x1, tag="RILJ", ws=null, uid=1001, pid=2832, packageName=com.android.phone
09-06 04:56:35.092  2165  2642 D PowerManagerService: releaseWakeLockInternal: lock=173634657 [RILJ], flags=0x0,packageName=com.android.phone, total_time=35ms
09-06 04:56:35.098  2165  2642 D PowerManagerService: acquireWakeLockInternal: lock=173634657, flags=0x1, tag="RILJ", ws=null, uid=1001, pid=2832, packageName=com.android.phone
09-06 04:56:35.101  2165  2642 I ActivityManager: Killing 3785:com.android.providers.calendar/u0a48 (adj 906): empty #13
09-06 04:56:35.120  2165  5863 D PowerManagerService: releaseWakeLockInternal: lock=173634657 [RILJ], flags=0x0,packageName=com.android.phone, total_time=22ms
09-06 04:56:35.126  2165  3585 D PowerManagerService: acquireWakeLockInternal: lock=173634657, flags=0x1, tag="RILJ", ws=null, uid=1001, pid=2832, packageName=com.android.phone
09-06 04:56:35.136  2165  2176 D PowerManagerService: releaseWakeLockInternal: lock=173634657 [RILJ], flags=0x0,packageName=com.android.phone, total_time=10ms
09-06 04:56:35.141  2165  3585 D PowerManagerService: acquireWakeLockInternal: lock=173634657, flags=0x1, tag="RILJ", ws=null, uid=1001, pid=2832, packageName=com.android.phone
09-06 04:56:35.166  2165  2176 D PowerManagerService: releaseWakeLockInternal: lock=173634657 [RILJ], flags=0x0,packageName=com.android.phone, total_time=25ms
09-06 04:56:35.172  2165  5863 D PowerManagerService: acquireWakeLockInternal: lock=173634657, flags=0x1, tag="RILJ", ws=null, uid=1001, pid=2832, packageName=com.android.phone
09-06 04:56:35.191  2165  5863 D PowerManagerService: releaseWakeLockInternal: lock=173634657 [RILJ], flags=0x0,packageName=com.android.phone, total_time=19ms
09-06 04:56:35.197  2165  3585 D PowerManagerService: acquireWakeLockInternal: lock=173634657, flags=0x1, tag="RILJ", ws=null, uid=1001, pid=2832, packageName=com.android.phone
09-06 04:56:35.223  2165  3585 D PowerManagerService: releaseWakeLockInternal: lock=173634657 [RILJ], flags=0x0,packageName=com.android.phone, total_time=26ms
09-06 04:56:35.229  2165  5863 D PowerManagerService: acquireWakeLockInternal: lock=173634657, flags=0x1, tag="RILJ", ws=null, uid=1001, pid=2832, packageName=com.android.phone
09-06 04:56:35.256  2165  2642 D PowerManagerService: releaseWakeLockInternal: lock=173634657 [RILJ], flags=0x0,packageName=com.android.phone, total_time=27ms
09-06 04:56:35.261  2165  3585 D PowerManagerService: acquireWakeLockInternal: lock=173634657, flags=0x1, tag="RILJ", ws=null, uid=1001, pid=2832, packageName=com.android.phone
09-06 04:56:35.282  2165  2642 V SettingsProvider: packageValueForCallResult, name = device_provisioned, value : Bundle[{_track_generation=android.util.MemoryIntArray@5d, value=1, _generation_index=0, _generation=6}]
09-06 04:56:35.287  2165  5863 D PowerManagerService: releaseWakeLockInternal: lock=173634657 [RILJ], flags=0x0,packageName=com.android.phone, total_time=26ms
09-06 04:56:35.314  2165  2176 D PowerManagerService: acquireWakeLockInternal: lock=173634657, flags=0x1, tag="RILJ", ws=null, uid=1001, pid=2832, packageName=com.android.phone
09-06 04:56:35.339  2165  2176 D PowerManagerService: releaseWakeLockInternal: lock=173634657 [RILJ], flags=0x0,packageName=com.android.phone, total_time=24ms
09-06 04:56:35.344  2165  3585 D PowerManagerService: acquireWakeLockInternal: lock=173634657, flags=0x1, tag="RILJ", ws=null, uid=1001, pid=2832, packageName=com.android.phone
09-06 04:56:35.367  2165  2176 V SettingsProvider: packageValueForCallResult, name = android_id, value : Bundle[{_track_generation=android.util.MemoryIntArray@5d, value=f3b72abdd1384ad0, _generation_index=1, _generation=1}]
09-06 04:56:35.370  2165  5863 D PowerManagerService: releaseWakeLockInternal: lock=173634657 [RILJ], flags=0x0,packageName=com.android.phone, total_time=26ms
09-06 04:56:35.380  2165  2176 D PowerManagerService: acquireWakeLockInternal: lock=173634657, flags=0x1, tag="RILJ", ws=null, uid=1001, pid=2832, packageName=com.android.phone
09-06 04:56:35.402  2165  2390 D WifiController: battery changed pluggedType: 2
09-06 04:56:35.407  2165  2176 D PowerManagerService: releaseWakeLockInternal: lock=173634657 [RILJ], flags=0x0,packageName=com.android.phone, total_time=27ms
09-06 04:56:35.420  2165  2239 E BatteryExternalStatsWorker: no controller energy info supplied for wifi
09-06 04:56:35.420  2165  2239 E BatteryExternalStatsWorker: no controller energy info supplied for bluetooth
09-06 04:56:35.422  2165  2176 D PowerManagerService: acquireWakeLockInternal: lock=173634657, flags=0x1, tag="RILJ", ws=null, uid=1001, pid=2832, packageName=com.android.phone
09-06 04:56:35.450  2165  2642 D PowerManagerService: releaseWakeLockInternal: lock=173634657 [RILJ], flags=0x0,packageName=com.android.phone, total_time=27ms
09-06 04:56:35.682  2165  2390 D WifiController: battery changed pluggedType: 2
09-06 04:56:35.697  2165  2239 E BatteryExternalStatsWorker: no controller energy info supplied for wifi
09-06 04:56:35.697  2165  2239 E BatteryExternalStatsWorker: no controller energy info supplied for bluetooth
09-06 04:56:35.698  2165  5863 D PowerManagerService: acquireWakeLockInternal: lock=173634657, flags=0x1, tag="RILJ", ws=null, uid=1001, pid=2832, packageName=com.android.phone
09-06 04:56:35.729  2165  5863 D PowerManagerService: releaseWakeLockInternal: lock=173634657 [RILJ], flags=0x0,packageName=com.android.phone, total_time=31ms
09-06 04:56:35.795  2165  2176 I ActivityManager: Start proc 6964:com.google.android.apps.tachyon/u0a102 for broadcast com.google.android.apps.tachyon/.simdetection.SimStateBroadcastReceiver
09-06 04:56:35.797  2165  6615 I ActivityManager: Killing 6511:com.mediatek.simprocessor/1000 (adj 906): empty #13
09-06 04:56:36.097  2165  6615 V SettingsProvider: packageValueForCallResult, name = android_id, value : Bundle[{_track_generation=android.util.MemoryIntArray@5d, value=25c5dad8a3591ed1, _generation_index=1, _generation=1}]
09-06 04:56:36.131  2165  6763 V AlarmManager: APP set with listener(*job.delay*) : type=2 triggerAtTime=98273 win=0 tElapsed=99097 maxElapsed=99097 interval=0 flags=0x0
09-06 04:56:36.134  2165  6763 V AlarmManager: APP set with listener(*job.deadline*) : type=2 triggerAtTime=98273 win=0 tElapsed=99100 maxElapsed=99100 interval=0 flags=0x0
09-06 04:56:36.138  2165  2165 V JobSchedulerService: validNewProc:  package=com.squareup.cash alive=false restrict=true tempRestrict=false defalutInputMethod=false useInLauncher=false
09-06 04:56:36.139  2165  2165 V JobSchedulerService: validNewProc:  package=com.metropcs.metrozone alive=true restrict=false tempRestrict=false defalutInputMethod=false useInLauncher=false
09-06 04:56:36.140  2165  2165 V JobSchedulerService: validNewProc:  package=com.google.android.inputmethod.latin alive=true restrict=false tempRestrict=false defalutInputMethod=true useInLauncher=false
09-06 04:56:36.140  2165  2165 V JobSchedulerService: validNewProc:  package=com.tcl.email alive=true restrict=false tempRestrict=false defalutInputMethod=false useInLauncher=false
09-06 04:56:36.141  2165  2165 V JobSchedulerService: validNewProc:  package=android alive=true restrict=false tempRestrict=false defalutInputMethod=true useInLauncher=false
09-06 04:56:36.143  2165  2165 I chatty  : uid=1000 system_server identical 2 lines
09-06 04:56:36.145  2165  2165 V JobSchedulerService: validNewProc:  package=android alive=true restrict=false tempRestrict=false defalutInputMethod=true useInLauncher=false
09-06 04:56:36.157  2165  6763 V AlarmManager: APP set with listener(*job.delay*) : type=2 triggerAtTime=98273 win=0 tElapsed=99123 maxElapsed=99123 interval=0 flags=0x0
09-06 04:56:36.160  2165  6763 V AlarmManager: APP set with listener(*job.deadline*) : type=2 triggerAtTime=98273 win=0 tElapsed=99126 maxElapsed=99126 interval=0 flags=0x0
09-06 04:56:36.164  2165  2165 D PowerManagerService: acquireWakeLockInternal: lock=220113106, flags=0x1, tag="*job*/com.google.android.gms.reminders/com.google/krsnarecon@gmail.com:android", ws=WorkSource{10040}, uid=1000, pid=2165, packageName=android
09-06 04:56:36.164  2165  2165 D PowerManagerService: acquireWakeLockInternal: lock=32116131, flags=0x1, tag="*job*/com.google.android.gms.reminders/com.google/davidbwilliamsjr@gmail.com:android", ws=WorkSource{10040}, uid=1000, pid=2165, packageName=android
09-06 04:56:36.165  2165  6763 V AlarmManager: APP set with listener(*job.delay*) : type=2 triggerAtTime=98273 win=0 tElapsed=99131 maxElapsed=99131 interval=0 flags=0x0
09-06 04:56:36.167  2165  6763 V AlarmManager: APP set with listener(*job.deadline*) : type=2 triggerAtTime=98273 win=0 tElapsed=99133 maxElapsed=99133 interval=0 flags=0x0
09-06 04:56:36.169  2165  2165 D PowerManagerService: acquireWakeLockInternal: lock=266447008, flags=0x1, tag="*job*/subscribedfeeds/com.google/krsnarecon@gmail.com:android", ws=WorkSource{10040}, uid=1000, pid=2165, packageName=android
09-06 04:56:36.170  2165  6615 V AlarmManager: APP set with listener(*job.delay*) : type=2 triggerAtTime=98273 win=0 tElapsed=99136 maxElapsed=99136 interval=0 flags=0x0
09-06 04:56:36.173  2165  6615 V AlarmManager: APP set with listener(*job.deadline*) : type=2 triggerAtTime=98273 win=0 tElapsed=99138 maxElapsed=99138 interval=0 flags=0x0
09-06 04:56:36.175  2165  2165 D PowerManagerService: acquireWakeLockInternal: lock=3521625, flags=0x1, tag="*job*/subscribedfeeds/com.google/davidbwilliamsjr@gmail.com:android", ws=WorkSource{10040}, uid=1000, pid=2165, packageName=android
09-06 04:56:36.175  2165  2165 D PowerManagerService: acquireWakeLockInternal: lock=203063326, flags=0x1, tag="*job*/com.tcl.email/com.tct.email.service.BootCompleteBroadcasetProcessService", ws=WorkSource{10071}, uid=1000, pid=2165, packageName=android
09-06 04:56:36.176  2165  2233 D PowerManagerService: acquireWakeLockInternal: lock=68923450, flags=0x1, tag="SyncLoopWakeLock", ws=null, uid=1000, pid=2165, packageName=android
09-06 04:56:36.177  2165  6615 V JobSchedulerService: validNewProc:  package=com.android.vending alive=true restrict=false tempRestrict=false defalutInputMethod=false useInLauncher=false
09-06 04:56:36.177  2165  2233 D PowerManagerService: acquireWakeLockInternal: lock=180924108, flags=0x1, tag="*sync*/com.google.android.gms.reminders/com.google/krsnarecon@gmail.com", ws=WorkSource{10040}, uid=1000, pid=2165, packageName=android
09-06 04:56:36.193  2165  2233 D PowerManagerService: releaseWakeLockInternal: lock=68923450 [SyncLoopWakeLock], flags=0x0,packageName=android, total_time=17ms
09-06 04:56:36.194  2165  2233 D PowerManagerService: acquireWakeLockInternal: lock=68923450, flags=0x1, tag="SyncLoopWakeLock", ws=null, uid=1000, pid=2165, packageName=android
09-06 04:56:36.198  2165  2165 D PowerManagerService: releaseWakeLockInternal: lock=32116131 [*job*/com.google.android.gms.reminders/com.google/davidbwilliamsjr@gmail.com:android], flags=0x0,packageName=android, total_time=33ms
09-06 04:56:36.205  2165  2233 D PowerManagerService: releaseWakeLockInternal: lock=68923450 [SyncLoopWakeLock], flags=0x0,packageName=android, total_time=11ms
09-06 04:56:36.206  2165  2233 D PowerManagerService: acquireWakeLockInternal: lock=68923450, flags=0x1, tag="SyncLoopWakeLock", ws=null, uid=1000, pid=2165, packageName=android
09-06 04:56:36.207  2165  2165 V JobSchedulerService: validNewProc:  package=com.squareup.cash alive=false restrict=true tempRestrict=false defalutInputMethod=false useInLauncher=false
09-06 04:56:36.207  2165  2233 D PowerManagerService: acquireWakeLockInternal: lock=115279855, flags=0x1, tag="*sync*/subscribedfeeds/com.google/krsnarecon@gmail.com", ws=WorkSource{10040}, uid=1000, pid=2165, packageName=android
09-06 04:56:36.208  2165  2165 V JobSchedulerService: validNewProc:  package=com.metropcs.metrozone alive=true restrict=false tempRestrict=false defalutInputMethod=false useInLauncher=false
09-06 04:56:36.209  2165  2165 V JobSchedulerService: validNewProc:  package=com.google.android.inputmethod.latin alive=true restrict=false tempRestrict=false defalutInputMethod=true useInLauncher=false
09-06 04:56:36.210  2165  2165 V JobSchedulerService: validNewProc:  package=com.tcl.email alive=true restrict=false tempRestrict=false defalutInputMethod=false useInLauncher=false
09-06 04:56:36.213  2165  2165 V JobSchedulerService: validNewProc:  package=com.android.vending alive=true restrict=false tempRestrict=false defalutInputMethod=false useInLauncher=false
09-06 04:56:36.214  2165  2165 V JobSchedulerService: validNewProc:  package=android alive=true restrict=false tempRestrict=false defalutInputMethod=true useInLauncher=false
09-06 04:56:36.215  2165  2165 I chatty  : uid=1000 system_server identical 1 line
09-06 04:56:36.215  2165  2165 V JobSchedulerService: validNewProc:  package=android alive=true restrict=false tempRestrict=false defalutInputMethod=true useInLauncher=false
09-06 04:56:36.222  2165  2165 D PowerManagerService: acquireWakeLockInternal: lock=223982312, flags=0x1, tag="*job*/com.android.vending/com.google.android.finsky.scheduler.process.mainimpl.PhoneskyJobServiceMain", ws=WorkSource{10066}, uid=1000, pid=2165, packageName=android
09-06 04:56:36.227  2165  2233 D PowerManagerService: releaseWakeLockInternal: lock=68923450 [SyncLoopWakeLock], flags=0x0,packageName=android, total_time=21ms
09-06 04:56:36.228  2165  2233 D PowerManagerService: acquireWakeLockInternal: lock=68923450, flags=0x1, tag="SyncLoopWakeLock", ws=null, uid=1000, pid=2165, packageName=android
09-06 04:56:36.230  2165  5388 D PowerManagerService: releaseWakeLockInternal: lock=203063326 [*job*/com.tcl.email/com.tct.email.service.BootCompleteBroadcasetProcessService], flags=0x0,packageName=android, total_time=54ms
09-06 04:56:36.236  2165  2165 D PowerManagerService: releaseWakeLockInternal: lock=3521625 [*job*/subscribedfeeds/com.google/davidbwilliamsjr@gmail.com:android], flags=0x0,packageName=android, total_time=61ms
09-06 04:56:36.239  2165  2165 V JobSchedulerService: validNewProc:  package=com.squareup.cash alive=false restrict=true tempRestrict=false defalutInputMethod=false useInLauncher=false
09-06 04:56:36.240  2165  2165 V JobSchedulerService: validNewProc:  package=com.metropcs.metrozone alive=true restrict=false tempRestrict=false defalutInputMethod=false useInLauncher=false
09-06 04:56:36.240  2165  2165 V JobSchedulerService: validNewProc:  package=com.google.android.inputmethod.latin alive=true restrict=false tempRestrict=false defalutInputMethod=true useInLauncher=false
09-06 04:56:36.241  2165  2165 V JobSchedulerService: validNewProc:  package=android alive=true restrict=false tempRestrict=false defalutInputMethod=true useInLauncher=false
09-06 04:56:36.242  2165  2165 V JobSchedulerService: validNewProc:  package=android alive=true restrict=false tempRestrict=false defalutInputMethod=true useInLauncher=false
09-06 04:56:36.244  2165  2233 D PowerManagerService: releaseWakeLockInternal: lock=68923450 [SyncLoopWakeLock], flags=0x0,packageName=android, total_time=16ms
09-06 04:56:36.245  2165  2233 D PowerManagerService: acquireWakeLockInternal: lock=68923450, flags=0x1, tag="SyncLoopWakeLock", ws=null, uid=1000, pid=2165, packageName=android
09-06 04:56:36.245  2165  2165 V JobSchedulerService: validNewProc:  package=com.squareup.cash alive=false restrict=true tempRestrict=false defalutInputMethod=false useInLauncher=false
09-06 04:56:36.246  2165  2233 D PowerManagerService: releaseWakeLockInternal: lock=68923450 [SyncLoopWakeLock], flags=0x0,packageName=android, total_time=0ms
09-06 04:56:36.246  2165  2233 D PowerManagerService: acquireWakeLockInternal: lock=68923450, flags=0x1, tag="SyncLoopWakeLock", ws=null, uid=1000, pid=2165, packageName=android
09-06 04:56:36.246  2165  2165 V JobSchedulerService: validNewProc:  package=com.metropcs.metrozone alive=true restrict=false tempRestrict=false defalutInputMethod=false useInLauncher=false
09-06 04:56:36.247  2165  2233 D PowerManagerService: releaseWakeLockInternal: lock=68923450 [SyncLoopWakeLock], flags=0x0,packageName=android, total_time=0ms
09-06 04:56:36.247  2165  2233 D PowerManagerService: acquireWakeLockInternal: lock=68923450, flags=0x1, tag="SyncLoopWakeLock", ws=null, uid=1000, pid=2165, packageName=android
09-06 04:56:36.247  2165  2165 V JobSchedulerService: validNewProc:  package=com.google.android.inputmethod.latin alive=true restrict=false tempRestrict=false defalutInputMethod=true useInLauncher=false
09-06 04:56:36.247  2165  2233 D PowerManagerService: releaseWakeLockInternal: lock=68923450 [SyncLoopWakeLock], flags=0x0,packageName=android, total_time=0ms
09-06 04:56:36.248  2165  2233 D PowerManagerService: acquireWakeLockInternal: lock=68923450, flags=0x1, tag="SyncLoopWakeLock", ws=null, uid=1000, pid=2165, packageName=android
09-06 04:56:36.248  2165  2233 D PowerManagerService: releaseWakeLockInternal: lock=68923450 [SyncLoopWakeLock], flags=0x0,packageName=android, total_time=0ms
09-06 04:56:36.252  2165  2165 V JobSchedulerService: validNewProc:  package=android alive=true restrict=false tempRestrict=false defalutInputMethod=true useInLauncher=false
09-06 04:56:36.253  2165  2165 V JobSchedulerService: validNewProc:  package=android alive=true restrict=false tempRestrict=false defalutInputMethod=true useInLauncher=false
09-06 04:56:36.254  2165  3582 V JobSchedulerService: validNewProc:  package=com.android.vending alive=true restrict=false tempRestrict=false defalutInputMethod=false useInLauncher=false
09-06 04:56:36.258  2165  2165 D PowerManagerService: acquireWakeLockInternal: lock=252168927, flags=0x1, tag="*job*/com.android.vending/com.google.android.finsky.scheduler.process.mainimpl.PhoneskyJobServiceMain", ws=WorkSource{10066}, uid=1000, pid=2165, packageName=android
09-06 04:56:36.259  2165  5863 V AlarmManager: APP set with listener(*job.delay*) : type=2 triggerAtTime=98273 win=0 tElapsed=99225 maxElapsed=99225 interval=0 flags=0x0
09-06 04:56:36.261  2165  5863 V AlarmManager: APP set with listener(*job.deadline*) : type=2 triggerAtTime=98273 win=0 tElapsed=99227 maxElapsed=99227 interval=0 flags=0x0
09-06 04:56:36.267  2165  2233 D PowerManagerService: acquireWakeLockInternal: lock=68923450, flags=0x1, tag="SyncLoopWakeLock", ws=null, uid=1000, pid=2165, packageName=android
09-06 04:56:36.268  2165  6270 V AlarmManager: APP set(PendingIntent{d3671f5: PendingIntentRecord{b9a3cb5 com.android.vending broadcastIntent}}) : type=2 triggerAtTime=64894231 win=48599997 tElapsed=64894231 maxElapsed=113494228 interval=0 flags=0x0
09-06 04:56:36.270  2165  2233 D PowerManagerService: releaseWakeLockInternal: lock=68923450 [SyncLoopWakeLock], flags=0x0,packageName=android, total_time=2ms
09-06 04:56:36.270  2165  2233 D PowerManagerService: acquireWakeLockInternal: lock=68923450, flags=0x1, tag="SyncLoopWakeLock", ws=null, uid=1000, pid=2165, packageName=android
09-06 04:56:36.272  2165  2233 D PowerManagerService: releaseWakeLockInternal: lock=68923450 [SyncLoopWakeLock], flags=0x0,packageName=android, total_time=2ms
09-06 04:56:36.279  2165  3582 V AlarmManager: APP set with listener(*job.delay*) : type=2 triggerAtTime=98273 win=0 tElapsed=99245 maxElapsed=99245 interval=0 flags=0x0
09-06 04:56:36.281  2165  3582 V AlarmManager: APP set with listener(*job.deadline*) : type=2 triggerAtTime=98273 win=0 tElapsed=99247 maxElapsed=99247 interval=0 flags=0x0
09-06 04:56:36.286  2165  6615 V AlarmManager: APP set(PendingIntent{6c835fb: PendingIntentRecord{b9a3cb5 com.android.vending broadcastIntent}}) : type=2 triggerAtTime=64894251 win=48599999 tElapsed=64894251 maxElapsed=113494250 interval=0 flags=0x0
09-06 04:56:36.300  2165  5388 D PowerManagerService: releaseWakeLockInternal: lock=252168927 [*job*/com.android.vending/com.google.android.finsky.scheduler.process.mainimpl.PhoneskyJobServiceMain], flags=0x0,packageName=android, total_time=42ms
09-06 04:56:36.303  2165  5388 D PowerManagerService: releaseWakeLockInternal: lock=223982312 [*job*/com.android.vending/com.google.android.finsky.scheduler.process.mainimpl.PhoneskyJobServiceMain], flags=0x0,packageName=android, total_time=81ms
09-06 04:56:36.310  2165  2165 V JobSchedulerService: validNewProc:  package=com.squareup.cash alive=false restrict=true tempRestrict=false defalutInputMethod=false useInLauncher=false
09-06 04:56:36.312  2165  2165 V JobSchedulerService: validNewProc:  package=com.metropcs.metrozone alive=true restrict=false tempRestrict=false defalutInputMethod=false useInLauncher=false
09-06 04:56:36.313  2165  2165 V JobSchedulerService: validNewProc:  package=com.google.android.inputmethod.latin alive=true restrict=false tempRestrict=false defalutInputMethod=true useInLauncher=false
09-06 04:56:36.314  2165  2165 V JobSchedulerService: validNewProc:  package=android alive=true restrict=false tempRestrict=false defalutInputMethod=true useInLauncher=false
09-06 04:56:36.315  2165  2165 V JobSchedulerService: validNewProc:  package=android alive=true restrict=false tempRestrict=false defalutInputMethod=true useInLauncher=false
09-06 04:56:36.315  2165  2165 V JobSchedulerService: validNewProc:  package=com.squareup.cash alive=false restrict=true tempRestrict=false defalutInputMethod=false useInLauncher=false
09-06 04:56:36.316  2165  2165 V JobSchedulerService: validNewProc:  package=com.metropcs.metrozone alive=true restrict=false tempRestrict=false defalutInputMethod=false useInLauncher=false
09-06 04:56:36.317  2165  2165 V JobSchedulerService: validNewProc:  package=com.google.android.inputmethod.latin alive=true restrict=false tempRestrict=false defalutInputMethod=true useInLauncher=false
09-06 04:56:36.318  2165  2165 V JobSchedulerService: validNewProc:  package=android alive=true restrict=false tempRestrict=false defalutInputMethod=true useInLauncher=false
09-06 04:56:36.318  2165  2165 V JobSchedulerService: validNewProc:  package=android alive=true restrict=false tempRestrict=false defalutInputMethod=true useInLauncher=false
09-06 04:56:36.341  2165  2233 D PowerManagerService: acquireWakeLockInternal: lock=68923450, flags=0x1, tag="SyncLoopWakeLock", ws=null, uid=1000, pid=2165, packageName=android
09-06 04:56:36.343  2165  2165 D PowerManagerService: releaseWakeLockInternal: lock=220113106 [*job*/com.google.android.gms.reminders/com.google/krsnarecon@gmail.com:android], flags=0x0,packageName=android, total_time=178ms
09-06 04:56:36.344  2165  2233 D PowerManagerService: releaseWakeLockInternal: lock=180924108 [*sync*/com.google.android.gms.reminders/com.google/krsnarecon@gmail.com], flags=0x0,packageName=android, total_time=167ms
09-06 04:56:36.348  2165  2165 V JobSchedulerService: validNewProc:  package=com.squareup.cash alive=false restrict=true tempRestrict=false defalutInputMethod=false useInLauncher=false
09-06 04:56:36.348  2165  2165 V JobSchedulerService: validNewProc:  package=com.metropcs.metrozone alive=true restrict=false tempRestrict=false defalutInputMethod=false useInLauncher=false
09-06 04:56:36.349  2165  2165 V JobSchedulerService: validNewProc:  package=com.google.android.inputmethod.latin alive=true restrict=false tempRestrict=false defalutInputMethod=true useInLauncher=false
09-06 04:56:36.350  2165  2165 V JobSchedulerService: validNewProc:  package=android alive=true restrict=false tempRestrict=false defalutInputMethod=true useInLauncher=false
09-06 04:56:36.355  2165  2233 D PowerManagerService: releaseWakeLockInternal: lock=68923450 [SyncLoopWakeLock], flags=0x0,packageName=android, total_time=14ms
09-06 04:56:36.356  2165  2859 I ActivityManager: Killing 6528:com.mediatek.thermalmanager/1000 (adj 904): empty #13
09-06 04:56:36.376  2165  3582 D PowerManagerService: acquireWakeLockInternal: lock=138445767, flags=0x1, tag="wake:com.google.android.gms/.chimera.GmsIntentOperationService", ws=null, uid=10040, pid=3281, packageName=com.google.android.gms
09-06 04:56:36.410  2165  3582 I ActivityManager: Start proc 7031:com.google.android.partnersetup/u0a44 for broadcast com.google.android.partnersetup/.PhoneStateReceiver
09-06 04:56:36.415  2165  5863 D PowerManagerService: acquireWakeLockInternal: lock=243854836, flags=0x1, tag="IntentOp:.checkin.CheckinIntentOperation", ws=WorkSource{10040 com.google.android.gms}, uid=10040, pid=3281, packageName=com.google.android.gms
09-06 04:56:36.425  2165  5388 D PowerManagerService: acquireWakeLockInternal: lock=126212381, flags=0x1, tag="Checkin Service", ws=WorkSource{10040 com.google.android.gms}, uid=10040, pid=3281, packageName=com.google.android.gms
09-06 04:56:36.427  2165  5388 V AlarmManager: APP set with listener(*job.delay*) : type=2 triggerAtTime=98273 win=0 tElapsed=99393 maxElapsed=99393 interval=0 flags=0x0
09-06 04:56:36.429  2165  5388 V AlarmManager: APP set with listener(*job.deadline*) : type=2 triggerAtTime=98273 win=0 tElapsed=99395 maxElapsed=99395 interval=0 flags=0x0
09-06 04:56:36.438  2165  5388 V AlarmManager: APP set with listener(*job.delay*) : type=2 triggerAtTime=98273 win=0 tElapsed=99404 maxElapsed=99404 interval=0 flags=0x0
09-06 04:56:36.440  2165  5388 V AlarmManager: APP set with listener(*job.deadline*) : type=2 triggerAtTime=98273 win=0 tElapsed=99406 maxElapsed=99406 interval=0 flags=0x0
09-06 04:56:36.452  2165  5388 V AlarmManager: APP set with listener(*job.delay*) : type=2 triggerAtTime=98273 win=0 tElapsed=99418 maxElapsed=99418 interval=0 flags=0x0
09-06 04:56:36.454  2165  5388 V AlarmManager: APP set with listener(*job.deadline*) : type=2 triggerAtTime=98273 win=0 tElapsed=99420 maxElapsed=99420 interval=0 flags=0x0
09-06 04:56:36.536  2165  5863 I ActivityManager: Start proc 7050:com.privacystar.android.metro/u0a125 for broadcast com.privacystar.android.metro/com.tmobile.services.nameid.utility.SimChangeReceiver
09-06 04:56:36.537  2165  5863 I ActivityManager: Killing 6544:com.metro.simlock/u0a123 (adj 904): empty #13
09-06 04:56:36.595  2165  2642 V JobSchedulerService: validNewProc:  package=com.google.android.apps.tachyon alive=true restrict=false tempRestrict=false defalutInputMethod=false useInLauncher=false
09-06 04:56:36.605  2165  2165 D PowerManagerService: acquireWakeLockInternal: lock=222149668, flags=0x1, tag="*job*/com.google.android.apps.tachyon/androidx.work.impl.background.systemjob.SystemJobService", ws=WorkSource{10102}, uid=1000, pid=2165, packageName=android
09-06 04:56:36.678  2165  3582 D PowerManagerService: releaseWakeLockInternal: lock=222149668 [*job*/com.google.android.apps.tachyon/androidx.work.impl.background.systemjob.SystemJobService], flags=0x0,packageName=android, total_time=73ms
09-06 04:56:36.681  2165  2165 V JobSchedulerService: validNewProc:  package=com.squareup.cash alive=false restrict=true tempRestrict=false defalutInputMethod=false useInLauncher=false
09-06 04:56:36.682  2165  2165 V JobSchedulerService: validNewProc:  package=com.metropcs.metrozone alive=true restrict=false tempRestrict=false defalutInputMethod=false useInLauncher=false
09-06 04:56:36.683  2165  2165 V JobSchedulerService: validNewProc:  package=com.google.android.inputmethod.latin alive=true restrict=false tempRestrict=false defalutInputMethod=true useInLauncher=false
09-06 04:56:36.684  2165  2165 V JobSchedulerService: validNewProc:  package=android alive=true restrict=false tempRestrict=false defalutInputMethod=true useInLauncher=false
09-06 04:56:36.748  2165  2233 D PowerManagerService: acquireWakeLockInternal: lock=68923450, flags=0x1, tag="SyncLoopWakeLock", ws=null, uid=1000, pid=2165, packageName=android
09-06 04:56:36.749  2165  2165 D PowerManagerService: releaseWakeLockInternal: lock=266447008 [*job*/subscribedfeeds/com.google/krsnarecon@gmail.com:android], flags=0x0,packageName=android, total_time=580ms
09-06 04:56:36.752  2165  2233 D PowerManagerService: releaseWakeLockInternal: lock=115279855 [*sync*/subscribedfeeds/com.google/krsnarecon@gmail.com], flags=0x0,packageName=android, total_time=545ms
09-06 04:56:36.757  2165  2165 V JobSchedulerService: validNewProc:  package=com.squareup.cash alive=false restrict=true tempRestrict=false defalutInputMethod=false useInLauncher=false
09-06 04:56:36.757  2165  2165 V JobSchedulerService: validNewProc:  package=com.metropcs.metrozone alive=true restrict=false tempRestrict=false defalutInputMethod=false useInLauncher=false
09-06 04:56:36.759  2165  2165 V JobSchedulerService: validNewProc:  package=com.google.android.inputmethod.latin alive=true restrict=false tempRestrict=false defalutInputMethod=true useInLauncher=false
09-06 04:56:36.761  2165  2233 D PowerManagerService: releaseWakeLockInternal: lock=68923450 [SyncLoopWakeLock], flags=0x0,packageName=android, total_time=13ms
09-06 04:56:36.816  2165  2642 I ActivityManager: Start proc 7079:com.google.android.gms.unstable/u0a40 for service com.google.android.gms/.droidguard.DroidGuardService
09-06 04:56:36.967  2165  6615 V SettingsProvider: packageValueForCallResult, name = android_id, value : Bundle[{_track_generation=android.util.MemoryIntArray@5d, value=e045a560820c7ae3, _generation_index=1, _generation=1}]
09-06 04:56:37.029  2165  2176 D PowerManagerService: acquireWakeLockInternal: lock=220430659, flags=0x1, tag="fiid-sync", ws=null, uid=10125, pid=7050, packageName=com.privacystar.android.metro
09-06 04:56:37.336  2165  2642 I ActivityManager: Killing 6644:com.nuance.nmc.sihome.metropcs/u0a140 (adj 904): empty #13
09-06 04:56:37.380  2165  5863 I ActivityManager: Killing 6705:com.android.chrome:sandboxed_process0/u0a140i0 (adj 0): isolated not needed
09-06 04:56:37.411  2165  2239 D KernelUidCpuTimeReader: Removing uids 99000-99000
09-06 04:56:37.664  2165  3582 I ActivityManager: Start proc 7162:com.tct.weather/u0a138 for broadcast com.tct.weather/com.tct.widget.WeatherWidget
09-06 04:56:37.826  2165  2761 D PowerManagerService: releaseWakeLockInternal: lock=220430659 [fiid-sync], flags=0x0,packageName=com.privacystar.android.metro, total_time=797ms
09-06 04:56:37.828  2165  2761 D PowerManagerService: acquireWakeLockInternal: lock=85656096, flags=0x1, tag="fiid-sync", ws=null, uid=10125, pid=7050, packageName=com.privacystar.android.metro
09-06 04:56:37.840  2165  6270 W ActivityManager: Background start not allowed: service Intent { act=com.google.firebase.INSTANCE_ID_EVENT pkg=com.tct.weather cmp=com.tct.weather/com.tcl.mibc.library.push.fcmwrapper.FirebaseInstanceIdServiceWrapper (has extras) } to com.tct.weather/com.tcl.mibc.library.push.fcmwrapper.FirebaseInstanceIdServiceWrapper from pid=7162 uid=10138 pkg=com.tct.weather
09-06 04:56:37.932  2165  2761 V AlarmManager: APP set(PendingIntent{75f6949: PendingIntentRecord{d2a424e com.tct.weather broadcastIntent}}) : type=0 triggerAtTime=1599400800000 win=0 tElapsed=7497966 maxElapsed=7497966 interval=0 flags=0x1
09-06 04:56:37.936  2165  3582 V AlarmManager: APP set(PendingIntent{1862f6f: PendingIntentRecord{770347c com.tct.weather broadcastIntent}}) : type=0 triggerAtTime=1599447600000 win=0 tElapsed=54297966 maxElapsed=54297966 interval=0 flags=0x1
09-06 04:56:37.955  2165  2761 V JobSchedulerService: validNewProc:  package=com.tct.weather alive=true restrict=false tempRestrict=false defalutInputMethod=false useInLauncher=true
09-06 04:56:37.980  2165  2165 D PowerManagerService: acquireWakeLockInternal: lock=110009703, flags=0x1, tag="*job*/com.tct.weather/.service.UpdateScheduler", ws=WorkSource{10138}, uid=1000, pid=2165, packageName=android
09-06 04:56:37.987  2165  3582 W BroadcastQueue: Background execution not allowed: receiving Intent { act=android.net.wifi.STATE_CHANGE flg=0x4000010 (has extras) } to com.tcl.ota/.receiver.DownloadReceiver
09-06 04:56:37.987  2165  2235 W BroadcastQueue: Background execution not allowed: receiving Intent { act=android.net.wifi.STATE_CHANGE flg=0x4000010 (has extras) } to com.tcl.ota/.receiver.DownloadReceiver
09-06 04:56:37.988  2165  2235 I chatty  : uid=1000(system) ActivityManager identical 3 lines
09-06 04:56:37.988  2165  2235 W BroadcastQueue: Background execution not allowed: receiving Intent { act=android.net.wifi.STATE_CHANGE flg=0x4000010 (has extras) } to com.tcl.ota/.receiver.DownloadReceiver
09-06 04:56:38.015  2165  6615 D PowerManagerService: releaseWakeLockInternal: lock=110009703 [*job*/com.tct.weather/.service.UpdateScheduler], flags=0x0,packageName=android, total_time=34ms
09-06 04:56:38.019  2165  2165 V JobSchedulerService: validNewProc:  package=com.squareup.cash alive=false restrict=true tempRestrict=false defalutInputMethod=false useInLauncher=false
09-06 04:56:38.020  7162  7213 E ActivityThread: Failed to find provider info for com.tct.gapp.middleman
09-06 04:56:38.020  2165  2165 V JobSchedulerService: validNewProc:  package=com.metropcs.metrozone alive=true restrict=false tempRestrict=false defalutInputMethod=false useInLauncher=false
09-06 04:56:38.021  2165  2165 V JobSchedulerService: validNewProc:  package=com.google.android.inputmethod.latin alive=true restrict=false tempRestrict=false defalutInputMethod=true useInLauncher=false
09-06 04:56:38.036  2165  2176 V SettingsProvider: packageValueForCallResult, name = location_providers_allowed, value : Bundle[{_track_generation=android.util.MemoryIntArray@5d, value=gps,network, _generation_index=1, _generation=1}]
09-06 04:56:38.040  2165  6270 D AlarmManager: setImpl mPackage = com.google.android.gms, type = 2
09-06 04:56:38.040  2165  6270 V AlarmManager: APP set(PendingIntent{fd1dafe: PendingIntentRecord{b87d25f com.google.android.gms broadcastIntent}}) : type=3 triggerAtTime=96953 win=0 tElapsed=101005 maxElapsed=101005 interval=0 flags=0x0
09-06 04:56:38.055  2165  6270 V SettingsProvider: packageValueForCallResult, name = airplane_mode_on, value : Bundle[{_track_generation=android.util.MemoryIntArray@5d, value=0, _generation_index=0, _generation=6}]
09-06 04:56:38.061  2165  2176 D PowerManagerService: acquireWakeLockInternal: lock=258454700, flags=0x1, tag="*gms_scheduler*:internal", ws=WorkSource{10040 com.google.android.gms}, uid=10040, pid=2954, packageName=com.google.android.gms
09-06 04:56:38.075  2165  2642 D PowerManagerService: releaseWakeLockInternal: lock=85656096 [fiid-sync], flags=0x0,packageName=com.privacystar.android.metro, total_time=247ms
09-06 04:56:38.076  2165  2176 W BroadcastQueue: Background execution not allowed: receiving Intent { act=com.tct.mail.ACTION_NOTIFY_DATASET_CHANGED typ=application/email-ls flg=0x10 (has extras) } to com.tcl.email/com.tct.email.provider.WidgetProvider
09-06 04:56:38.077  2165  2235 W BroadcastQueue: Background execution not allowed: receiving Intent { act=com.tct.mail.ACTION_NOTIFY_DATASET_CHANGED typ=application/email-ls flg=0x10 (has extras) } to com.tcl.email/com.tct.email.provider.WidgetProvider
09-06 04:56:38.078  2165  2235 I chatty  : uid=1000(system) ActivityManager identical 5 lines
09-06 04:56:38.078  2165  2235 W BroadcastQueue: Background execution not allowed: receiving Intent { act=com.tct.mail.ACTION_NOTIFY_DATASET_CHANGED typ=application/email-ls flg=0x10 (has extras) } to com.tcl.email/com.tct.email.provider.WidgetProvider
09-06 04:56:38.082  2165  6270 W BroadcastQueue: Background execution not allowed: receiving Intent { act=android.net.wifi.STATE_CHANGE flg=0x4000010 (has extras) } to com.tcl.ota/.receiver.DownloadReceiver
09-06 04:56:38.084  2165  2235 W BroadcastQueue: Background execution not allowed: receiving Intent { act=android.net.wifi.STATE_CHANGE flg=0x4000010 (has extras) } to com.tcl.ota/.receiver.DownloadReceiver
09-06 04:56:38.085  2165  2235 W BroadcastQueue: Background execution not allowed: receiving Intent { act=android.net.wifi.STATE_CHANGE flg=0x4000010 (has extras) } to com.tcl.ota/.receiver.DownloadReceiver
09-06 04:56:38.106  2165  6270 D PowerManagerService: acquireWakeLockInternal: lock=201405819, flags=0x1, tag="StartingAlertService", ws=null, uid=10067, pid=3469, packageName=com.android.mms
09-06 04:56:38.137  2165  2235 I ActivityManager: Start proc 7217:com.jrdcom.filemanager/u0a132 for broadcast com.jrdcom.filemanager/.receiver.FilesReceiver
09-06 04:56:38.172  2165  2176 D PowerManagerService: acquireWakeLockInternal: lock=115584599, flags=0x1, tag="*net_scheduler*", ws=WorkSource{10034 com.tmobile.pr.adapt}, uid=10040, pid=2954, packageName=com.google.android.gms
09-06 04:56:38.210  2165  3582 D PowerManagerService: releaseWakeLockInternal: lock=115584599 [*net_scheduler*], flags=0x0,packageName=com.google.android.gms, total_time=38ms
09-06 04:56:38.210  2165  6270 D AlarmManager: setImpl mPackage = com.google.android.gms, type = 2
09-06 04:56:38.210  2165  6270 V AlarmManager: APP set(PendingIntent{7a8ffae: PendingIntentRecord{b87d25f com.google.android.gms broadcastIntent}}) : type=3 triggerAtTime=764805 win=501471 tElapsed=764805 maxElapsed=1266276 interval=0 flags=0x0
09-06 04:56:38.213  2165  6270 D PowerManagerService: releaseWakeLockInternal: lock=258454700 [*gms_scheduler*:internal], flags=0x0,packageName=com.google.android.gms, total_time=152ms
09-06 04:56:38.257  2165  5863 D PowerManagerService: releaseWakeLockInternal: lock=201405819 [StartingAlertService], flags=0x0,packageName=com.android.mms, total_time=151ms
09-06 04:56:38.275  2165  6270 D AlarmManager: setImpl mPackage = com.google.android.gms, type = 2
09-06 04:56:38.275  2165  6270 V AlarmManager: APP set(PendingIntent{a17a0dc: PendingIntentRecord{b87d25f com.google.android.gms broadcastIntent}}) : type=3 triggerAtTime=125984 win=22307 tElapsed=125984 maxElapsed=148291 interval=0 flags=0x0
09-06 04:56:38.312  2165  5863 D PowerManagerService: acquireWakeLockInternal: lock=258454700, flags=0x1, tag="*gms_scheduler*:internal", ws=WorkSource{10040 com.google.android.gms}, uid=10040, pid=2954, packageName=com.google.android.gms
09-06 04:56:38.338  2165  6270 W ActivityManager: Background start not allowed: service Intent { act=com.google.firebase.INSTANCE_ID_EVENT pkg=com.jrdcom.filemanager cmp=com.jrdcom.filemanager/com.tcl.mibc.library.fcmwrapper.FirebaseInstanceIdServiceWrapper (has extras) } to com.jrdcom.filemanager/com.tcl.mibc.library.fcmwrapper.FirebaseInstanceIdServiceWrapper from pid=7217 uid=10132 pkg=com.jrdcom.filemanager
09-06 04:56:38.338  2165  6615 D AlarmManager: setImpl mPackage = com.google.android.gms, type = 2
09-06 04:56:38.339  2165  6615 V AlarmManager: APP set(PendingIntent{18968ba: PendingIntentRecord{b87d25f com.google.android.gms broadcastIntent}}) : type=3 triggerAtTime=125984 win=22260 tElapsed=125984 maxElapsed=148244 interval=0 flags=0x0
09-06 04:56:38.340  2165  6270 D PowerManagerService: releaseWakeLockInternal: lock=258454700 [*gms_scheduler*:internal], flags=0x0,packageName=com.google.android.gms, total_time=28ms
09-06 04:56:38.341  2165  6270 D PowerManagerService: acquireWakeLockInternal: lock=258454700, flags=0x1, tag="*gms_scheduler*:internal", ws=WorkSource{10040 com.google.android.gms}, uid=10040, pid=2954, packageName=com.google.android.gms
09-06 04:56:38.359  2165  6615 D AlarmManager: setImpl mPackage = com.google.android.gms, type = 2
09-06 04:56:38.359  2165  6615 V AlarmManager: APP set(PendingIntent{f46736b: PendingIntentRecord{b87d25f com.google.android.gms broadcastIntent}}) : type=3 triggerAtTime=125984 win=22244 tElapsed=125984 maxElapsed=148228 interval=0 flags=0x0
09-06 04:56:38.360  2165  5863 D PowerManagerService: releaseWakeLockInternal: lock=258454700 [*gms_scheduler*:internal], flags=0x0,packageName=com.google.android.gms, total_time=19ms
09-06 04:56:38.362  2165  6615 D PowerManagerService: acquireWakeLockInternal: lock=258454700, flags=0x1, tag="*gms_scheduler*:internal", ws=WorkSource{10040 com.google.android.gms}, uid=10040, pid=2954, packageName=com.google.android.gms
09-06 04:56:38.379  2165  3582 V AlarmManager: APP set(PendingIntent{7ebeec8: PendingIntentRecord{8e5cb61 com.jrdcom.filemanager broadcastIntent}}) : type=0 triggerAtTime=1599436598379 win=0 tElapsed=43296345 maxElapsed=43296345 interval=0 flags=0x1
09-06 04:56:38.415  2165  3582 D PowerManagerService: acquireWakeLockInternal: lock=265469085, flags=0x1, tag="*gms_scheduler*/com.google.android.gms/.stats.PlatformStatsCollectorService", ws=WorkSource{10040 com.google.android.gms}, uid=10040, pid=2954, packageName=com.google.android.gms
09-06 04:56:38.443  2165  6615 I ActivityManager: Start proc 7246:com.android.deskclock/1000 for broadcast com.android.deskclock/.AlarmInitReceiver
09-06 04:56:38.446  2165  2642 I ActivityManager: Killing 6562:com.metropcs.metrozone/u0a129 (adj 906): empty #13
09-06 04:56:38.469  2165  5863 D PowerManagerService: acquireWakeLockInternal: lock=10716569, flags=0x1, tag="*gms_scheduler*/com.google.android.gms/.stats.PlatformStatsCollectorService", ws=WorkSource{10040 com.google.android.gms}, uid=10040, pid=2954, packageName=com.google.android.gms
09-06 04:56:38.494  2165  2761 D AlarmManager: setImpl mPackage = com.google.android.gms, type = 2
09-06 04:56:38.494  2165  2761 V AlarmManager: APP set(PendingIntent{5aab05e: PendingIntentRecord{b87d25f com.google.android.gms broadcastIntent}}) : type=3 triggerAtTime=125984 win=22143 tElapsed=125984 maxElapsed=148127 interval=0 flags=0x0
09-06 04:56:38.500  2165  3582 D PowerManagerService: releaseWakeLockInternal: lock=258454700 [*gms_scheduler*:internal], flags=0x0,packageName=com.google.android.gms, total_time=138ms
09-06 04:56:38.585  2165  6615 V SettingsProvider: packageValueForCallResult, name = null, value : Bundle[{_track_generation=android.util.MemoryIntArray@5d, value=null, _generation_index=2, _generation=6}]
09-06 04:56:38.716  2165  2642 D PowerManagerService: releaseWakeLockInternal: lock=126212381 [Checkin Service], flags=0x0,packageName=com.google.android.gms, total_time=2291ms
09-06 04:56:38.717  2165  2176 D PowerManagerService: releaseWakeLockInternal: lock=243854836 [IntentOp:.checkin.CheckinIntentOperation], flags=0x0,packageName=com.google.android.gms, total_time=2302ms
09-06 04:56:38.719  2165  2176 D PowerManagerService: acquireWakeLockInternal: lock=139692327, flags=0x1, tag="AlarmAlertWakeLock", ws=null, uid=1000, pid=7246, packageName=com.android.deskclock
09-06 04:56:38.760  2165  2642 D PowerManagerService: releaseWakeLockInternal: lock=139692327 [AlarmAlertWakeLock], flags=0x0,packageName=com.android.deskclock, total_time=41ms
09-06 04:56:38.820  2165  6615 I ActivityManager: Start proc 7272:com.google.android.apps.maps/u0a119 for broadcast com.google.android.apps.maps/androidx.work.impl.background.systemalarm.RescheduleReceiver
09-06 04:56:38.824  2165  6615 I ActivityManager: Killing 6682:com.android.chrome:webview_service/u0a86 (adj 906): empty #13
09-06 04:56:38.925  2165  2642 D PowerManagerService: acquireWakeLockInternal: lock=146432978, flags=0x1, tag="IntentOp:.common.broadcast.BackgroundBroadcastReceiverSupport$PersistentReceiverIntentOperation", ws=WorkSource{10040 com.google.android.gms}, uid=10040, pid=2954, packageName=com.google.android.gms
09-06 04:56:38.941  2165  6763 D PowerManagerService: releaseWakeLockInternal: lock=146432978 [IntentOp:.common.broadcast.BackgroundBroadcastReceiverSupport$PersistentReceiverIntentOperation], flags=0x0,packageName=com.google.android.gms, total_time=16ms
09-06 04:56:38.951  2165  6763 D PowerManagerService: acquireWakeLockInternal: lock=121592736, flags=0x1, tag="IntentOp:.common.broadcast.BackgroundBroadcastReceiverSupport$PersistentReceiverIntentOperation", ws=WorkSource{10040 com.google.android.gms}, uid=10040, pid=2954, packageName=com.google.android.gms
09-06 04:56:38.962  2165  6763 D PowerManagerService: releaseWakeLockInternal: lock=121592736 [IntentOp:.common.broadcast.BackgroundBroadcastReceiverSupport$PersistentReceiverIntentOperation], flags=0x0,packageName=com.google.android.gms, total_time=11ms
09-06 04:56:39.174  2165  6763 D PowerManagerService: releaseWakeLockInternal: lock=10716569 [*gms_scheduler*/com.google.android.gms/.stats.PlatformStatsCollectorService], flags=0x0,packageName=com.google.android.gms, total_time=705ms
09-06 04:56:39.176  2165  2859 D PowerManagerService: acquireWakeLockInternal: lock=258454700, flags=0x1, tag="*gms_scheduler*:internal", ws=WorkSource{10040 com.google.android.gms}, uid=10040, pid=2954, packageName=com.google.android.gms
09-06 04:56:39.178  2165  2859 D PowerManagerService: releaseWakeLockInternal: lock=265469085 [*gms_scheduler*/com.google.android.gms/.stats.PlatformStatsCollectorService], flags=0x0,packageName=com.google.android.gms, total_time=762ms
09-06 04:56:39.282  2165  6763 D PowerManagerService: releaseWakeLockInternal: lock=258454700 [*gms_scheduler*:internal], flags=0x0,packageName=com.google.android.gms, total_time=106ms
09-06 04:56:39.283  2165  6763 D PowerManagerService: acquireWakeLockInternal: lock=258454700, flags=0x1, tag="*gms_scheduler*:internal", ws=WorkSource{10040 com.google.android.gms}, uid=10040, pid=2954, packageName=com.google.android.gms
09-06 04:56:39.325  2165  2372 D DataShapingService: [isDataShapingWhitelistApp] packageName: com.lookout
09-06 04:56:39.327  2165  2372 D DataShapingUtils: [isDataShapingWhitelistApp] packageName: com.lookout, mWhitelist: []
09-06 04:56:39.328  2165  2372 D DataShapingService: [isDataShapingWhitelistApp] packageName: com.google.android.gms
09-06 04:56:39.328  2165  2372 D DataShapingUtils: [isDataShapingWhitelistApp] packageName: com.google.android.gms, mWhitelist: []
09-06 04:56:39.328  2165  2372 D DataShapingService: [openLteDataUpLinkGate] isForce: false
09-06 04:56:39.328  2165  2372 D DataShapingService: Alarm manager openLteDataUpLinkGate: false
09-06 04:56:39.328  2165  2372 I DataShapingService: openLteGateSuccess = false
09-06 04:56:39.328  2165  2372 D AlarmManager: wakeup alarm = Alarm{9286c15 type 0 when 1599393399302 com.lookout}; package = com.lookout
09-06 04:56:39.329  2165  2372 W ActivityManager: Background start not allowed: service Intent { flg=0x4 cmp=com.lookout/.scheduler.SchedulerService (has extras) } to com.lookout/.scheduler.SchedulerService from pid=-1 uid=10128 pkg=com.lookout
09-06 04:56:39.329  2165  2372 V AlarmManager: sending alarm Alarm{9286c15 type 0 when 1599393399302 com.lookout} success
09-06 04:56:39.330  2165  2372 V AlarmManager: sending alarm Alarm{4629b2a type 3 when 89572 com.google.android.gms} success
09-06 04:56:39.348  2165  3582 D PowerManagerService: releaseWakeLockInternal: lock=258454700 [*gms_scheduler*:internal], flags=0x0,packageName=com.google.android.gms, total_time=65ms
09-06 04:56:39.742  2165  2176 I ActivityManager: Start proc 7317:com.google.android.apps.photos/u0a121 for broadcast com.google.android.apps.photos/androidx.work.impl.background.systemalarm.RescheduleReceiver
09-06 04:56:39.743  2165  2176 I ActivityManager: Killing 6807:com.tct.onetouchbooster:ui/1000 (adj 906): empty #13
09-06 04:56:40.231  2165  6763 V SettingsProvider: packageValueForCallResult, name = android_id, value : Bundle[{_track_generation=android.util.MemoryIntArray@5d, value=bdf6ed5aabefdc0c, _generation_index=1, _generation=1}]
09-06 04:56:40.253  2165  5863 I ActivityManager: Start proc 7340:com.google.android.calendar/u0a82 for broadcast com.google.android.calendar/com.android.calendar.widget.CalendarAppWidgetProvider
09-06 04:56:40.255  2165  5863 I ActivityManager: Killing 6841:com.tct.setupwizard/1000 (adj 906): empty #13
09-06 04:56:40.257  2165  5863 V SettingsProvider: packageValueForCallResult, name = android_id, value : Bundle[{_track_generation=android.util.MemoryIntArray@5d, value=f3b72abdd1384ad0, _generation_index=1, _generation=1}]
09-06 04:56:40.308  2165  2372 D DataShapingService: [openLteDataUpLinkGate] isForce: false
09-06 04:56:40.308  2165  2372 D DataShapingService: Alarm manager openLteDataUpLinkGate: false
09-06 04:56:40.308  2165  2372 I DataShapingService: openLteGateSuccess = false
09-06 04:56:40.308  2165  2372 D AlarmManager: wakeup alarm = Alarm{e4585e8 type 2 when 98273 android}; listener package = *job.deadline*
